<!doctype html public "-//w3c//dtd html 4.0 transitional//en">
<html><head>
<title>Static Call Graph - [.\exe\103V8_ceshi.axf]</title></head>
<body><HR>
<H1>Static Call Graph for image .\exe\103V8_ceshi.axf</H1><HR>
<BR><P>#&#060CALLGRAPH&#062# ARM Linker, 4.1 [Build 481]: Last Updated: Sun May 31 11:16:02 2015
<BR><P>
<H3>Maximum Stack Usage =        192 bytes + Unknown(Functions without stacksize, Cycles, Untraceable Function Pointers)</H3><H3>
Call chain for Maximum Stack Depth:</H3>
__rt_entry_main &rArr; main &rArr; OSInit &rArr; OS_InitTaskIdle &rArr; OSTaskCreateExt &rArr; OS_TCBInit &rArr; OSTCBInitHook
<P>
<H3>
Functions with no stack information
</H3><UL>
 <LI><a href="#[8e]">OS_CPU_SR_Save</a>
 <LI><a href="#[90]">OS_CPU_SR_Restore</a>
 <LI><a href="#[19e]">OSStartHighRdy</a>
 <LI><a href="#[186]">OSCtxSw</a>
 <LI><a href="#[19b]">OSIntCtxSw</a>
 <LI><a href="#[a]">OS_CPU_PendSVHandler</a>
 <LI><a href="#[200]">__user_initial_stackheap</a>
</UL>
</UL>
<P>
<H3>
Mutually Recursive functions
</H3> <LI><a href="#[1e]">ADC1_2_IRQHandler</a>&nbsp;&nbsp;&nbsp;&rArr;&nbsp;&nbsp;&nbsp;<a href="#[1e]">ADC1_2_IRQHandler</a><BR>
</UL>
<P>
<H3>
Function Pointers
</H3><UL>
 <LI><a href="#[2]">Reset_Handler</a> from startup_stm32f10x_md_os.o(.text) referenced from startup_stm32f10x_md_os.o(RESET)
 <LI><a href="#[3]">NMI_Handler</a> from stm32f10x_it.o(.text) referenced from startup_stm32f10x_md_os.o(RESET)
 <LI><a href="#[4]">HardFault_Handler</a> from stm32f10x_it.o(.text) referenced from startup_stm32f10x_md_os.o(RESET)
 <LI><a href="#[5]">MemManage_Handler</a> from stm32f10x_it.o(.text) referenced from startup_stm32f10x_md_os.o(RESET)
 <LI><a href="#[6]">BusFault_Handler</a> from stm32f10x_it.o(.text) referenced from startup_stm32f10x_md_os.o(RESET)
 <LI><a href="#[7]">UsageFault_Handler</a> from stm32f10x_it.o(.text) referenced from startup_stm32f10x_md_os.o(RESET)
 <LI><a href="#[8]">SVC_Handler</a> from stm32f10x_it.o(.text) referenced from startup_stm32f10x_md_os.o(RESET)
 <LI><a href="#[9]">DebugMon_Handler</a> from stm32f10x_it.o(.text) referenced from startup_stm32f10x_md_os.o(RESET)
 <LI><a href="#[a]">OS_CPU_PendSVHandler</a> from os_cpu_a.o(.text) referenced from startup_stm32f10x_md_os.o(RESET)
 <LI><a href="#[b]">OS_CPU_SysTickHandler</a> from os_cpu_c.o(.text) referenced from startup_stm32f10x_md_os.o(RESET)
 <LI><a href="#[c]">WWDG_IRQHandler</a> from startup_stm32f10x_md_os.o(.text) referenced from startup_stm32f10x_md_os.o(RESET)
 <LI><a href="#[d]">PVD_IRQHandler</a> from startup_stm32f10x_md_os.o(.text) referenced from startup_stm32f10x_md_os.o(RESET)
 <LI><a href="#[e]">TAMPER_IRQHandler</a> from startup_stm32f10x_md_os.o(.text) referenced from startup_stm32f10x_md_os.o(RESET)
 <LI><a href="#[f]">RTC_IRQHandler</a> from startup_stm32f10x_md_os.o(.text) referenced from startup_stm32f10x_md_os.o(RESET)
 <LI><a href="#[10]">FLASH_IRQHandler</a> from startup_stm32f10x_md_os.o(.text) referenced from startup_stm32f10x_md_os.o(RESET)
 <LI><a href="#[11]">RCC_IRQHandler</a> from startup_stm32f10x_md_os.o(.text) referenced from startup_stm32f10x_md_os.o(RESET)
 <LI><a href="#[12]">EXTI0_IRQHandler</a> from startup_stm32f10x_md_os.o(.text) referenced from startup_stm32f10x_md_os.o(RESET)
 <LI><a href="#[13]">EXTI1_IRQHandler</a> from startup_stm32f10x_md_os.o(.text) referenced from startup_stm32f10x_md_os.o(RESET)
 <LI><a href="#[14]">EXTI2_IRQHandler</a> from startup_stm32f10x_md_os.o(.text) referenced from startup_stm32f10x_md_os.o(RESET)
 <LI><a href="#[15]">EXTI3_IRQHandler</a> from startup_stm32f10x_md_os.o(.text) referenced from startup_stm32f10x_md_os.o(RESET)
 <LI><a href="#[16]">EXTI4_IRQHandler</a> from startup_stm32f10x_md_os.o(.text) referenced from startup_stm32f10x_md_os.o(RESET)
 <LI><a href="#[17]">DMA1_Channel1_IRQHandler</a> from startup_stm32f10x_md_os.o(.text) referenced from startup_stm32f10x_md_os.o(RESET)
 <LI><a href="#[18]">DMA1_Channel2_IRQHandler</a> from startup_stm32f10x_md_os.o(.text) referenced from startup_stm32f10x_md_os.o(RESET)
 <LI><a href="#[19]">DMA1_Channel3_IRQHandler</a> from startup_stm32f10x_md_os.o(.text) referenced from startup_stm32f10x_md_os.o(RESET)
 <LI><a href="#[1a]">DMA1_Channel4_IRQHandler</a> from startup_stm32f10x_md_os.o(.text) referenced from startup_stm32f10x_md_os.o(RESET)
 <LI><a href="#[1b]">DMA1_Channel5_IRQHandler</a> from startup_stm32f10x_md_os.o(.text) referenced from startup_stm32f10x_md_os.o(RESET)
 <LI><a href="#[1c]">DMA1_Channel6_IRQHandler</a> from startup_stm32f10x_md_os.o(.text) referenced from startup_stm32f10x_md_os.o(RESET)
 <LI><a href="#[1d]">DMA1_Channel7_IRQHandler</a> from startup_stm32f10x_md_os.o(.text) referenced from startup_stm32f10x_md_os.o(RESET)
 <LI><a href="#[1e]">ADC1_2_IRQHandler</a> from startup_stm32f10x_md_os.o(.text) referenced from startup_stm32f10x_md_os.o(RESET)
 <LI><a href="#[1f]">USB_HP_CAN1_TX_IRQHandler</a> from startup_stm32f10x_md_os.o(.text) referenced from startup_stm32f10x_md_os.o(RESET)
 <LI><a href="#[20]">USB_LP_CAN1_RX0_IRQHandler</a> from startup_stm32f10x_md_os.o(.text) referenced from startup_stm32f10x_md_os.o(RESET)
 <LI><a href="#[21]">CAN1_RX1_IRQHandler</a> from startup_stm32f10x_md_os.o(.text) referenced from startup_stm32f10x_md_os.o(RESET)
 <LI><a href="#[22]">CAN1_SCE_IRQHandler</a> from startup_stm32f10x_md_os.o(.text) referenced from startup_stm32f10x_md_os.o(RESET)
 <LI><a href="#[23]">EXTI9_5_IRQHandler</a> from startup_stm32f10x_md_os.o(.text) referenced from startup_stm32f10x_md_os.o(RESET)
 <LI><a href="#[24]">TIM1_BRK_IRQHandler</a> from startup_stm32f10x_md_os.o(.text) referenced from startup_stm32f10x_md_os.o(RESET)
 <LI><a href="#[25]">TIM1_UP_IRQHandler</a> from startup_stm32f10x_md_os.o(.text) referenced from startup_stm32f10x_md_os.o(RESET)
 <LI><a href="#[26]">TIM1_TRG_COM_IRQHandler</a> from startup_stm32f10x_md_os.o(.text) referenced from startup_stm32f10x_md_os.o(RESET)
 <LI><a href="#[27]">TIM1_CC_IRQHandler</a> from stm32f10x_it.o(.text) referenced from startup_stm32f10x_md_os.o(RESET)
 <LI><a href="#[28]">TIM2_IRQHandler</a> from startup_stm32f10x_md_os.o(.text) referenced from startup_stm32f10x_md_os.o(RESET)
 <LI><a href="#[29]">TIM3_IRQHandler</a> from startup_stm32f10x_md_os.o(.text) referenced from startup_stm32f10x_md_os.o(RESET)
 <LI><a href="#[2a]">TIM4_IRQHandler</a> from startup_stm32f10x_md_os.o(.text) referenced from startup_stm32f10x_md_os.o(RESET)
 <LI><a href="#[2b]">I2C1_EV_IRQHandler</a> from startup_stm32f10x_md_os.o(.text) referenced from startup_stm32f10x_md_os.o(RESET)
 <LI><a href="#[2c]">I2C1_ER_IRQHandler</a> from startup_stm32f10x_md_os.o(.text) referenced from startup_stm32f10x_md_os.o(RESET)
 <LI><a href="#[2d]">I2C2_EV_IRQHandler</a> from startup_stm32f10x_md_os.o(.text) referenced from startup_stm32f10x_md_os.o(RESET)
 <LI><a href="#[2e]">I2C2_ER_IRQHandler</a> from startup_stm32f10x_md_os.o(.text) referenced from startup_stm32f10x_md_os.o(RESET)
 <LI><a href="#[2f]">SPI1_IRQHandler</a> from startup_stm32f10x_md_os.o(.text) referenced from startup_stm32f10x_md_os.o(RESET)
 <LI><a href="#[30]">SPI2_IRQHandler</a> from startup_stm32f10x_md_os.o(.text) referenced from startup_stm32f10x_md_os.o(RESET)
 <LI><a href="#[31]">USART1_IRQHandler</a> from stm32f10x_it.o(.text) referenced from startup_stm32f10x_md_os.o(RESET)
 <LI><a href="#[32]">USART2_IRQHandler</a> from startup_stm32f10x_md_os.o(.text) referenced from startup_stm32f10x_md_os.o(RESET)
 <LI><a href="#[33]">USART3_IRQHandler</a> from startup_stm32f10x_md_os.o(.text) referenced from startup_stm32f10x_md_os.o(RESET)
 <LI><a href="#[34]">EXTI15_10_IRQHandler</a> from startup_stm32f10x_md_os.o(.text) referenced from startup_stm32f10x_md_os.o(RESET)
 <LI><a href="#[35]">RTCAlarm_IRQHandler</a> from startup_stm32f10x_md_os.o(.text) referenced from startup_stm32f10x_md_os.o(RESET)
 <LI><a href="#[36]">USBWakeUp_IRQHandler</a> from startup_stm32f10x_md_os.o(.text) referenced from startup_stm32f10x_md_os.o(RESET)
 <LI><a href="#[37]">App_TaskUserIF</a> from app.o(.text) referenced from app.o(.text)
 <LI><a href="#[38]">App_TaskStart</a> from app.o(.text) referenced from app.o(.text)
 <LI><a href="#[39]">MOTO_TaskHghCutNoth</a> from moto.o(.text) referenced from moto.o(.text)
 <LI><a href="#[3a]">MOTO_TaskCutOdd</a> from moto.o(.text) referenced from moto.o(.text)
 <LI><a href="#[3b]">MOTO_TaskCutEven</a> from moto.o(.text) referenced from moto.o(.text)
 <LI><a href="#[3c]">IN_TaskScan</a> from in.o(.text) referenced from in.o(.text)
 <LI><a href="#[3d]">COM_CmdDoNothing</a> from com.o(.text) referenced from com.o(.text)
 <LI><a href="#[3e]">HDLED_TaskSparkling</a> from hdled.o(.text) referenced from hdled.o(.text)
 <LI><a href="#[3f]">OSTaskSwHook</a> from os_cpu_c.o(.text) referenced from os_cpu_a.o(.text)
 <LI><a href="#[5e]">__main</a> from __main.o(!!!main) referenced from startup_stm32f10x_md_os.o(.text)
 <LI><a href="#[3d]">COM_CmdDoNothing</a> from com.o(.text) referenced 226 times from com.o(.constdata)
 <LI><a href="#[41]">COM_9511SetSol</a> from com.o(.text) referenced from com.o(.constdata)
 <LI><a href="#[42]">COM_Tangkong_HighTo0</a> from com.o(.text) referenced from com.o(.constdata)
 <LI><a href="#[43]">COM_Tangkong_HighTo1</a> from com.o(.text) referenced from com.o(.constdata)
 <LI><a href="#[44]">COM_Tangkong_HighTo2</a> from com.o(.text) referenced from com.o(.constdata)
 <LI><a href="#[45]">COM_Tangkong_HighTo3</a> from com.o(.text) referenced from com.o(.constdata)
 <LI><a href="#[46]">COM_Tangkong_HighTo4</a> from com.o(.text) referenced from com.o(.constdata)
 <LI><a href="#[47]">COM_Tangkong_HighTo5</a> from com.o(.text) referenced from com.o(.constdata)
 <LI><a href="#[48]">COM_Tangkong_HighTo6</a> from com.o(.text) referenced from com.o(.constdata)
 <LI><a href="#[49]">COM_Tangkong_HighTo7</a> from com.o(.text) referenced from com.o(.constdata)
 <LI><a href="#[4a]">COM_Tangkong_HighTo8</a> from com.o(.text) referenced from com.o(.constdata)
 <LI><a href="#[4b]">COM_Tangkong_HighTo9</a> from com.o(.text) referenced from com.o(.constdata)
 <LI><a href="#[4c]">COM_Tangkong_HighTo10</a> from com.o(.text) referenced from com.o(.constdata)
 <LI><a href="#[4d]">COM_Tangkong_SinglDir</a> from com.o(.text) referenced from com.o(.constdata)
 <LI><a href="#[4e]">COM_Tangkong_DoublDir</a> from com.o(.text) referenced from com.o(.constdata)
 <LI><a href="#[4f]">COM_Tangkong_Position</a> from com.o(.text) referenced from com.o(.constdata)
 <LI><a href="#[50]">COM_Tangkong_Sta</a> from com.o(.text) referenced from com.o(.constdata)
 <LI><a href="#[51]">COM_9511FaultOff</a> from com.o(.text) referenced 2 times from com.o(.constdata)
 <LI><a href="#[52]">COM_HeadSpeed</a> from com.o(.text) referenced from com.o(.constdata)
 <LI><a href="#[53]">COM_9511SetRedOdd</a> from com.o(.text) referenced from com.o(.constdata)
 <LI><a href="#[54]">COM_9511SetGreOdd</a> from com.o(.text) referenced from com.o(.constdata)
 <LI><a href="#[55]">COM_9511SetOraOdd</a> from com.o(.text) referenced from com.o(.constdata)
 <LI><a href="#[56]">COM_9511TestEnter</a> from com.o(.text) referenced from com.o(.constdata)
 <LI><a href="#[57]">COM_9511TestExit</a> from com.o(.text) referenced from com.o(.constdata)
 <LI><a href="#[58]">COM_9511SetRedEven</a> from com.o(.text) referenced from com.o(.constdata)
 <LI><a href="#[59]">COM_9511SetGreEven</a> from com.o(.text) referenced from com.o(.constdata)
 <LI><a href="#[5a]">COM_9511SetOraEven</a> from com.o(.text) referenced from com.o(.constdata)
 <LI><a href="#[5b]">COM_9511SetGreALL</a> from com.o(.text) referenced from com.o(.constdata)
 <LI><a href="#[5c]">COM_9511PatchExit</a> from com.o(.text) referenced from com.o(.constdata)
 <LI><a href="#[5d]">COM_9511PatchEnter</a> from com.o(.text) referenced from com.o(.constdata)
 <LI><a href="#[18b]">OS_TaskStat</a> from os_core.o(.text) referenced from os_core.o(.text)
 <LI><a href="#[18e]">OS_TaskIdle</a> from os_core.o(.text) referenced from os_core.o(.text)
</UL>
<P>
<H3>
Global Symbols
</H3>
<P><STRONG><a name="[5e]"></a>__main</STRONG> (Thumb, 8 bytes, Stack size 0 bytes, __main.o(!!!main))
<BR><BR>[Calls]<UL><LI><a href="#[5f]">&gt;&gt;</a>&nbsp;&nbsp;&nbsp;__scatterload
<LI><a href="#[60]">&gt;&gt;</a>&nbsp;&nbsp;&nbsp;__rt_entry
</UL>

<P><STRONG><a name="[5f]"></a>__scatterload</STRONG> (Thumb, 0 bytes, Stack size unknown bytes, __scatter.o(!!!scatter))
<BR><BR>[Called By]<UL><LI><a href="#[5e]">&gt;&gt;</a>&nbsp;&nbsp;&nbsp;__main
</UL>

<P><STRONG><a name="[61]"></a>__scatterload_rt2</STRONG> (Thumb, 44 bytes, Stack size unknown bytes, __scatter.o(!!!scatter), UNUSED)
<BR><BR>[Calls]<UL><LI><a href="#[60]">&gt;&gt;</a>&nbsp;&nbsp;&nbsp;__rt_entry
</UL>

<P><STRONG><a name="[203]"></a>__scatterload_rt2_thumb_only</STRONG> (Thumb, 0 bytes, Stack size unknown bytes, __scatter.o(!!!scatter), UNUSED)

<P><STRONG><a name="[204]"></a>__scatterload_null</STRONG> (Thumb, 0 bytes, Stack size unknown bytes, __scatter.o(!!!scatter), UNUSED)

<P><STRONG><a name="[205]"></a>__decompress</STRONG> (Thumb, 90 bytes, Stack size unknown bytes, __dczerorl2.o(!!dczerorl2), UNUSED)

<P><STRONG><a name="[206]"></a>__decompress1</STRONG> (Thumb, 0 bytes, Stack size unknown bytes, __dczerorl2.o(!!dczerorl2), UNUSED)

<P><STRONG><a name="[207]"></a>__scatterload_zeroinit</STRONG> (Thumb, 28 bytes, Stack size unknown bytes, __scatter_zi.o(!!handler_zi), UNUSED)

<P><STRONG><a name="[62]"></a>__rt_lib_init</STRONG> (Thumb, 0 bytes, Stack size unknown bytes, libinit.o(.ARM.Collect$$libinit$$00000000))
<BR><BR>[Stack]<UL><LI>Max Depth = 8 + Unknown Stack Size
<LI>Call Chain = __rt_lib_init &rArr; _fp_init
</UL>
<BR>[Calls]<UL><LI><a href="#[63]">&gt;&gt;</a>&nbsp;&nbsp;&nbsp;_fp_init
</UL>
<BR>[Called By]<UL><LI><a href="#[66]">&gt;&gt;</a>&nbsp;&nbsp;&nbsp;__rt_entry_li
</UL>

<P><STRONG><a name="[208]"></a>__rt_lib_init_alloca_1</STRONG> (Thumb, 0 bytes, Stack size unknown bytes, libinit2.o(.ARM.Collect$$libinit$$0000002A))

<P><STRONG><a name="[209]"></a>__rt_lib_init_argv_1</STRONG> (Thumb, 0 bytes, Stack size unknown bytes, libinit2.o(.ARM.Collect$$libinit$$00000028))

<P><STRONG><a name="[20a]"></a>__rt_lib_init_atexit_1</STRONG> (Thumb, 0 bytes, Stack size unknown bytes, libinit2.o(.ARM.Collect$$libinit$$00000017))

<P><STRONG><a name="[20b]"></a>__rt_lib_init_clock_1</STRONG> (Thumb, 0 bytes, Stack size unknown bytes, libinit2.o(.ARM.Collect$$libinit$$0000001D))

<P><STRONG><a name="[20c]"></a>__rt_lib_init_cpp_1</STRONG> (Thumb, 0 bytes, Stack size unknown bytes, libinit2.o(.ARM.Collect$$libinit$$0000002E))

<P><STRONG><a name="[20d]"></a>__rt_lib_init_exceptions_1</STRONG> (Thumb, 0 bytes, Stack size unknown bytes, libinit2.o(.ARM.Collect$$libinit$$0000002C))

<P><STRONG><a name="[20e]"></a>__rt_lib_init_fp_trap_1</STRONG> (Thumb, 0 bytes, Stack size unknown bytes, libinit2.o(.ARM.Collect$$libinit$$0000001B))

<P><STRONG><a name="[20f]"></a>__rt_lib_init_getenv_1</STRONG> (Thumb, 0 bytes, Stack size unknown bytes, libinit2.o(.ARM.Collect$$libinit$$0000001F))

<P><STRONG><a name="[210]"></a>__rt_lib_init_heap_1</STRONG> (Thumb, 0 bytes, Stack size unknown bytes, libinit2.o(.ARM.Collect$$libinit$$00000006))

<P><STRONG><a name="[211]"></a>__rt_lib_init_lc_collate_1</STRONG> (Thumb, 0 bytes, Stack size unknown bytes, libinit2.o(.ARM.Collect$$libinit$$0000000D))

<P><STRONG><a name="[212]"></a>__rt_lib_init_lc_ctype_1</STRONG> (Thumb, 0 bytes, Stack size unknown bytes, libinit2.o(.ARM.Collect$$libinit$$0000000F))

<P><STRONG><a name="[213]"></a>__rt_lib_init_lc_monetary_1</STRONG> (Thumb, 0 bytes, Stack size unknown bytes, libinit2.o(.ARM.Collect$$libinit$$00000011))

<P><STRONG><a name="[214]"></a>__rt_lib_init_lc_numeric_1</STRONG> (Thumb, 0 bytes, Stack size unknown bytes, libinit2.o(.ARM.Collect$$libinit$$00000013))

<P><STRONG><a name="[215]"></a>__rt_lib_init_lc_time_1</STRONG> (Thumb, 0 bytes, Stack size unknown bytes, libinit2.o(.ARM.Collect$$libinit$$00000015))

<P><STRONG><a name="[216]"></a>__rt_lib_init_rand_1</STRONG> (Thumb, 0 bytes, Stack size unknown bytes, libinit2.o(.ARM.Collect$$libinit$$0000000A))

<P><STRONG><a name="[217]"></a>__rt_lib_init_return</STRONG> (Thumb, 0 bytes, Stack size unknown bytes, libinit2.o(.ARM.Collect$$libinit$$0000002F))

<P><STRONG><a name="[218]"></a>__rt_lib_init_signal_1</STRONG> (Thumb, 0 bytes, Stack size unknown bytes, libinit2.o(.ARM.Collect$$libinit$$00000019))

<P><STRONG><a name="[219]"></a>__rt_lib_init_stdio_1</STRONG> (Thumb, 0 bytes, Stack size unknown bytes, libinit2.o(.ARM.Collect$$libinit$$00000021))

<P><STRONG><a name="[21a]"></a>__rt_lib_init_user_alloc_1</STRONG> (Thumb, 0 bytes, Stack size unknown bytes, libinit2.o(.ARM.Collect$$libinit$$00000008))

<P><STRONG><a name="[6b]"></a>__rt_lib_shutdown</STRONG> (Thumb, 0 bytes, Stack size unknown bytes, libshutdown.o(.ARM.Collect$$libshutdown$$00000000))
<BR><BR>[Called By]<UL><LI><a href="#[6a]">&gt;&gt;</a>&nbsp;&nbsp;&nbsp;__rt_exit_ls
</UL>

<P><STRONG><a name="[21b]"></a>__rt_lib_shutdown_fp_trap_1</STRONG> (Thumb, 0 bytes, Stack size unknown bytes, libshutdown2.o(.ARM.Collect$$libshutdown$$00000006))

<P><STRONG><a name="[21c]"></a>__rt_lib_shutdown_heap_1</STRONG> (Thumb, 0 bytes, Stack size unknown bytes, libshutdown2.o(.ARM.Collect$$libshutdown$$0000000E))

<P><STRONG><a name="[21d]"></a>__rt_lib_shutdown_return</STRONG> (Thumb, 0 bytes, Stack size unknown bytes, libshutdown2.o(.ARM.Collect$$libshutdown$$0000000F))

<P><STRONG><a name="[21e]"></a>__rt_lib_shutdown_signal_1</STRONG> (Thumb, 0 bytes, Stack size unknown bytes, libshutdown2.o(.ARM.Collect$$libshutdown$$00000009))

<P><STRONG><a name="[21f]"></a>__rt_lib_shutdown_stdio_1</STRONG> (Thumb, 0 bytes, Stack size unknown bytes, libshutdown2.o(.ARM.Collect$$libshutdown$$00000003))

<P><STRONG><a name="[220]"></a>__rt_lib_shutdown_user_alloc_1</STRONG> (Thumb, 0 bytes, Stack size unknown bytes, libshutdown2.o(.ARM.Collect$$libshutdown$$0000000B))

<P><STRONG><a name="[60]"></a>__rt_entry</STRONG> (Thumb, 0 bytes, Stack size unknown bytes, rtentry.o(.ARM.Collect$$rtentry$$00000000))
<BR><BR>[Called By]<UL><LI><a href="#[61]">&gt;&gt;</a>&nbsp;&nbsp;&nbsp;__scatterload_rt2
<LI><a href="#[5e]">&gt;&gt;</a>&nbsp;&nbsp;&nbsp;__main
</UL>

<P><STRONG><a name="[221]"></a>__rt_entry_presh_1</STRONG> (Thumb, 0 bytes, Stack size unknown bytes, rtentry2.o(.ARM.Collect$$rtentry$$00000002))

<P><STRONG><a name="[64]"></a>__rt_entry_sh</STRONG> (Thumb, 0 bytes, Stack size unknown bytes, rtentry4.o(.ARM.Collect$$rtentry$$00000004))
<BR><BR>[Stack]<UL><LI>Max Depth = 8 + Unknown Stack Size
<LI>Call Chain = __rt_entry_sh &rArr; __user_setup_stackheap
</UL>
<BR>[Calls]<UL><LI><a href="#[65]">&gt;&gt;</a>&nbsp;&nbsp;&nbsp;__user_setup_stackheap
</UL>

<P><STRONG><a name="[66]"></a>__rt_entry_li</STRONG> (Thumb, 0 bytes, Stack size unknown bytes, rtentry2.o(.ARM.Collect$$rtentry$$0000000A))
<BR><BR>[Stack]<UL><LI>Max Depth = 8 + Unknown Stack Size
<LI>Call Chain = __rt_entry_li &rArr; __rt_lib_init &rArr; _fp_init
</UL>
<BR>[Calls]<UL><LI><a href="#[62]">&gt;&gt;</a>&nbsp;&nbsp;&nbsp;__rt_lib_init
</UL>

<P><STRONG><a name="[222]"></a>__rt_entry_postsh_1</STRONG> (Thumb, 0 bytes, Stack size unknown bytes, rtentry2.o(.ARM.Collect$$rtentry$$00000009))

<P><STRONG><a name="[67]"></a>__rt_entry_main</STRONG> (Thumb, 0 bytes, Stack size unknown bytes, rtentry2.o(.ARM.Collect$$rtentry$$0000000D))
<BR><BR>[Stack]<UL><LI>Max Depth = 192 + Unknown Stack Size
<LI>Call Chain = __rt_entry_main &rArr; main &rArr; OSInit &rArr; OS_InitTaskIdle &rArr; OSTaskCreateExt &rArr; OS_TCBInit &rArr; OSTCBInitHook
</UL>
<BR>[Calls]<UL><LI><a href="#[68]">&gt;&gt;</a>&nbsp;&nbsp;&nbsp;main
<LI><a href="#[69]">&gt;&gt;</a>&nbsp;&nbsp;&nbsp;exit
</UL>

<P><STRONG><a name="[223]"></a>__rt_entry_postli_1</STRONG> (Thumb, 0 bytes, Stack size unknown bytes, rtentry2.o(.ARM.Collect$$rtentry$$0000000C))

<P><STRONG><a name="[201]"></a>__rt_exit</STRONG> (Thumb, 0 bytes, Stack size unknown bytes, rtexit.o(.ARM.Collect$$rtexit$$00000000))
<BR><BR>[Called By]<UL><LI><a href="#[69]">&gt;&gt;</a>&nbsp;&nbsp;&nbsp;exit
</UL>

<P><STRONG><a name="[6a]"></a>__rt_exit_ls</STRONG> (Thumb, 0 bytes, Stack size unknown bytes, rtexit2.o(.ARM.Collect$$rtexit$$00000003))
<BR><BR>[Calls]<UL><LI><a href="#[6b]">&gt;&gt;</a>&nbsp;&nbsp;&nbsp;__rt_lib_shutdown
</UL>

<P><STRONG><a name="[224]"></a>__rt_exit_prels_1</STRONG> (Thumb, 0 bytes, Stack size unknown bytes, rtexit2.o(.ARM.Collect$$rtexit$$00000002))

<P><STRONG><a name="[6c]"></a>__rt_exit_exit</STRONG> (Thumb, 0 bytes, Stack size unknown bytes, rtexit2.o(.ARM.Collect$$rtexit$$00000004))
<BR><BR>[Calls]<UL><LI><a href="#[6d]">&gt;&gt;</a>&nbsp;&nbsp;&nbsp;_sys_exit
</UL>

<P><STRONG><a name="[68]"></a>main</STRONG> (Thumb, 64 bytes, Stack size 32 bytes, app.o(.text))
<BR><BR>[Stack]<UL><LI>Max Depth = 192 + Unknown Stack Size
<LI>Call Chain = main &rArr; OSInit &rArr; OS_InitTaskIdle &rArr; OSTaskCreateExt &rArr; OS_TCBInit &rArr; OSTCBInitHook
</UL>
<BR>[Calls]<UL><LI><a href="#[8a]">&gt;&gt;</a>&nbsp;&nbsp;&nbsp;SystemInit
<LI><a href="#[75]">&gt;&gt;</a>&nbsp;&nbsp;&nbsp;OSTaskNameSet
<LI><a href="#[74]">&gt;&gt;</a>&nbsp;&nbsp;&nbsp;OSTaskCreateExt
<LI><a href="#[8c]">&gt;&gt;</a>&nbsp;&nbsp;&nbsp;OSStart
<LI><a href="#[8b]">&gt;&gt;</a>&nbsp;&nbsp;&nbsp;OSInit
</UL>
<BR>[Called By]<UL><LI><a href="#[67]">&gt;&gt;</a>&nbsp;&nbsp;&nbsp;__rt_entry_main
</UL>

<P><STRONG><a name="[174]"></a>App_TaskCreateHook</STRONG> (Thumb, 2 bytes, Stack size 0 bytes, app.o(.text))
<BR><BR>[Called By]<UL><LI><a href="#[173]">&gt;&gt;</a>&nbsp;&nbsp;&nbsp;OSTaskCreateHook
</UL>

<P><STRONG><a name="[176]"></a>App_TaskDelHook</STRONG> (Thumb, 2 bytes, Stack size 0 bytes, app.o(.text), UNUSED)
<BR><BR>[Called By]<UL><LI><a href="#[175]">&gt;&gt;</a>&nbsp;&nbsp;&nbsp;OSTaskDelHook
</UL>

<P><STRONG><a name="[178]"></a>App_TaskIdleHook</STRONG> (Thumb, 2 bytes, Stack size 0 bytes, app.o(.text))
<BR><BR>[Called By]<UL><LI><a href="#[177]">&gt;&gt;</a>&nbsp;&nbsp;&nbsp;OSTaskIdleHook
</UL>

<P><STRONG><a name="[17a]"></a>App_TaskStatHook</STRONG> (Thumb, 2 bytes, Stack size 0 bytes, app.o(.text))
<BR><BR>[Called By]<UL><LI><a href="#[179]">&gt;&gt;</a>&nbsp;&nbsp;&nbsp;OSTaskStatHook
</UL>

<P><STRONG><a name="[17b]"></a>App_TaskSwHook</STRONG> (Thumb, 2 bytes, Stack size 0 bytes, app.o(.text))
<BR><BR>[Called By]<UL><LI><a href="#[3f]">&gt;&gt;</a>&nbsp;&nbsp;&nbsp;OSTaskSwHook
</UL>

<P><STRONG><a name="[17d]"></a>App_TCBInitHook</STRONG> (Thumb, 2 bytes, Stack size 0 bytes, app.o(.text))
<BR><BR>[Called By]<UL><LI><a href="#[17c]">&gt;&gt;</a>&nbsp;&nbsp;&nbsp;OSTCBInitHook
</UL>

<P><STRONG><a name="[8d]"></a>App_TimeTickHook</STRONG> (Thumb, 44 bytes, Stack size 8 bytes, app.o(.text))
<BR><BR>[Stack]<UL><LI>Max Depth = 56 + Unknown Stack Size
<LI>Call Chain = App_TimeTickHook &rArr; BSP_SOL_TmrProc &rArr; BSP_SOL_Set &rArr; IO_OutSet
</UL>
<BR>[Calls]<UL><LI><a href="#[8e]">&gt;&gt;</a>&nbsp;&nbsp;&nbsp;OS_CPU_SR_Save
<LI><a href="#[90]">&gt;&gt;</a>&nbsp;&nbsp;&nbsp;OS_CPU_SR_Restore
<LI><a href="#[8f]">&gt;&gt;</a>&nbsp;&nbsp;&nbsp;BSP_SOL_TmrProc
</UL>
<BR>[Called By]<UL><LI><a href="#[17e]">&gt;&gt;</a>&nbsp;&nbsp;&nbsp;OSTimeTickHook
</UL>

<P><STRONG><a name="[3]"></a>NMI_Handler</STRONG> (Thumb, 10 bytes, Stack size 0 bytes, stm32f10x_it.o(.text))
<BR><BR>[Stack]<UL><LI>Max Depth = 56<LI>Call Chain = NMI_Handler &rArr; DispErrNo &rArr; BSP_LED_Set &rArr; IO_OutSet
</UL>
<BR>[Calls]<UL><LI><a href="#[91]">&gt;&gt;</a>&nbsp;&nbsp;&nbsp;DispErrNo
</UL>
<BR>[Address Reference Count : 1]<UL><LI> startup_stm32f10x_md_os.o(RESET)
</UL>
<P><STRONG><a name="[4]"></a>HardFault_Handler</STRONG> (Thumb, 10 bytes, Stack size 0 bytes, stm32f10x_it.o(.text))
<BR><BR>[Stack]<UL><LI>Max Depth = 56<LI>Call Chain = HardFault_Handler &rArr; DispErrNo &rArr; BSP_LED_Set &rArr; IO_OutSet
</UL>
<BR>[Calls]<UL><LI><a href="#[91]">&gt;&gt;</a>&nbsp;&nbsp;&nbsp;DispErrNo
</UL>
<BR>[Address Reference Count : 1]<UL><LI> startup_stm32f10x_md_os.o(RESET)
</UL>
<P><STRONG><a name="[5]"></a>MemManage_Handler</STRONG> (Thumb, 10 bytes, Stack size 0 bytes, stm32f10x_it.o(.text))
<BR><BR>[Stack]<UL><LI>Max Depth = 56<LI>Call Chain = MemManage_Handler &rArr; DispErrNo &rArr; BSP_LED_Set &rArr; IO_OutSet
</UL>
<BR>[Calls]<UL><LI><a href="#[91]">&gt;&gt;</a>&nbsp;&nbsp;&nbsp;DispErrNo
</UL>
<BR>[Address Reference Count : 1]<UL><LI> startup_stm32f10x_md_os.o(RESET)
</UL>
<P><STRONG><a name="[6]"></a>BusFault_Handler</STRONG> (Thumb, 10 bytes, Stack size 0 bytes, stm32f10x_it.o(.text))
<BR><BR>[Stack]<UL><LI>Max Depth = 56<LI>Call Chain = BusFault_Handler &rArr; DispErrNo &rArr; BSP_LED_Set &rArr; IO_OutSet
</UL>
<BR>[Calls]<UL><LI><a href="#[91]">&gt;&gt;</a>&nbsp;&nbsp;&nbsp;DispErrNo
</UL>
<BR>[Address Reference Count : 1]<UL><LI> startup_stm32f10x_md_os.o(RESET)
</UL>
<P><STRONG><a name="[7]"></a>UsageFault_Handler</STRONG> (Thumb, 10 bytes, Stack size 0 bytes, stm32f10x_it.o(.text))
<BR><BR>[Stack]<UL><LI>Max Depth = 56<LI>Call Chain = UsageFault_Handler &rArr; DispErrNo &rArr; BSP_LED_Set &rArr; IO_OutSet
</UL>
<BR>[Calls]<UL><LI><a href="#[91]">&gt;&gt;</a>&nbsp;&nbsp;&nbsp;DispErrNo
</UL>
<BR>[Address Reference Count : 1]<UL><LI> startup_stm32f10x_md_os.o(RESET)
</UL>
<P><STRONG><a name="[8]"></a>SVC_Handler</STRONG> (Thumb, 10 bytes, Stack size 0 bytes, stm32f10x_it.o(.text))
<BR><BR>[Stack]<UL><LI>Max Depth = 56<LI>Call Chain = SVC_Handler &rArr; DispErrNo &rArr; BSP_LED_Set &rArr; IO_OutSet
</UL>
<BR>[Calls]<UL><LI><a href="#[91]">&gt;&gt;</a>&nbsp;&nbsp;&nbsp;DispErrNo
</UL>
<BR>[Address Reference Count : 1]<UL><LI> startup_stm32f10x_md_os.o(RESET)
</UL>
<P><STRONG><a name="[9]"></a>DebugMon_Handler</STRONG> (Thumb, 10 bytes, Stack size 0 bytes, stm32f10x_it.o(.text))
<BR><BR>[Stack]<UL><LI>Max Depth = 56<LI>Call Chain = DebugMon_Handler &rArr; DispErrNo &rArr; BSP_LED_Set &rArr; IO_OutSet
</UL>
<BR>[Calls]<UL><LI><a href="#[91]">&gt;&gt;</a>&nbsp;&nbsp;&nbsp;DispErrNo
</UL>
<BR>[Address Reference Count : 1]<UL><LI> startup_stm32f10x_md_os.o(RESET)
</UL>
<P><STRONG><a name="[225]"></a>PendSV_Handler</STRONG> (Thumb, 2 bytes, Stack size 0 bytes, stm32f10x_it.o(.text), UNUSED)

<P><STRONG><a name="[226]"></a>SysTick_Handler</STRONG> (Thumb, 2 bytes, Stack size 0 bytes, stm32f10x_it.o(.text), UNUSED)

<P><STRONG><a name="[93]"></a>PPP_IRQHandler</STRONG> (Thumb, 30 bytes, Stack size 8 bytes, stm32f10x_it.o(.text), UNUSED)
<BR><BR>[Calls]<UL><LI><a href="#[94]">&gt;&gt;</a>&nbsp;&nbsp;&nbsp;OSIntExit
<LI><a href="#[8e]">&gt;&gt;</a>&nbsp;&nbsp;&nbsp;OS_CPU_SR_Save
<LI><a href="#[90]">&gt;&gt;</a>&nbsp;&nbsp;&nbsp;OS_CPU_SR_Restore
</UL>

<P><STRONG><a name="[31]"></a>USART1_IRQHandler</STRONG> (Thumb, 70 bytes, Stack size 16 bytes, stm32f10x_it.o(.text))
<BR><BR>[Stack]<UL><LI>Max Depth = 104 + Unknown Stack Size
<LI>Call Chain = USART1_IRQHandler &rArr; C491_IrqToRxBuf &rArr; OSSemPost &rArr; OS_EventTaskRdy &rArr; OS_EventTaskRemoveMulti
</UL>
<BR>[Calls]<UL><LI><a href="#[96]">&gt;&gt;</a>&nbsp;&nbsp;&nbsp;USART_ReceiveData
<LI><a href="#[95]">&gt;&gt;</a>&nbsp;&nbsp;&nbsp;USART_GetITStatus
<LI><a href="#[94]">&gt;&gt;</a>&nbsp;&nbsp;&nbsp;OSIntExit
<LI><a href="#[98]">&gt;&gt;</a>&nbsp;&nbsp;&nbsp;C491_IrqTx
<LI><a href="#[97]">&gt;&gt;</a>&nbsp;&nbsp;&nbsp;C491_IrqToRxBuf
<LI><a href="#[8e]">&gt;&gt;</a>&nbsp;&nbsp;&nbsp;OS_CPU_SR_Save
<LI><a href="#[90]">&gt;&gt;</a>&nbsp;&nbsp;&nbsp;OS_CPU_SR_Restore
</UL>
<BR>[Address Reference Count : 1]<UL><LI> startup_stm32f10x_md_os.o(RESET)
</UL>
<P><STRONG><a name="[27]"></a>TIM1_CC_IRQHandler</STRONG> (Thumb, 34 bytes, Stack size 8 bytes, stm32f10x_it.o(.text))
<BR><BR>[Stack]<UL><LI>Max Depth = 96 + Unknown Stack Size
<LI>Call Chain = TIM1_CC_IRQHandler &rArr; MOTO_IRQandClr &rArr; OSSemPost &rArr; OS_EventTaskRdy &rArr; OS_EventTaskRemoveMulti
</UL>
<BR>[Calls]<UL><LI><a href="#[94]">&gt;&gt;</a>&nbsp;&nbsp;&nbsp;OSIntExit
<LI><a href="#[99]">&gt;&gt;</a>&nbsp;&nbsp;&nbsp;MOTO_IRQandClr
<LI><a href="#[8e]">&gt;&gt;</a>&nbsp;&nbsp;&nbsp;OS_CPU_SR_Save
<LI><a href="#[90]">&gt;&gt;</a>&nbsp;&nbsp;&nbsp;OS_CPU_SR_Restore
</UL>
<BR>[Address Reference Count : 1]<UL><LI> startup_stm32f10x_md_os.o(RESET)
</UL>
<P><STRONG><a name="[79]"></a>C491_Init</STRONG> (Thumb, 50 bytes, Stack size 8 bytes, c491.o(.text))
<BR><BR>[Stack]<UL><LI>Max Depth = 100 + Unknown Stack Size
<LI>Call Chain = C491_Init &rArr; BSP_491_Init &rArr; USART_Init &rArr; RCC_GetClocksFreq
</UL>
<BR>[Calls]<UL><LI><a href="#[9a]">&gt;&gt;</a>&nbsp;&nbsp;&nbsp;OSSemCreate
<LI><a href="#[9b]">&gt;&gt;</a>&nbsp;&nbsp;&nbsp;BSP_491_Init
</UL>
<BR>[Called By]<UL><LI><a href="#[38]">&gt;&gt;</a>&nbsp;&nbsp;&nbsp;App_TaskStart
</UL>

<P><STRONG><a name="[97]"></a>C491_IrqToRxBuf</STRONG> (Thumb, 84 bytes, Stack size 16 bytes, c491.o(.text))
<BR><BR>[Stack]<UL><LI>Max Depth = 88 + Unknown Stack Size
<LI>Call Chain = C491_IrqToRxBuf &rArr; OSSemPost &rArr; OS_EventTaskRdy &rArr; OS_EventTaskRemoveMulti
</UL>
<BR>[Calls]<UL><LI><a href="#[9c]">&gt;&gt;</a>&nbsp;&nbsp;&nbsp;OSSemPost
<LI><a href="#[8e]">&gt;&gt;</a>&nbsp;&nbsp;&nbsp;OS_CPU_SR_Save
<LI><a href="#[90]">&gt;&gt;</a>&nbsp;&nbsp;&nbsp;OS_CPU_SR_Restore
</UL>
<BR>[Called By]<UL><LI><a href="#[31]">&gt;&gt;</a>&nbsp;&nbsp;&nbsp;USART1_IRQHandler
</UL>

<P><STRONG><a name="[86]"></a>C491_ReceiveOne</STRONG> (Thumb, 92 bytes, Stack size 24 bytes, c491.o(.text))
<BR><BR>[Stack]<UL><LI>Max Depth = 56 + Unknown Stack Size
<LI>Call Chain = C491_ReceiveOne &rArr; OSSemPend &rArr; OS_EventTaskWait
</UL>
<BR>[Calls]<UL><LI><a href="#[9d]">&gt;&gt;</a>&nbsp;&nbsp;&nbsp;OSSemPend
<LI><a href="#[8e]">&gt;&gt;</a>&nbsp;&nbsp;&nbsp;OS_CPU_SR_Save
<LI><a href="#[90]">&gt;&gt;</a>&nbsp;&nbsp;&nbsp;OS_CPU_SR_Restore
</UL>
<BR>[Called By]<UL><LI><a href="#[ae]">&gt;&gt;</a>&nbsp;&nbsp;&nbsp;DBG_C491IsOK
<LI><a href="#[38]">&gt;&gt;</a>&nbsp;&nbsp;&nbsp;App_TaskStart
</UL>

<P><STRONG><a name="[98]"></a>C491_IrqTx</STRONG> (Thumb, 68 bytes, Stack size 8 bytes, c491.o(.text))
<BR><BR>[Stack]<UL><LI>Max Depth = 80 + Unknown Stack Size
<LI>Call Chain = C491_IrqTx &rArr; OSSemPost &rArr; OS_EventTaskRdy &rArr; OS_EventTaskRemoveMulti
</UL>
<BR>[Calls]<UL><LI><a href="#[9e]">&gt;&gt;</a>&nbsp;&nbsp;&nbsp;USART_SendData
<LI><a href="#[9f]">&gt;&gt;</a>&nbsp;&nbsp;&nbsp;USART_ITConfig
<LI><a href="#[9c]">&gt;&gt;</a>&nbsp;&nbsp;&nbsp;OSSemPost
<LI><a href="#[a0]">&gt;&gt;</a>&nbsp;&nbsp;&nbsp;BSP_491_DeSet
</UL>
<BR>[Called By]<UL><LI><a href="#[31]">&gt;&gt;</a>&nbsp;&nbsp;&nbsp;USART1_IRQHandler
</UL>

<P><STRONG><a name="[a1]"></a>C491_SendBuf</STRONG> (Thumb, 80 bytes, Stack size 24 bytes, c491.o(.text))
<BR><BR>[Stack]<UL><LI>Max Depth = 56 + Unknown Stack Size
<LI>Call Chain = C491_SendBuf &rArr; OSSemPend &rArr; OS_EventTaskWait
</UL>
<BR>[Calls]<UL><LI><a href="#[9f]">&gt;&gt;</a>&nbsp;&nbsp;&nbsp;USART_ITConfig
<LI><a href="#[9d]">&gt;&gt;</a>&nbsp;&nbsp;&nbsp;OSSemPend
<LI><a href="#[a0]">&gt;&gt;</a>&nbsp;&nbsp;&nbsp;BSP_491_DeSet
</UL>
<BR>[Called By]<UL><LI><a href="#[ae]">&gt;&gt;</a>&nbsp;&nbsp;&nbsp;DBG_C491IsOK
<LI><a href="#[a2]">&gt;&gt;</a>&nbsp;&nbsp;&nbsp;C491_SendOne
</UL>

<P><STRONG><a name="[a2]"></a>C491_SendOne</STRONG> (Thumb, 16 bytes, Stack size 16 bytes, c491.o(.text))
<BR><BR>[Stack]<UL><LI>Max Depth = 72 + Unknown Stack Size
<LI>Call Chain = C491_SendOne &rArr; C491_SendBuf &rArr; OSSemPend &rArr; OS_EventTaskWait
</UL>
<BR>[Calls]<UL><LI><a href="#[a1]">&gt;&gt;</a>&nbsp;&nbsp;&nbsp;C491_SendBuf
</UL>
<BR>[Called By]<UL><LI><a href="#[12a]">&gt;&gt;</a>&nbsp;&nbsp;&nbsp;COM_MainCh9511
<LI><a href="#[119]">&gt;&gt;</a>&nbsp;&nbsp;&nbsp;COM_9511GetUpErr
<LI><a href="#[118]">&gt;&gt;</a>&nbsp;&nbsp;&nbsp;COM_9511GetDnErr
<LI><a href="#[117]">&gt;&gt;</a>&nbsp;&nbsp;&nbsp;COM_9511GetCutOrg
<LI><a href="#[10d]">&gt;&gt;</a>&nbsp;&nbsp;&nbsp;COM_9511GetHDLed
<LI><a href="#[108]">&gt;&gt;</a>&nbsp;&nbsp;&nbsp;COM_9511GetADEven
<LI><a href="#[107]">&gt;&gt;</a>&nbsp;&nbsp;&nbsp;COM_9511GetADOdd
<LI><a href="#[106]">&gt;&gt;</a>&nbsp;&nbsp;&nbsp;COM_9511GetHghEven
<LI><a href="#[103]">&gt;&gt;</a>&nbsp;&nbsp;&nbsp;COM_9511GetHghOdd
<LI><a href="#[102]">&gt;&gt;</a>&nbsp;&nbsp;&nbsp;COM_9511GetVersion
<LI><a href="#[f4]">&gt;&gt;</a>&nbsp;&nbsp;&nbsp;COM_9511GetIsSqnUp
<LI><a href="#[50]">&gt;&gt;</a>&nbsp;&nbsp;&nbsp;COM_Tangkong_Sta
<LI><a href="#[4f]">&gt;&gt;</a>&nbsp;&nbsp;&nbsp;COM_Tangkong_Position
</UL>

<P><STRONG><a name="[a3]"></a>C491_Send</STRONG> (Thumb, 56 bytes, Stack size 16 bytes, c491.o(.text), UNUSED)
<BR><BR>[Calls]<UL><LI><a href="#[9f]">&gt;&gt;</a>&nbsp;&nbsp;&nbsp;USART_ITConfig
<LI><a href="#[a0]">&gt;&gt;</a>&nbsp;&nbsp;&nbsp;BSP_491_DeSet
</UL>

<P><STRONG><a name="[7c]"></a>DBG_IsDebug</STRONG> (Thumb, 46 bytes, Stack size 16 bytes, dbg.o(.text))
<BR><BR>[Stack]<UL><LI>Max Depth = 48<LI>Call Chain = DBG_IsDebug &rArr; BSP_HD_KeyGet &rArr; IO_InGet
</UL>
<BR>[Calls]<UL><LI><a href="#[a4]">&gt;&gt;</a>&nbsp;&nbsp;&nbsp;BSP_HD_KeyGet
</UL>
<BR>[Called By]<UL><LI><a href="#[38]">&gt;&gt;</a>&nbsp;&nbsp;&nbsp;App_TaskStart
</UL>

<P><STRONG><a name="[b0]"></a>DBG_SolideOK</STRONG> (Thumb, 58 bytes, Stack size 16 bytes, dbg.o(.text))
<BR><BR>[Stack]<UL><LI>Max Depth = 40<LI>Call Chain = DBG_SolideOK &rArr; IO_OutSet
</UL>
<BR>[Calls]<UL><LI><a href="#[b1]">&gt;&gt;</a>&nbsp;&nbsp;&nbsp;IO_OutSet
</UL>
<BR>[Called By]<UL><LI><a href="#[7e]">&gt;&gt;</a>&nbsp;&nbsp;&nbsp;DBG_ALL
</UL>

<P><STRONG><a name="[7e]"></a>DBG_ALL</STRONG> (Thumb, 368 bytes, Stack size 16 bytes, dbg.o(.text))
<BR><BR>[Stack]<UL><LI>Max Depth = 152 + Unknown Stack Size
<LI>Call Chain = DBG_ALL &rArr; DBG_C491IsOK &rArr; C491_SendBuf &rArr; OSSemPend &rArr; OS_EventTaskWait
</UL>
<BR>[Calls]<UL><LI><a href="#[b4]">&gt;&gt;</a>&nbsp;&nbsp;&nbsp;MOTO_HghSetCmd
<LI><a href="#[b3]">&gt;&gt;</a>&nbsp;&nbsp;&nbsp;MOTO_HghGetState
<LI><a href="#[b1]">&gt;&gt;</a>&nbsp;&nbsp;&nbsp;IO_OutSet
<LI><a href="#[b5]">&gt;&gt;</a>&nbsp;&nbsp;&nbsp;BSP_POT_GetAve
<LI><a href="#[b2]">&gt;&gt;</a>&nbsp;&nbsp;&nbsp;BSP_DIP_Get
<LI><a href="#[b0]">&gt;&gt;</a>&nbsp;&nbsp;&nbsp;DBG_SolideOK
<LI><a href="#[ae]">&gt;&gt;</a>&nbsp;&nbsp;&nbsp;DBG_C491IsOK
<LI><a href="#[a9]">&gt;&gt;</a>&nbsp;&nbsp;&nbsp;DBG_SqnSwiIsOK
<LI><a href="#[a7]">&gt;&gt;</a>&nbsp;&nbsp;&nbsp;DBG_HD
<LI><a href="#[a6]">&gt;&gt;</a>&nbsp;&nbsp;&nbsp;DBG_EndAlarm
<LI><a href="#[a5]">&gt;&gt;</a>&nbsp;&nbsp;&nbsp;DBG_StartAlarmTestLed
<LI><a href="#[70]">&gt;&gt;</a>&nbsp;&nbsp;&nbsp;OSTimeDlyHMSM
<LI><a href="#[71]">&gt;&gt;</a>&nbsp;&nbsp;&nbsp;BSP_LED_Toggle
</UL>
<BR>[Called By]<UL><LI><a href="#[38]">&gt;&gt;</a>&nbsp;&nbsp;&nbsp;App_TaskStart
</UL>

<P><STRONG><a name="[227]"></a>HOT_POS_Get</STRONG> (Thumb, 6 bytes, Stack size 0 bytes, moto.o(.text), UNUSED)

<P><STRONG><a name="[7d]"></a>MOTO_Init</STRONG> (Thumb, 136 bytes, Stack size 40 bytes, moto.o(.text))
<BR><BR>[Stack]<UL><LI>Max Depth = 160 + Unknown Stack Size
<LI>Call Chain = MOTO_Init &rArr; OSTaskCreateExt &rArr; OS_TCBInit &rArr; OSTCBInitHook
</UL>
<BR>[Calls]<UL><LI><a href="#[9a]">&gt;&gt;</a>&nbsp;&nbsp;&nbsp;OSSemCreate
<LI><a href="#[74]">&gt;&gt;</a>&nbsp;&nbsp;&nbsp;OSTaskCreateExt
</UL>
<BR>[Called By]<UL><LI><a href="#[38]">&gt;&gt;</a>&nbsp;&nbsp;&nbsp;App_TaskStart
</UL>

<P><STRONG><a name="[101]"></a>MOTO_SetSpdEngine</STRONG> (Thumb, 112 bytes, Stack size 0 bytes, moto.o(.text), UNUSED)
<BR><BR>[Called By]<UL><LI><a href="#[fe]">&gt;&gt;</a>&nbsp;&nbsp;&nbsp;COM_9511CutSetPara
</UL>

<P><STRONG><a name="[ff]"></a>MOTO_CutSetFullAngle</STRONG> (Thumb, 26 bytes, Stack size 0 bytes, moto.o(.text), UNUSED)
<BR><BR>[Called By]<UL><LI><a href="#[fe]">&gt;&gt;</a>&nbsp;&nbsp;&nbsp;COM_9511CutSetPara
</UL>

<P><STRONG><a name="[100]"></a>MOTO_CutSetHalfAngle</STRONG> (Thumb, 26 bytes, Stack size 0 bytes, moto.o(.text), UNUSED)
<BR><BR>[Called By]<UL><LI><a href="#[fe]">&gt;&gt;</a>&nbsp;&nbsp;&nbsp;COM_9511CutSetPara
</UL>

<P><STRONG><a name="[ec]"></a>MOTO_TKSetFullAngle</STRONG> (Thumb, 20 bytes, Stack size 0 bytes, moto.o(.text))
<BR><BR>[Called By]<UL><LI><a href="#[11a]">&gt;&gt;</a>&nbsp;&nbsp;&nbsp;COM_UpStByKeyUp
<LI><a href="#[ea]">&gt;&gt;</a>&nbsp;&nbsp;&nbsp;COM_HighCmd
</UL>

<P><STRONG><a name="[eb]"></a>MOTO_TKSetHalfAngle</STRONG> (Thumb, 20 bytes, Stack size 0 bytes, moto.o(.text))
<BR><BR>[Called By]<UL><LI><a href="#[11a]">&gt;&gt;</a>&nbsp;&nbsp;&nbsp;COM_UpStByKeyUp
<LI><a href="#[ea]">&gt;&gt;</a>&nbsp;&nbsp;&nbsp;COM_HighCmd
</UL>

<P><STRONG><a name="[cd]"></a>MOTO_CutGetState</STRONG> (Thumb, 46 bytes, Stack size 16 bytes, moto.o(.text))
<BR><BR>[Stack]<UL><LI>Max Depth = 16 + Unknown Stack Size
<LI>Call Chain = MOTO_CutGetState
</UL>
<BR>[Calls]<UL><LI><a href="#[8e]">&gt;&gt;</a>&nbsp;&nbsp;&nbsp;OS_CPU_SR_Save
<LI><a href="#[90]">&gt;&gt;</a>&nbsp;&nbsp;&nbsp;OS_CPU_SR_Restore
</UL>
<BR>[Called By]<UL><LI><a href="#[116]">&gt;&gt;</a>&nbsp;&nbsp;&nbsp;COM_Get9511DnStatus
<LI><a href="#[4f]">&gt;&gt;</a>&nbsp;&nbsp;&nbsp;COM_Tangkong_Position
<LI><a href="#[ed]">&gt;&gt;</a>&nbsp;&nbsp;&nbsp;COM_Get9511TKStatus
</UL>

<P><STRONG><a name="[228]"></a>MOTO_CutGetIsActing</STRONG> (Thumb, 26 bytes, Stack size 0 bytes, moto.o(.text), UNUSED)

<P><STRONG><a name="[ce]"></a>MOTO_CutSetCmd</STRONG> (Thumb, 52 bytes, Stack size 16 bytes, moto.o(.text))
<BR><BR>[Stack]<UL><LI>Max Depth = 88 + Unknown Stack Size
<LI>Call Chain = MOTO_CutSetCmd &rArr; OSSemPost &rArr; OS_EventTaskRdy &rArr; OS_EventTaskRemoveMulti
</UL>
<BR>[Calls]<UL><LI><a href="#[9c]">&gt;&gt;</a>&nbsp;&nbsp;&nbsp;OSSemPost
</UL>
<BR>[Called By]<UL><LI><a href="#[fd]">&gt;&gt;</a>&nbsp;&nbsp;&nbsp;COM_ID_9511CutFull
<LI><a href="#[fc]">&gt;&gt;</a>&nbsp;&nbsp;&nbsp;COM_ID_9511CutHalf
<LI><a href="#[fb]">&gt;&gt;</a>&nbsp;&nbsp;&nbsp;COM_ID_9511CutD
<LI><a href="#[fa]">&gt;&gt;</a>&nbsp;&nbsp;&nbsp;COM_ID_9511CutH
<LI><a href="#[f9]">&gt;&gt;</a>&nbsp;&nbsp;&nbsp;COM_ID_9511CutBack
<LI><a href="#[f8]">&gt;&gt;</a>&nbsp;&nbsp;&nbsp;COM_9511CutFull
<LI><a href="#[f7]">&gt;&gt;</a>&nbsp;&nbsp;&nbsp;COM_9511CutHalf
<LI><a href="#[f6]">&gt;&gt;</a>&nbsp;&nbsp;&nbsp;COM_9511CutBack
<LI><a href="#[e7]">&gt;&gt;</a>&nbsp;&nbsp;&nbsp;COM_HghUpdate_key
<LI><a href="#[e4]">&gt;&gt;</a>&nbsp;&nbsp;&nbsp;COM_HghUpdate
</UL>

<P><STRONG><a name="[105]"></a>MOTO_HghGetHeight</STRONG> (Thumb, 24 bytes, Stack size 0 bytes, moto.o(.text), UNUSED)
<BR><BR>[Called By]<UL><LI><a href="#[119]">&gt;&gt;</a>&nbsp;&nbsp;&nbsp;COM_9511GetUpErr
<LI><a href="#[106]">&gt;&gt;</a>&nbsp;&nbsp;&nbsp;COM_9511GetHghEven
<LI><a href="#[103]">&gt;&gt;</a>&nbsp;&nbsp;&nbsp;COM_9511GetHghOdd
</UL>

<P><STRONG><a name="[cf]"></a>MOTO_HghTestIsUp</STRONG> (Thumb, 58 bytes, Stack size 24 bytes, moto.o(.text), UNUSED)
<BR><BR>[Calls]<UL><LI><a href="#[d0]">&gt;&gt;</a>&nbsp;&nbsp;&nbsp;BSP_POT_GetOne
<LI><a href="#[d1]">&gt;&gt;</a>&nbsp;&nbsp;&nbsp;MOTO_HghGetFromPot
</UL>
<BR>[Called By]<UL><LI><a href="#[106]">&gt;&gt;</a>&nbsp;&nbsp;&nbsp;COM_9511GetHghEven
<LI><a href="#[103]">&gt;&gt;</a>&nbsp;&nbsp;&nbsp;COM_9511GetHghOdd
</UL>

<P><STRONG><a name="[b3]"></a>MOTO_HghGetState</STRONG> (Thumb, 48 bytes, Stack size 16 bytes, moto.o(.text))
<BR><BR>[Stack]<UL><LI>Max Depth = 16 + Unknown Stack Size
<LI>Call Chain = MOTO_HghGetState
</UL>
<BR>[Calls]<UL><LI><a href="#[8e]">&gt;&gt;</a>&nbsp;&nbsp;&nbsp;OS_CPU_SR_Save
<LI><a href="#[90]">&gt;&gt;</a>&nbsp;&nbsp;&nbsp;OS_CPU_SR_Restore
</UL>
<BR>[Called By]<UL><LI><a href="#[119]">&gt;&gt;</a>&nbsp;&nbsp;&nbsp;COM_9511GetUpErr
<LI><a href="#[7e]">&gt;&gt;</a>&nbsp;&nbsp;&nbsp;DBG_ALL
</UL>

<P><STRONG><a name="[104]"></a>MOTO_HghGetIsActing</STRONG> (Thumb, 26 bytes, Stack size 0 bytes, moto.o(.text))
<BR><BR>[Called By]<UL><LI><a href="#[108]">&gt;&gt;</a>&nbsp;&nbsp;&nbsp;COM_9511GetADEven
<LI><a href="#[107]">&gt;&gt;</a>&nbsp;&nbsp;&nbsp;COM_9511GetADOdd
<LI><a href="#[106]">&gt;&gt;</a>&nbsp;&nbsp;&nbsp;COM_9511GetHghEven
<LI><a href="#[103]">&gt;&gt;</a>&nbsp;&nbsp;&nbsp;COM_9511GetHghOdd
<LI><a href="#[88]">&gt;&gt;</a>&nbsp;&nbsp;&nbsp;COM_KeyHandle
</UL>

<P><STRONG><a name="[b4]"></a>MOTO_HghSetCmd</STRONG> (Thumb, 38 bytes, Stack size 16 bytes, moto.o(.text))
<BR><BR>[Stack]<UL><LI>Max Depth = 88 + Unknown Stack Size
<LI>Call Chain = MOTO_HghSetCmd &rArr; OSSemPost &rArr; OS_EventTaskRdy &rArr; OS_EventTaskRemoveMulti
</UL>
<BR>[Calls]<UL><LI><a href="#[9c]">&gt;&gt;</a>&nbsp;&nbsp;&nbsp;OSSemPost
</UL>
<BR>[Called By]<UL><LI><a href="#[7e]">&gt;&gt;</a>&nbsp;&nbsp;&nbsp;DBG_ALL
</UL>

<P><STRONG><a name="[99]"></a>MOTO_IRQandClr</STRONG> (Thumb, 100 bytes, Stack size 16 bytes, moto.o(.text))
<BR><BR>[Stack]<UL><LI>Max Depth = 88 + Unknown Stack Size
<LI>Call Chain = MOTO_IRQandClr &rArr; OSSemPost &rArr; OS_EventTaskRdy &rArr; OS_EventTaskRemoveMulti
</UL>
<BR>[Calls]<UL><LI><a href="#[d9]">&gt;&gt;</a>&nbsp;&nbsp;&nbsp;TIM_GetITStatus
<LI><a href="#[c0]">&gt;&gt;</a>&nbsp;&nbsp;&nbsp;TIM_ClearITPendingBit
<LI><a href="#[b8]">&gt;&gt;</a>&nbsp;&nbsp;&nbsp;BSP_MOTO_ClkSet
<LI><a href="#[9c]">&gt;&gt;</a>&nbsp;&nbsp;&nbsp;OSSemPost
</UL>
<BR>[Called By]<UL><LI><a href="#[27]">&gt;&gt;</a>&nbsp;&nbsp;&nbsp;TIM1_CC_IRQHandler
</UL>

<P><STRONG><a name="[7a]"></a>IN_Init</STRONG> (Thumb, 40 bytes, Stack size 24 bytes, in.o(.text))
<BR><BR>[Stack]<UL><LI>Max Depth = 144 + Unknown Stack Size
<LI>Call Chain = IN_Init &rArr; OSTaskCreateExt &rArr; OS_TCBInit &rArr; OSTCBInitHook
</UL>
<BR>[Calls]<UL><LI><a href="#[74]">&gt;&gt;</a>&nbsp;&nbsp;&nbsp;OSTaskCreateExt
</UL>
<BR>[Called By]<UL><LI><a href="#[38]">&gt;&gt;</a>&nbsp;&nbsp;&nbsp;App_TaskStart
</UL>

<P><STRONG><a name="[e6]"></a>IN_HDKey_GetSt</STRONG> (Thumb, 64 bytes, Stack size 0 bytes, in.o(.text))
<BR><BR>[Called By]<UL><LI><a href="#[122]">&gt;&gt;</a>&nbsp;&nbsp;&nbsp;COM_9511Init
<LI><a href="#[11b]">&gt;&gt;</a>&nbsp;&nbsp;&nbsp;COM_UpStByKeyMd
<LI><a href="#[119]">&gt;&gt;</a>&nbsp;&nbsp;&nbsp;COM_9511GetUpErr
<LI><a href="#[57]">&gt;&gt;</a>&nbsp;&nbsp;&nbsp;COM_9511TestExit
<LI><a href="#[56]">&gt;&gt;</a>&nbsp;&nbsp;&nbsp;COM_9511TestEnter
<LI><a href="#[4f]">&gt;&gt;</a>&nbsp;&nbsp;&nbsp;COM_Tangkong_Position
<LI><a href="#[e4]">&gt;&gt;</a>&nbsp;&nbsp;&nbsp;COM_HghUpdate
<LI><a href="#[88]">&gt;&gt;</a>&nbsp;&nbsp;&nbsp;COM_KeyHandle
</UL>

<P><STRONG><a name="[f3]"></a>IN_BRK_SetIsDn</STRONG> (Thumb, 6 bytes, Stack size 0 bytes, in.o(.text), UNUSED)
<BR><BR>[Called By]<UL><LI><a href="#[f2]">&gt;&gt;</a>&nbsp;&nbsp;&nbsp;COM_9511BrkDetMod
</UL>

<P><STRONG><a name="[dd]"></a>IN_BRK_SampleBegin</STRONG> (Thumb, 52 bytes, Stack size 16 bytes, in.o(.text), UNUSED)
<BR><BR>[Calls]<UL><LI><a href="#[8e]">&gt;&gt;</a>&nbsp;&nbsp;&nbsp;OS_CPU_SR_Save
<LI><a href="#[90]">&gt;&gt;</a>&nbsp;&nbsp;&nbsp;OS_CPU_SR_Restore
</UL>
<BR>[Called By]<UL><LI><a href="#[112]">&gt;&gt;</a>&nbsp;&nbsp;&nbsp;COM_9511MAStartUp
</UL>

<P><STRONG><a name="[de]"></a>IN_BRK_SentXJ</STRONG> (Thumb, 120 bytes, Stack size 16 bytes, in.o(.text), UNUSED)
<BR><BR>[Calls]<UL><LI><a href="#[dc]">&gt;&gt;</a>&nbsp;&nbsp;&nbsp;IN_GetBrkIsWork
<LI><a href="#[8e]">&gt;&gt;</a>&nbsp;&nbsp;&nbsp;OS_CPU_SR_Save
<LI><a href="#[90]">&gt;&gt;</a>&nbsp;&nbsp;&nbsp;OS_CPU_SR_Restore
</UL>
<BR>[Called By]<UL><LI><a href="#[114]">&gt;&gt;</a>&nbsp;&nbsp;&nbsp;COM_XJ_3
</UL>

<P><STRONG><a name="[df]"></a>IN_BRK_SampleStop</STRONG> (Thumb, 50 bytes, Stack size 16 bytes, in.o(.text), UNUSED)
<BR><BR>[Calls]<UL><LI><a href="#[8e]">&gt;&gt;</a>&nbsp;&nbsp;&nbsp;OS_CPU_SR_Save
<LI><a href="#[90]">&gt;&gt;</a>&nbsp;&nbsp;&nbsp;OS_CPU_SR_Restore
</UL>
<BR>[Called By]<UL><LI><a href="#[113]">&gt;&gt;</a>&nbsp;&nbsp;&nbsp;COM_9511MAStop
</UL>

<P><STRONG><a name="[e0]"></a>IN_BRK_GetIsBrk</STRONG> (Thumb, 40 bytes, Stack size 16 bytes, in.o(.text), UNUSED)
<BR><BR>[Calls]<UL><LI><a href="#[8e]">&gt;&gt;</a>&nbsp;&nbsp;&nbsp;OS_CPU_SR_Save
<LI><a href="#[90]">&gt;&gt;</a>&nbsp;&nbsp;&nbsp;OS_CPU_SR_Restore
</UL>
<BR>[Called By]<UL><LI><a href="#[116]">&gt;&gt;</a>&nbsp;&nbsp;&nbsp;COM_Get9511DnStatus
<LI><a href="#[115]">&gt;&gt;</a>&nbsp;&nbsp;&nbsp;COM_9511BrkDetect
</UL>

<P><STRONG><a name="[42]"></a>COM_Tangkong_HighTo0</STRONG> (Thumb, 14 bytes, Stack size 16 bytes, com.o(.text))
<BR><BR>[Stack]<UL><LI>Max Depth = 136 + Unknown Stack Size
<LI>Call Chain = COM_Tangkong_HighTo0 &rArr; COM_HighCmd &rArr; COM_HghUpdate &rArr; MOTO_CutSetCmd &rArr; OSSemPost &rArr; OS_EventTaskRdy &rArr; OS_EventTaskRemoveMulti
</UL>
<BR>[Calls]<UL><LI><a href="#[ea]">&gt;&gt;</a>&nbsp;&nbsp;&nbsp;COM_HighCmd
</UL>
<BR>[Address Reference Count : 1]<UL><LI> com.o(.constdata)
</UL>
<P><STRONG><a name="[87]"></a>COM_RxHandle</STRONG> (Thumb, 26 bytes, Stack size 8 bytes, com.o(.text))
<BR><BR>[Stack]<UL><LI>Max Depth = 72<LI>Call Chain = COM_RxHandle &rArr; COM_9511RxHandle &rArr; BSP_LED_Toggle &rArr; IO_OutToggle
</UL>
<BR>[Calls]<UL><LI><a href="#[121]">&gt;&gt;</a>&nbsp;&nbsp;&nbsp;COM_924RxHandle
<LI><a href="#[11d]">&gt;&gt;</a>&nbsp;&nbsp;&nbsp;COM_9511RxHandle
</UL>
<BR>[Called By]<UL><LI><a href="#[38]">&gt;&gt;</a>&nbsp;&nbsp;&nbsp;App_TaskStart
</UL>

<P><STRONG><a name="[88]"></a>COM_KeyHandle</STRONG> (Thumb, 80 bytes, Stack size 8 bytes, com.o(.text))
<BR><BR>[Stack]<UL><LI>Max Depth = 136 + Unknown Stack Size
<LI>Call Chain = COM_KeyHandle &rArr; COM_UpStByKeyDn &rArr; COM_9511UpStChange &rArr; COM_SqnUpdate &rArr; BSP_SQN_EmbStSend &rArr; IO_MultiOutSet &rArr; IO_IdsToPortPinMsk
</UL>
<BR>[Calls]<UL><LI><a href="#[11c]">&gt;&gt;</a>&nbsp;&nbsp;&nbsp;COM_UpStByKeyDn
<LI><a href="#[11b]">&gt;&gt;</a>&nbsp;&nbsp;&nbsp;COM_UpStByKeyMd
<LI><a href="#[11a]">&gt;&gt;</a>&nbsp;&nbsp;&nbsp;COM_UpStByKeyUp
<LI><a href="#[e6]">&gt;&gt;</a>&nbsp;&nbsp;&nbsp;IN_HDKey_GetSt
<LI><a href="#[104]">&gt;&gt;</a>&nbsp;&nbsp;&nbsp;MOTO_HghGetIsActing
</UL>
<BR>[Called By]<UL><LI><a href="#[38]">&gt;&gt;</a>&nbsp;&nbsp;&nbsp;App_TaskStart
</UL>

<P><STRONG><a name="[84]"></a>COM_Init</STRONG> (Thumb, 20 bytes, Stack size 8 bytes, com.o(.text))
<BR><BR>[Stack]<UL><LI>Max Depth = 120 + Unknown Stack Size
<LI>Call Chain = COM_Init &rArr; COM_9511Init &rArr; COM_SqnUpdate &rArr; BSP_SQN_EmbStSend &rArr; IO_MultiOutSet &rArr; IO_IdsToPortPinMsk
</UL>
<BR>[Calls]<UL><LI><a href="#[123]">&gt;&gt;</a>&nbsp;&nbsp;&nbsp;COM_924Init
<LI><a href="#[122]">&gt;&gt;</a>&nbsp;&nbsp;&nbsp;COM_9511Init
</UL>
<BR>[Called By]<UL><LI><a href="#[38]">&gt;&gt;</a>&nbsp;&nbsp;&nbsp;App_TaskStart
</UL>

<P><STRONG><a name="[d6]"></a>COM_JogIsEn</STRONG> (Thumb, 118 bytes, Stack size 0 bytes, com.o(.text), UNUSED)
<BR><BR>[Called By]<UL><LI><a href="#[d5]">&gt;&gt;</a>&nbsp;&nbsp;&nbsp;MOTO_Hgh
</UL>

<P><STRONG><a name="[89]"></a>COM_DXSparkel</STRONG> (Thumb, 52 bytes, Stack size 8 bytes, com.o(.text))
<BR><BR>[Stack]<UL><LI>Max Depth = 48 + Unknown Stack Size
<LI>Call Chain = COM_DXSparkel &rArr; HDLED_Sparkle &rArr; OSTaskResume &rArr; OS_Sched
</UL>
<BR>[Calls]<UL><LI><a href="#[72]">&gt;&gt;</a>&nbsp;&nbsp;&nbsp;HDLED_Sparkle
</UL>
<BR>[Called By]<UL><LI><a href="#[38]">&gt;&gt;</a>&nbsp;&nbsp;&nbsp;App_TaskStart
</UL>

<P><STRONG><a name="[127]"></a>Get_Stream</STRONG> (Thumb, 50 bytes, Stack size 8 bytes, com.o(.text), UNUSED)
<BR><BR>[Calls]<UL><LI><a href="#[128]">&gt;&gt;</a>&nbsp;&nbsp;&nbsp;crypto_des3_encrypt
<LI><a href="#[129]">&gt;&gt;</a>&nbsp;&nbsp;&nbsp;BitStreamEncode
<LI><a href="#[83]">&gt;&gt;</a>&nbsp;&nbsp;&nbsp;Get_Main_ID
</UL>
<BR>[Called By]<UL><LI><a href="#[131]">&gt;&gt;</a>&nbsp;&nbsp;&nbsp;COM_MainSetPssW
<LI><a href="#[12b]">&gt;&gt;</a>&nbsp;&nbsp;&nbsp;COM_MainErasPssW
<LI><a href="#[12a]">&gt;&gt;</a>&nbsp;&nbsp;&nbsp;COM_MainCh9511
</UL>

<P><STRONG><a name="[12b]"></a>COM_MainErasPssW</STRONG> (Thumb, 140 bytes, Stack size 32 bytes, com.o(.text), UNUSED)
<BR><BR>[Calls]<UL><LI><a href="#[12c]">&gt;&gt;</a>&nbsp;&nbsp;&nbsp;FLASH_Unlock
<LI><a href="#[12e]">&gt;&gt;</a>&nbsp;&nbsp;&nbsp;FLASH_Lock
<LI><a href="#[12d]">&gt;&gt;</a>&nbsp;&nbsp;&nbsp;FLASH_ErasePage
<LI><a href="#[127]">&gt;&gt;</a>&nbsp;&nbsp;&nbsp;Get_Stream
</UL>

<P><STRONG><a name="[12f]"></a>PRO_MainSetPssW</STRONG> (Thumb, 116 bytes, Stack size 48 bytes, com.o(.text), UNUSED)
<BR><BR>[Calls]<UL><LI><a href="#[12c]">&gt;&gt;</a>&nbsp;&nbsp;&nbsp;FLASH_Unlock
<LI><a href="#[130]">&gt;&gt;</a>&nbsp;&nbsp;&nbsp;FLASH_ProgramHalfWord
<LI><a href="#[12e]">&gt;&gt;</a>&nbsp;&nbsp;&nbsp;FLASH_Lock
<LI><a href="#[12d]">&gt;&gt;</a>&nbsp;&nbsp;&nbsp;FLASH_ErasePage
</UL>
<BR>[Called By]<UL><LI><a href="#[131]">&gt;&gt;</a>&nbsp;&nbsp;&nbsp;COM_MainSetPssW
</UL>

<P><STRONG><a name="[131]"></a>COM_MainSetPssW</STRONG> (Thumb, 496 bytes, Stack size 96 bytes, com.o(.text), UNUSED)
<BR><BR>[Calls]<UL><LI><a href="#[128]">&gt;&gt;</a>&nbsp;&nbsp;&nbsp;crypto_des3_encrypt
<LI><a href="#[126]">&gt;&gt;</a>&nbsp;&nbsp;&nbsp;crypto_des3_decrypt
<LI><a href="#[125]">&gt;&gt;</a>&nbsp;&nbsp;&nbsp;BitStreamDecode
<LI><a href="#[12f]">&gt;&gt;</a>&nbsp;&nbsp;&nbsp;PRO_MainSetPssW
<LI><a href="#[127]">&gt;&gt;</a>&nbsp;&nbsp;&nbsp;Get_Stream
</UL>

<P><STRONG><a name="[7b]"></a>HDLED_Init</STRONG> (Thumb, 88 bytes, Stack size 32 bytes, hdled.o(.text))
<BR><BR>[Stack]<UL><LI>Max Depth = 152 + Unknown Stack Size
<LI>Call Chain = HDLED_Init &rArr; OSTaskCreateExt &rArr; OS_TCBInit &rArr; OSTCBInitHook
</UL>
<BR>[Calls]<UL><LI><a href="#[74]">&gt;&gt;</a>&nbsp;&nbsp;&nbsp;OSTaskCreateExt
</UL>
<BR>[Called By]<UL><LI><a href="#[38]">&gt;&gt;</a>&nbsp;&nbsp;&nbsp;App_TaskStart
</UL>

<P><STRONG><a name="[229]"></a>HDLED_Get</STRONG> (Thumb, 26 bytes, Stack size 0 bytes, hdled.o(.text), UNUSED)

<P><STRONG><a name="[a8]"></a>HDLED_Set</STRONG> (Thumb, 48 bytes, Stack size 16 bytes, hdled.o(.text))
<BR><BR>[Stack]<UL><LI>Max Depth = 56<LI>Call Chain = HDLED_Set &rArr; BSP_HD_LedSet &rArr; IO_OutSet
</UL>
<BR>[Calls]<UL><LI><a href="#[133]">&gt;&gt;</a>&nbsp;&nbsp;&nbsp;BSP_HD_LedSet
</UL>
<BR>[Called By]<UL><LI><a href="#[5b]">&gt;&gt;</a>&nbsp;&nbsp;&nbsp;COM_9511SetGreALL
<LI><a href="#[5a]">&gt;&gt;</a>&nbsp;&nbsp;&nbsp;COM_9511SetOraEven
<LI><a href="#[59]">&gt;&gt;</a>&nbsp;&nbsp;&nbsp;COM_9511SetGreEven
<LI><a href="#[58]">&gt;&gt;</a>&nbsp;&nbsp;&nbsp;COM_9511SetRedEven
<LI><a href="#[55]">&gt;&gt;</a>&nbsp;&nbsp;&nbsp;COM_9511SetOraOdd
<LI><a href="#[54]">&gt;&gt;</a>&nbsp;&nbsp;&nbsp;COM_9511SetGreOdd
<LI><a href="#[53]">&gt;&gt;</a>&nbsp;&nbsp;&nbsp;COM_9511SetRedOdd
<LI><a href="#[e1]">&gt;&gt;</a>&nbsp;&nbsp;&nbsp;COM_LedUpdate
<LI><a href="#[a7]">&gt;&gt;</a>&nbsp;&nbsp;&nbsp;DBG_HD
</UL>

<P><STRONG><a name="[72]"></a>HDLED_Sparkle</STRONG> (Thumb, 30 bytes, Stack size 16 bytes, hdled.o(.text))
<BR><BR>[Stack]<UL><LI>Max Depth = 40 + Unknown Stack Size
<LI>Call Chain = HDLED_Sparkle &rArr; OSTaskResume &rArr; OS_Sched
</UL>
<BR>[Calls]<UL><LI><a href="#[135]">&gt;&gt;</a>&nbsp;&nbsp;&nbsp;OSTaskResume
</UL>
<BR>[Called By]<UL><LI><a href="#[112]">&gt;&gt;</a>&nbsp;&nbsp;&nbsp;COM_9511MAStartUp
<LI><a href="#[109]">&gt;&gt;</a>&nbsp;&nbsp;&nbsp;COM_9511MAOneLoop
<LI><a href="#[e1]">&gt;&gt;</a>&nbsp;&nbsp;&nbsp;COM_LedUpdate
<LI><a href="#[a6]">&gt;&gt;</a>&nbsp;&nbsp;&nbsp;DBG_EndAlarm
<LI><a href="#[89]">&gt;&gt;</a>&nbsp;&nbsp;&nbsp;COM_DXSparkel
<LI><a href="#[37]">&gt;&gt;</a>&nbsp;&nbsp;&nbsp;App_TaskUserIF
</UL>

<P><STRONG><a name="[af]"></a>BSP_TM8M_Get</STRONG> (Thumb, 6 bytes, Stack size 0 bytes, bsp.o(.text))
<BR><BR>[Called By]<UL><LI><a href="#[be]">&gt;&gt;</a>&nbsp;&nbsp;&nbsp;MOTO_Start
<LI><a href="#[ae]">&gt;&gt;</a>&nbsp;&nbsp;&nbsp;DBG_C491IsOK
</UL>

<P><STRONG><a name="[ab]"></a>BSP_TM8M_Delay</STRONG> (Thumb, 54 bytes, Stack size 8 bytes, bsp.o(.text))
<BR><BR>[Stack]<UL><LI>Max Depth = 8<LI>Call Chain = BSP_TM8M_Delay
</UL>
<BR>[Called By]<UL><LI><a href="#[163]">&gt;&gt;</a>&nbsp;&nbsp;&nbsp;BSP_DIP_Init
<LI><a href="#[157]">&gt;&gt;</a>&nbsp;&nbsp;&nbsp;BSP_MOTO_Init
<LI><a href="#[a9]">&gt;&gt;</a>&nbsp;&nbsp;&nbsp;DBG_SqnSwiIsOK
</UL>

<P><STRONG><a name="[141]"></a>BSP_TM_CNT_SpdSet</STRONG> (Thumb, 32 bytes, Stack size 8 bytes, bsp.o(.text), UNUSED)
<BR><BR>[Calls]<UL><LI><a href="#[142]">&gt;&gt;</a>&nbsp;&nbsp;&nbsp;TIM_PrescalerConfig
</UL>

<P><STRONG><a name="[22a]"></a>BSP_TM_CNT_Get</STRONG> (Thumb, 6 bytes, Stack size 0 bytes, bsp.o(.text), UNUSED)

<P><STRONG><a name="[aa]"></a>BSP_SQN_EmbStSend</STRONG> (Thumb, 20 bytes, Stack size 16 bytes, bsp.o(.text))
<BR><BR>[Stack]<UL><LI>Max Depth = 88<LI>Call Chain = BSP_SQN_EmbStSend &rArr; IO_MultiOutSet &rArr; IO_IdsToPortPinMsk
</UL>
<BR>[Calls]<UL><LI><a href="#[143]">&gt;&gt;</a>&nbsp;&nbsp;&nbsp;IO_MultiOutSet
</UL>
<BR>[Called By]<UL><LI><a href="#[144]">&gt;&gt;</a>&nbsp;&nbsp;&nbsp;BSP_SQN_Init
<LI><a href="#[e8]">&gt;&gt;</a>&nbsp;&nbsp;&nbsp;COM_SqnUpdate
<LI><a href="#[a9]">&gt;&gt;</a>&nbsp;&nbsp;&nbsp;DBG_SqnSwiIsOK
</UL>

<P><STRONG><a name="[156]"></a>BSP_MOTO_MSet</STRONG> (Thumb, 20 bytes, Stack size 16 bytes, bsp.o(.text))
<BR><BR>[Stack]<UL><LI>Max Depth = 88<LI>Call Chain = BSP_MOTO_MSet &rArr; IO_MultiOutSet &rArr; IO_IdsToPortPinMsk
</UL>
<BR>[Calls]<UL><LI><a href="#[143]">&gt;&gt;</a>&nbsp;&nbsp;&nbsp;IO_MultiOutSet
</UL>
<BR>[Called By]<UL><LI><a href="#[168]">&gt;&gt;</a>&nbsp;&nbsp;&nbsp;BSP_MOTO_Step_Init
<LI><a href="#[157]">&gt;&gt;</a>&nbsp;&nbsp;&nbsp;BSP_MOTO_Init
</UL>

<P><STRONG><a name="[b9]"></a>BSP_MOTO_TQSet</STRONG> (Thumb, 20 bytes, Stack size 16 bytes, bsp.o(.text))
<BR><BR>[Stack]<UL><LI>Max Depth = 88<LI>Call Chain = BSP_MOTO_TQSet &rArr; IO_MultiOutSet &rArr; IO_IdsToPortPinMsk
</UL>
<BR>[Calls]<UL><LI><a href="#[143]">&gt;&gt;</a>&nbsp;&nbsp;&nbsp;IO_MultiOutSet
</UL>
<BR>[Called By]<UL><LI><a href="#[167]">&gt;&gt;</a>&nbsp;&nbsp;&nbsp;BSP_MOTO_Sitch_Init
<LI><a href="#[157]">&gt;&gt;</a>&nbsp;&nbsp;&nbsp;BSP_MOTO_Init
<LI><a href="#[be]">&gt;&gt;</a>&nbsp;&nbsp;&nbsp;MOTO_Start
<LI><a href="#[b6]">&gt;&gt;</a>&nbsp;&nbsp;&nbsp;MOTO_Stop
</UL>

<P><STRONG><a name="[b8]"></a>BSP_MOTO_ClkSet</STRONG> (Thumb, 18 bytes, Stack size 16 bytes, bsp.o(.text))
<BR><BR>[Stack]<UL><LI>Max Depth = 40<LI>Call Chain = BSP_MOTO_ClkSet &rArr; IO_OutSet
</UL>
<BR>[Calls]<UL><LI><a href="#[b1]">&gt;&gt;</a>&nbsp;&nbsp;&nbsp;IO_OutSet
</UL>
<BR>[Called By]<UL><LI><a href="#[157]">&gt;&gt;</a>&nbsp;&nbsp;&nbsp;BSP_MOTO_Init
<LI><a href="#[d5]">&gt;&gt;</a>&nbsp;&nbsp;&nbsp;MOTO_Hgh
<LI><a href="#[be]">&gt;&gt;</a>&nbsp;&nbsp;&nbsp;MOTO_Start
<LI><a href="#[b6]">&gt;&gt;</a>&nbsp;&nbsp;&nbsp;MOTO_Stop
<LI><a href="#[99]">&gt;&gt;</a>&nbsp;&nbsp;&nbsp;MOTO_IRQandClr
</UL>

<P><STRONG><a name="[132]"></a>BSP_SOL_Set</STRONG> (Thumb, 34 bytes, Stack size 16 bytes, bsp.o(.text))
<BR><BR>[Stack]<UL><LI>Max Depth = 40<LI>Call Chain = BSP_SOL_Set &rArr; IO_OutSet
</UL>
<BR>[Calls]<UL><LI><a href="#[b1]">&gt;&gt;</a>&nbsp;&nbsp;&nbsp;IO_OutSet
</UL>
<BR>[Called By]<UL><LI><a href="#[158]">&gt;&gt;</a>&nbsp;&nbsp;&nbsp;BSP_SOL_Init
<LI><a href="#[41]">&gt;&gt;</a>&nbsp;&nbsp;&nbsp;COM_9511SetSol
<LI><a href="#[8f]">&gt;&gt;</a>&nbsp;&nbsp;&nbsp;BSP_SOL_TmrProc
</UL>

<P><STRONG><a name="[133]"></a>BSP_HD_LedSet</STRONG> (Thumb, 30 bytes, Stack size 16 bytes, bsp.o(.text))
<BR><BR>[Stack]<UL><LI>Max Depth = 40<LI>Call Chain = BSP_HD_LedSet &rArr; IO_OutSet
</UL>
<BR>[Calls]<UL><LI><a href="#[b1]">&gt;&gt;</a>&nbsp;&nbsp;&nbsp;IO_OutSet
</UL>
<BR>[Called By]<UL><LI><a href="#[159]">&gt;&gt;</a>&nbsp;&nbsp;&nbsp;BSP_HD_Init
<LI><a href="#[3e]">&gt;&gt;</a>&nbsp;&nbsp;&nbsp;HDLED_TaskSparkling
<LI><a href="#[a8]">&gt;&gt;</a>&nbsp;&nbsp;&nbsp;HDLED_Set
</UL>

<P><STRONG><a name="[85]"></a>BSP_LED_Set</STRONG> (Thumb, 30 bytes, Stack size 16 bytes, bsp.o(.text))
<BR><BR>[Stack]<UL><LI>Max Depth = 40<LI>Call Chain = BSP_LED_Set &rArr; IO_OutSet
</UL>
<BR>[Calls]<UL><LI><a href="#[b1]">&gt;&gt;</a>&nbsp;&nbsp;&nbsp;IO_OutSet
</UL>
<BR>[Called By]<UL><LI><a href="#[15a]">&gt;&gt;</a>&nbsp;&nbsp;&nbsp;BSP_LED_Init
<LI><a href="#[a5]">&gt;&gt;</a>&nbsp;&nbsp;&nbsp;DBG_StartAlarmTestLed
<LI><a href="#[91]">&gt;&gt;</a>&nbsp;&nbsp;&nbsp;DispErrNo
<LI><a href="#[38]">&gt;&gt;</a>&nbsp;&nbsp;&nbsp;App_TaskStart
</UL>

<P><STRONG><a name="[b2]"></a>BSP_DIP_Get</STRONG> (Thumb, 42 bytes, Stack size 8 bytes, bsp.o(.text))
<BR><BR>[Stack]<UL><LI>Max Depth = 72<LI>Call Chain = BSP_DIP_Get &rArr; IO_MultiInGet &rArr; IO_IdsToPortPinMsk
</UL>
<BR>[Calls]<UL><LI><a href="#[162]">&gt;&gt;</a>&nbsp;&nbsp;&nbsp;IO_MultiInGet
</UL>
<BR>[Called By]<UL><LI><a href="#[163]">&gt;&gt;</a>&nbsp;&nbsp;&nbsp;BSP_DIP_Init
<LI><a href="#[7e]">&gt;&gt;</a>&nbsp;&nbsp;&nbsp;DBG_ALL
</UL>

<P><STRONG><a name="[76]"></a>BSP_Init</STRONG> (Thumb, 70 bytes, Stack size 8 bytes, bsp.o(.text))
<BR><BR>[Stack]<UL><LI>Max Depth = 128<LI>Call Chain = BSP_Init &rArr; BSP_POT_Init &rArr; IO_Init &rArr; GPIO_Init
</UL>
<BR>[Calls]<UL><LI><a href="#[163]">&gt;&gt;</a>&nbsp;&nbsp;&nbsp;BSP_DIP_Init
<LI><a href="#[15e]">&gt;&gt;</a>&nbsp;&nbsp;&nbsp;BSP_ENC_Init
<LI><a href="#[15b]">&gt;&gt;</a>&nbsp;&nbsp;&nbsp;BSP_ENC_IndexEn
<LI><a href="#[15a]">&gt;&gt;</a>&nbsp;&nbsp;&nbsp;BSP_LED_Init
<LI><a href="#[159]">&gt;&gt;</a>&nbsp;&nbsp;&nbsp;BSP_HD_Init
<LI><a href="#[158]">&gt;&gt;</a>&nbsp;&nbsp;&nbsp;BSP_SOL_Init
<LI><a href="#[157]">&gt;&gt;</a>&nbsp;&nbsp;&nbsp;BSP_MOTO_Init
<LI><a href="#[155]">&gt;&gt;</a>&nbsp;&nbsp;&nbsp;BSP_SWI_Init
<LI><a href="#[146]">&gt;&gt;</a>&nbsp;&nbsp;&nbsp;BSP_POT_Init
<LI><a href="#[144]">&gt;&gt;</a>&nbsp;&nbsp;&nbsp;BSP_SQN_Init
<LI><a href="#[164]">&gt;&gt;</a>&nbsp;&nbsp;&nbsp;BSP_Judge924
<LI><a href="#[140]">&gt;&gt;</a>&nbsp;&nbsp;&nbsp;BSP_TM_CNT_Init
<LI><a href="#[13d]">&gt;&gt;</a>&nbsp;&nbsp;&nbsp;BSP_TM8M_Init
<LI><a href="#[13a]">&gt;&gt;</a>&nbsp;&nbsp;&nbsp;BSP_NVIC_Cfg
<LI><a href="#[136]">&gt;&gt;</a>&nbsp;&nbsp;&nbsp;BSP_EnPeriph
</UL>
<BR>[Called By]<UL><LI><a href="#[38]">&gt;&gt;</a>&nbsp;&nbsp;&nbsp;App_TaskStart
</UL>

<P><STRONG><a name="[71]"></a>BSP_LED_Toggle</STRONG> (Thumb, 26 bytes, Stack size 16 bytes, bsp.o(.text))
<BR><BR>[Stack]<UL><LI>Max Depth = 32<LI>Call Chain = BSP_LED_Toggle &rArr; IO_OutToggle
</UL>
<BR>[Calls]<UL><LI><a href="#[165]">&gt;&gt;</a>&nbsp;&nbsp;&nbsp;IO_OutToggle
</UL>
<BR>[Called By]<UL><LI><a href="#[11d]">&gt;&gt;</a>&nbsp;&nbsp;&nbsp;COM_9511RxHandle
<LI><a href="#[a5]">&gt;&gt;</a>&nbsp;&nbsp;&nbsp;DBG_StartAlarmTestLed
<LI><a href="#[91]">&gt;&gt;</a>&nbsp;&nbsp;&nbsp;DispErrNo
<LI><a href="#[7e]">&gt;&gt;</a>&nbsp;&nbsp;&nbsp;DBG_ALL
<LI><a href="#[37]">&gt;&gt;</a>&nbsp;&nbsp;&nbsp;App_TaskUserIF
</UL>

<P><STRONG><a name="[a4]"></a>BSP_HD_KeyGet</STRONG> (Thumb, 30 bytes, Stack size 16 bytes, bsp.o(.text))
<BR><BR>[Stack]<UL><LI>Max Depth = 32<LI>Call Chain = BSP_HD_KeyGet &rArr; IO_InGet
</UL>
<BR>[Calls]<UL><LI><a href="#[166]">&gt;&gt;</a>&nbsp;&nbsp;&nbsp;IO_InGet
</UL>
<BR>[Called By]<UL><LI><a href="#[3c]">&gt;&gt;</a>&nbsp;&nbsp;&nbsp;IN_TaskScan
<LI><a href="#[a7]">&gt;&gt;</a>&nbsp;&nbsp;&nbsp;DBG_HD
<LI><a href="#[7c]">&gt;&gt;</a>&nbsp;&nbsp;&nbsp;DBG_IsDebug
</UL>

<P><STRONG><a name="[bc]"></a>BSP_MOTO_StatusGet</STRONG> (Thumb, 16 bytes, Stack size 8 bytes, bsp.o(.text))
<BR><BR>[Stack]<UL><LI>Max Depth = 24<LI>Call Chain = BSP_MOTO_StatusGet &rArr; IO_InGet
</UL>
<BR>[Calls]<UL><LI><a href="#[166]">&gt;&gt;</a>&nbsp;&nbsp;&nbsp;IO_InGet
</UL>
<BR>[Called By]<UL><LI><a href="#[d3]">&gt;&gt;</a>&nbsp;&nbsp;&nbsp;MOTO_HghStepUntil
<LI><a href="#[bd]">&gt;&gt;</a>&nbsp;&nbsp;&nbsp;MOTO_CutStepUntil
<LI><a href="#[ba]">&gt;&gt;</a>&nbsp;&nbsp;&nbsp;MOTO_Step
</UL>

<P><STRONG><a name="[169]"></a>BSP_MOTO_ClkGet</STRONG> (Thumb, 16 bytes, Stack size 8 bytes, bsp.o(.text), UNUSED)
<BR><BR>[Calls]<UL><LI><a href="#[16a]">&gt;&gt;</a>&nbsp;&nbsp;&nbsp;IO_OutGet
</UL>

<P><STRONG><a name="[bf]"></a>BSP_MOTO_DirSet</STRONG> (Thumb, 18 bytes, Stack size 16 bytes, bsp.o(.text))
<BR><BR>[Stack]<UL><LI>Max Depth = 40<LI>Call Chain = BSP_MOTO_DirSet &rArr; IO_OutSet
</UL>
<BR>[Calls]<UL><LI><a href="#[b1]">&gt;&gt;</a>&nbsp;&nbsp;&nbsp;IO_OutSet
</UL>
<BR>[Called By]<UL><LI><a href="#[be]">&gt;&gt;</a>&nbsp;&nbsp;&nbsp;MOTO_Start
</UL>

<P><STRONG><a name="[22b]"></a>BSP_ENC_CntSet</STRONG> (Thumb, 10 bytes, Stack size 0 bytes, bsp.o(.text), UNUSED)

<P><STRONG><a name="[22c]"></a>BSP_ENC_CntGet</STRONG> (Thumb, 12 bytes, Stack size 0 bytes, bsp.o(.text), UNUSED)

<P><STRONG><a name="[ac]"></a>BSP_SWI_FiGet</STRONG> (Thumb, 16 bytes, Stack size 8 bytes, bsp.o(.text))
<BR><BR>[Stack]<UL><LI>Max Depth = 24<LI>Call Chain = BSP_SWI_FiGet &rArr; IO_InGet
</UL>
<BR>[Calls]<UL><LI><a href="#[166]">&gt;&gt;</a>&nbsp;&nbsp;&nbsp;IO_InGet
</UL>
<BR>[Called By]<UL><LI><a href="#[11b]">&gt;&gt;</a>&nbsp;&nbsp;&nbsp;COM_UpStByKeyMd
<LI><a href="#[11a]">&gt;&gt;</a>&nbsp;&nbsp;&nbsp;COM_UpStByKeyUp
<LI><a href="#[117]">&gt;&gt;</a>&nbsp;&nbsp;&nbsp;COM_9511GetCutOrg
<LI><a href="#[4f]">&gt;&gt;</a>&nbsp;&nbsp;&nbsp;COM_Tangkong_Position
<LI><a href="#[e3]">&gt;&gt;</a>&nbsp;&nbsp;&nbsp;MOT_CUT_Get_SwiDirIsStatus
<LI><a href="#[da]">&gt;&gt;</a>&nbsp;&nbsp;&nbsp;IN_TenGetOne
<LI><a href="#[c8]">&gt;&gt;</a>&nbsp;&nbsp;&nbsp;MOTO_CutOut
<LI><a href="#[c7]">&gt;&gt;</a>&nbsp;&nbsp;&nbsp;MOTO_CutIn
<LI><a href="#[c5]">&gt;&gt;</a>&nbsp;&nbsp;&nbsp;MOTO_CutOutH
<LI><a href="#[c2]">&gt;&gt;</a>&nbsp;&nbsp;&nbsp;MOTO_CutOutO
<LI><a href="#[c1]">&gt;&gt;</a>&nbsp;&nbsp;&nbsp;MOTO_CutOutD
<LI><a href="#[bd]">&gt;&gt;</a>&nbsp;&nbsp;&nbsp;MOTO_CutStepUntil
<LI><a href="#[a9]">&gt;&gt;</a>&nbsp;&nbsp;&nbsp;DBG_SqnSwiIsOK
</UL>

<P><STRONG><a name="[ad]"></a>BSP_SWI_SeGet</STRONG> (Thumb, 98 bytes, Stack size 8 bytes, bsp.o(.text))
<BR><BR>[Stack]<UL><LI>Max Depth = 24<LI>Call Chain = BSP_SWI_SeGet &rArr; IO_InGet
</UL>
<BR>[Calls]<UL><LI><a href="#[166]">&gt;&gt;</a>&nbsp;&nbsp;&nbsp;IO_InGet
</UL>
<BR>[Called By]<UL><LI><a href="#[f4]">&gt;&gt;</a>&nbsp;&nbsp;&nbsp;COM_9511GetIsSqnUp
<LI><a href="#[da]">&gt;&gt;</a>&nbsp;&nbsp;&nbsp;IN_TenGetOne
<LI><a href="#[a9]">&gt;&gt;</a>&nbsp;&nbsp;&nbsp;DBG_SqnSwiIsOK
</UL>

<P><STRONG><a name="[d0]"></a>BSP_POT_GetOne</STRONG> (Thumb, 102 bytes, Stack size 8 bytes, bsp.o(.text), UNUSED)
<BR><BR>[Called By]<UL><LI><a href="#[cf]">&gt;&gt;</a>&nbsp;&nbsp;&nbsp;MOTO_HghTestIsUp
</UL>

<P><STRONG><a name="[b5]"></a>BSP_POT_GetAve</STRONG> (Thumb, 68 bytes, Stack size 0 bytes, bsp.o(.text))
<BR><BR>[Called By]<UL><LI><a href="#[108]">&gt;&gt;</a>&nbsp;&nbsp;&nbsp;COM_9511GetADEven
<LI><a href="#[107]">&gt;&gt;</a>&nbsp;&nbsp;&nbsp;COM_9511GetADOdd
<LI><a href="#[d2]">&gt;&gt;</a>&nbsp;&nbsp;&nbsp;MOTO_HghPotGetAve
<LI><a href="#[7e]">&gt;&gt;</a>&nbsp;&nbsp;&nbsp;DBG_ALL
</UL>

<P><STRONG><a name="[a0]"></a>BSP_491_DeSet</STRONG> (Thumb, 26 bytes, Stack size 8 bytes, bsp.o(.text))
<BR><BR>[Stack]<UL><LI>Max Depth = 32<LI>Call Chain = BSP_491_DeSet &rArr; IO_OutSet
</UL>
<BR>[Calls]<UL><LI><a href="#[b1]">&gt;&gt;</a>&nbsp;&nbsp;&nbsp;IO_OutSet
</UL>
<BR>[Called By]<UL><LI><a href="#[9b]">&gt;&gt;</a>&nbsp;&nbsp;&nbsp;BSP_491_Init
<LI><a href="#[a3]">&gt;&gt;</a>&nbsp;&nbsp;&nbsp;C491_Send
<LI><a href="#[a1]">&gt;&gt;</a>&nbsp;&nbsp;&nbsp;C491_SendBuf
<LI><a href="#[98]">&gt;&gt;</a>&nbsp;&nbsp;&nbsp;C491_IrqTx
</UL>

<P><STRONG><a name="[9b]"></a>BSP_491_Init</STRONG> (Thumb, 124 bytes, Stack size 24 bytes, bsp.o(.text))
<BR><BR>[Stack]<UL><LI>Max Depth = 92<LI>Call Chain = BSP_491_Init &rArr; USART_Init &rArr; RCC_GetClocksFreq
</UL>
<BR>[Calls]<UL><LI><a href="#[16b]">&gt;&gt;</a>&nbsp;&nbsp;&nbsp;USART_Init
<LI><a href="#[16c]">&gt;&gt;</a>&nbsp;&nbsp;&nbsp;USART_Cmd
<LI><a href="#[153]">&gt;&gt;</a>&nbsp;&nbsp;&nbsp;IO_Init
<LI><a href="#[9f]">&gt;&gt;</a>&nbsp;&nbsp;&nbsp;USART_ITConfig
<LI><a href="#[a0]">&gt;&gt;</a>&nbsp;&nbsp;&nbsp;BSP_491_DeSet
</UL>
<BR>[Called By]<UL><LI><a href="#[79]">&gt;&gt;</a>&nbsp;&nbsp;&nbsp;C491_Init
</UL>

<P><STRONG><a name="[80]"></a>UID_Change2_D</STRONG> (Thumb, 30 bytes, Stack size 8 bytes, bsp.o(.text))
<BR><BR>[Stack]<UL><LI>Max Depth = 8<LI>Call Chain = UID_Change2_D
</UL>
<BR>[Called By]<UL><LI><a href="#[38]">&gt;&gt;</a>&nbsp;&nbsp;&nbsp;App_TaskStart
</UL>

<P><STRONG><a name="[82]"></a>Get_9511_ID</STRONG> (Thumb, 26 bytes, Stack size 0 bytes, bsp.o(.text))
<BR><BR>[Called By]<UL><LI><a href="#[38]">&gt;&gt;</a>&nbsp;&nbsp;&nbsp;App_TaskStart
</UL>

<P><STRONG><a name="[83]"></a>Get_Main_ID</STRONG> (Thumb, 856 bytes, Stack size 40 bytes, bsp.o(.text))
<BR><BR>[Stack]<UL><LI>Max Depth = 96<LI>Call Chain = Get_Main_ID &rArr; crypto_des3_decrypt
</UL>
<BR>[Calls]<UL><LI><a href="#[16d]">&gt;&gt;</a>&nbsp;&nbsp;&nbsp;Get_Main_ID_Status
<LI><a href="#[126]">&gt;&gt;</a>&nbsp;&nbsp;&nbsp;crypto_des3_decrypt
<LI><a href="#[12c]">&gt;&gt;</a>&nbsp;&nbsp;&nbsp;FLASH_Unlock
<LI><a href="#[12e]">&gt;&gt;</a>&nbsp;&nbsp;&nbsp;FLASH_Lock
<LI><a href="#[12d]">&gt;&gt;</a>&nbsp;&nbsp;&nbsp;FLASH_ErasePage
</UL>
<BR>[Called By]<UL><LI><a href="#[127]">&gt;&gt;</a>&nbsp;&nbsp;&nbsp;Get_Stream
<LI><a href="#[38]">&gt;&gt;</a>&nbsp;&nbsp;&nbsp;App_TaskStart
</UL>

<P><STRONG><a name="[8f]"></a>BSP_SOL_TmrProc</STRONG> (Thumb, 54 bytes, Stack size 8 bytes, bsp.o(.text))
<BR><BR>[Stack]<UL><LI>Max Depth = 48<LI>Call Chain = BSP_SOL_TmrProc &rArr; BSP_SOL_Set &rArr; IO_OutSet
</UL>
<BR>[Calls]<UL><LI><a href="#[132]">&gt;&gt;</a>&nbsp;&nbsp;&nbsp;BSP_SOL_Set
</UL>
<BR>[Called By]<UL><LI><a href="#[8d]">&gt;&gt;</a>&nbsp;&nbsp;&nbsp;App_TimeTickHook
</UL>

<P><STRONG><a name="[153]"></a>IO_Init</STRONG> (Thumb, 48 bytes, Stack size 24 bytes, io.o(.text))
<BR><BR>[Stack]<UL><LI>Max Depth = 48<LI>Call Chain = IO_Init &rArr; GPIO_Init
</UL>
<BR>[Calls]<UL><LI><a href="#[170]">&gt;&gt;</a>&nbsp;&nbsp;&nbsp;GPIO_Init
<LI><a href="#[16f]">&gt;&gt;</a>&nbsp;&nbsp;&nbsp;IO_IdToPortPin
</UL>
<BR>[Called By]<UL><LI><a href="#[15e]">&gt;&gt;</a>&nbsp;&nbsp;&nbsp;BSP_ENC_Init
<LI><a href="#[15a]">&gt;&gt;</a>&nbsp;&nbsp;&nbsp;BSP_LED_Init
<LI><a href="#[159]">&gt;&gt;</a>&nbsp;&nbsp;&nbsp;BSP_HD_Init
<LI><a href="#[158]">&gt;&gt;</a>&nbsp;&nbsp;&nbsp;BSP_SOL_Init
<LI><a href="#[157]">&gt;&gt;</a>&nbsp;&nbsp;&nbsp;BSP_MOTO_Init
<LI><a href="#[155]">&gt;&gt;</a>&nbsp;&nbsp;&nbsp;BSP_SWI_Init
<LI><a href="#[146]">&gt;&gt;</a>&nbsp;&nbsp;&nbsp;BSP_POT_Init
<LI><a href="#[9b]">&gt;&gt;</a>&nbsp;&nbsp;&nbsp;BSP_491_Init
</UL>

<P><STRONG><a name="[145]"></a>IO_MultiInit</STRONG> (Thumb, 60 bytes, Stack size 40 bytes, io.o(.text))
<BR><BR>[Stack]<UL><LI>Max Depth = 72<LI>Call Chain = IO_MultiInit &rArr; IO_IdsToPortPinMsk
</UL>
<BR>[Calls]<UL><LI><a href="#[170]">&gt;&gt;</a>&nbsp;&nbsp;&nbsp;GPIO_Init
<LI><a href="#[16e]">&gt;&gt;</a>&nbsp;&nbsp;&nbsp;IO_IdsToPortPinMsk
</UL>
<BR>[Called By]<UL><LI><a href="#[168]">&gt;&gt;</a>&nbsp;&nbsp;&nbsp;BSP_MOTO_Step_Init
<LI><a href="#[167]">&gt;&gt;</a>&nbsp;&nbsp;&nbsp;BSP_MOTO_Sitch_Init
<LI><a href="#[163]">&gt;&gt;</a>&nbsp;&nbsp;&nbsp;BSP_DIP_Init
<LI><a href="#[15e]">&gt;&gt;</a>&nbsp;&nbsp;&nbsp;BSP_ENC_Init
<LI><a href="#[157]">&gt;&gt;</a>&nbsp;&nbsp;&nbsp;BSP_MOTO_Init
<LI><a href="#[144]">&gt;&gt;</a>&nbsp;&nbsp;&nbsp;BSP_SQN_Init
</UL>

<P><STRONG><a name="[166]"></a>IO_InGet</STRONG> (Thumb, 28 bytes, Stack size 16 bytes, io.o(.text))
<BR><BR>[Stack]<UL><LI>Max Depth = 16<LI>Call Chain = IO_InGet
</UL>
<BR>[Calls]<UL><LI><a href="#[16f]">&gt;&gt;</a>&nbsp;&nbsp;&nbsp;IO_IdToPortPin
</UL>
<BR>[Called By]<UL><LI><a href="#[bc]">&gt;&gt;</a>&nbsp;&nbsp;&nbsp;BSP_MOTO_StatusGet
<LI><a href="#[ad]">&gt;&gt;</a>&nbsp;&nbsp;&nbsp;BSP_SWI_SeGet
<LI><a href="#[ac]">&gt;&gt;</a>&nbsp;&nbsp;&nbsp;BSP_SWI_FiGet
<LI><a href="#[a4]">&gt;&gt;</a>&nbsp;&nbsp;&nbsp;BSP_HD_KeyGet
</UL>

<P><STRONG><a name="[162]"></a>IO_MultiInGet</STRONG> (Thumb, 38 bytes, Stack size 32 bytes, io.o(.text))
<BR><BR>[Stack]<UL><LI>Max Depth = 64<LI>Call Chain = IO_MultiInGet &rArr; IO_IdsToPortPinMsk
</UL>
<BR>[Calls]<UL><LI><a href="#[16e]">&gt;&gt;</a>&nbsp;&nbsp;&nbsp;IO_IdsToPortPinMsk
</UL>
<BR>[Called By]<UL><LI><a href="#[b2]">&gt;&gt;</a>&nbsp;&nbsp;&nbsp;BSP_DIP_Get
</UL>

<P><STRONG><a name="[16a]"></a>IO_OutGet</STRONG> (Thumb, 28 bytes, Stack size 16 bytes, io.o(.text), UNUSED)
<BR><BR>[Calls]<UL><LI><a href="#[16f]">&gt;&gt;</a>&nbsp;&nbsp;&nbsp;IO_IdToPortPin
</UL>
<BR>[Called By]<UL><LI><a href="#[169]">&gt;&gt;</a>&nbsp;&nbsp;&nbsp;BSP_MOTO_ClkGet
</UL>

<P><STRONG><a name="[171]"></a>IO_MultiOutGet</STRONG> (Thumb, 38 bytes, Stack size 32 bytes, io.o(.text), UNUSED)
<BR><BR>[Calls]<UL><LI><a href="#[16e]">&gt;&gt;</a>&nbsp;&nbsp;&nbsp;IO_IdsToPortPinMsk
</UL>

<P><STRONG><a name="[b1]"></a>IO_OutSet</STRONG> (Thumb, 46 bytes, Stack size 24 bytes, io.o(.text))
<BR><BR>[Stack]<UL><LI>Max Depth = 24<LI>Call Chain = IO_OutSet
</UL>
<BR>[Calls]<UL><LI><a href="#[16f]">&gt;&gt;</a>&nbsp;&nbsp;&nbsp;IO_IdToPortPin
</UL>
<BR>[Called By]<UL><LI><a href="#[157]">&gt;&gt;</a>&nbsp;&nbsp;&nbsp;BSP_MOTO_Init
<LI><a href="#[133]">&gt;&gt;</a>&nbsp;&nbsp;&nbsp;BSP_HD_LedSet
<LI><a href="#[132]">&gt;&gt;</a>&nbsp;&nbsp;&nbsp;BSP_SOL_Set
<LI><a href="#[bf]">&gt;&gt;</a>&nbsp;&nbsp;&nbsp;BSP_MOTO_DirSet
<LI><a href="#[b8]">&gt;&gt;</a>&nbsp;&nbsp;&nbsp;BSP_MOTO_ClkSet
<LI><a href="#[b0]">&gt;&gt;</a>&nbsp;&nbsp;&nbsp;DBG_SolideOK
<LI><a href="#[a0]">&gt;&gt;</a>&nbsp;&nbsp;&nbsp;BSP_491_DeSet
<LI><a href="#[7e]">&gt;&gt;</a>&nbsp;&nbsp;&nbsp;DBG_ALL
<LI><a href="#[85]">&gt;&gt;</a>&nbsp;&nbsp;&nbsp;BSP_LED_Set
</UL>

<P><STRONG><a name="[143]"></a>IO_MultiOutSet</STRONG> (Thumb, 64 bytes, Stack size 40 bytes, io.o(.text))
<BR><BR>[Stack]<UL><LI>Max Depth = 72<LI>Call Chain = IO_MultiOutSet &rArr; IO_IdsToPortPinMsk
</UL>
<BR>[Calls]<UL><LI><a href="#[16e]">&gt;&gt;</a>&nbsp;&nbsp;&nbsp;IO_IdsToPortPinMsk
</UL>
<BR>[Called By]<UL><LI><a href="#[156]">&gt;&gt;</a>&nbsp;&nbsp;&nbsp;BSP_MOTO_MSet
<LI><a href="#[b9]">&gt;&gt;</a>&nbsp;&nbsp;&nbsp;BSP_MOTO_TQSet
<LI><a href="#[aa]">&gt;&gt;</a>&nbsp;&nbsp;&nbsp;BSP_SQN_EmbStSend
</UL>

<P><STRONG><a name="[165]"></a>IO_OutToggle</STRONG> (Thumb, 32 bytes, Stack size 16 bytes, io.o(.text))
<BR><BR>[Stack]<UL><LI>Max Depth = 16<LI>Call Chain = IO_OutToggle
</UL>
<BR>[Calls]<UL><LI><a href="#[16f]">&gt;&gt;</a>&nbsp;&nbsp;&nbsp;IO_IdToPortPin
</UL>
<BR>[Called By]<UL><LI><a href="#[71]">&gt;&gt;</a>&nbsp;&nbsp;&nbsp;BSP_LED_Toggle
</UL>

<P><STRONG><a name="[172]"></a>IO_MultiOutToggle</STRONG> (Thumb, 40 bytes, Stack size 32 bytes, io.o(.text), UNUSED)
<BR><BR>[Calls]<UL><LI><a href="#[16e]">&gt;&gt;</a>&nbsp;&nbsp;&nbsp;IO_IdsToPortPinMsk
</UL>

<P><STRONG><a name="[8e]"></a>OS_CPU_SR_Save</STRONG> (Thumb, 0 bytes, Stack size unknown bytes, os_cpu_a.o(.text))
<BR><BR>[Called By]<UL><LI><a href="#[17f]">&gt;&gt;</a>&nbsp;&nbsp;&nbsp;OSTimeTick
<LI><a href="#[b]">&gt;&gt;</a>&nbsp;&nbsp;&nbsp;OS_CPU_SysTickHandler
<LI><a href="#[134]">&gt;&gt;</a>&nbsp;&nbsp;&nbsp;OSTaskSuspend
<LI><a href="#[135]">&gt;&gt;</a>&nbsp;&nbsp;&nbsp;OSTaskResume
<LI><a href="#[3e]">&gt;&gt;</a>&nbsp;&nbsp;&nbsp;HDLED_TaskSparkling
<LI><a href="#[e0]">&gt;&gt;</a>&nbsp;&nbsp;&nbsp;IN_BRK_GetIsBrk
<LI><a href="#[df]">&gt;&gt;</a>&nbsp;&nbsp;&nbsp;IN_BRK_SampleStop
<LI><a href="#[de]">&gt;&gt;</a>&nbsp;&nbsp;&nbsp;IN_BRK_SentXJ
<LI><a href="#[dd]">&gt;&gt;</a>&nbsp;&nbsp;&nbsp;IN_BRK_SampleBegin
<LI><a href="#[db]">&gt;&gt;</a>&nbsp;&nbsp;&nbsp;IN_TenSample
<LI><a href="#[cd]">&gt;&gt;</a>&nbsp;&nbsp;&nbsp;MOTO_CutGetState
<LI><a href="#[b3]">&gt;&gt;</a>&nbsp;&nbsp;&nbsp;MOTO_HghGetState
<LI><a href="#[9c]">&gt;&gt;</a>&nbsp;&nbsp;&nbsp;OSSemPost
<LI><a href="#[9d]">&gt;&gt;</a>&nbsp;&nbsp;&nbsp;OSSemPend
<LI><a href="#[9a]">&gt;&gt;</a>&nbsp;&nbsp;&nbsp;OSSemCreate
<LI><a href="#[94]">&gt;&gt;</a>&nbsp;&nbsp;&nbsp;OSIntExit
<LI><a href="#[97]">&gt;&gt;</a>&nbsp;&nbsp;&nbsp;C491_IrqToRxBuf
<LI><a href="#[27]">&gt;&gt;</a>&nbsp;&nbsp;&nbsp;TIM1_CC_IRQHandler
<LI><a href="#[31]">&gt;&gt;</a>&nbsp;&nbsp;&nbsp;USART1_IRQHandler
<LI><a href="#[93]">&gt;&gt;</a>&nbsp;&nbsp;&nbsp;PPP_IRQHandler
<LI><a href="#[6f]">&gt;&gt;</a>&nbsp;&nbsp;&nbsp;OSTaskStkChk
<LI><a href="#[75]">&gt;&gt;</a>&nbsp;&nbsp;&nbsp;OSTaskNameSet
<LI><a href="#[74]">&gt;&gt;</a>&nbsp;&nbsp;&nbsp;OSTaskCreateExt
<LI><a href="#[78]">&gt;&gt;</a>&nbsp;&nbsp;&nbsp;OSStatInit
<LI><a href="#[86]">&gt;&gt;</a>&nbsp;&nbsp;&nbsp;C491_ReceiveOne
<LI><a href="#[8d]">&gt;&gt;</a>&nbsp;&nbsp;&nbsp;App_TimeTickHook
<LI><a href="#[1d1]">&gt;&gt;</a>&nbsp;&nbsp;&nbsp;OSTimeSet
<LI><a href="#[1d0]">&gt;&gt;</a>&nbsp;&nbsp;&nbsp;OSTimeGet
<LI><a href="#[1cf]">&gt;&gt;</a>&nbsp;&nbsp;&nbsp;OSTimeDlyResume
<LI><a href="#[1cd]">&gt;&gt;</a>&nbsp;&nbsp;&nbsp;OSTaskQuery
<LI><a href="#[1cc]">&gt;&gt;</a>&nbsp;&nbsp;&nbsp;OSTaskNameGet
<LI><a href="#[1cb]">&gt;&gt;</a>&nbsp;&nbsp;&nbsp;OSTaskDelReq
<LI><a href="#[1c9]">&gt;&gt;</a>&nbsp;&nbsp;&nbsp;OSTaskDel
<LI><a href="#[1c6]">&gt;&gt;</a>&nbsp;&nbsp;&nbsp;OSTaskCreate
<LI><a href="#[1c5]">&gt;&gt;</a>&nbsp;&nbsp;&nbsp;OSTaskChangePrio
<LI><a href="#[1c4]">&gt;&gt;</a>&nbsp;&nbsp;&nbsp;OSSemSet
<LI><a href="#[1c3]">&gt;&gt;</a>&nbsp;&nbsp;&nbsp;OSSemQuery
<LI><a href="#[1c2]">&gt;&gt;</a>&nbsp;&nbsp;&nbsp;OSSemPendAbort
<LI><a href="#[1c1]">&gt;&gt;</a>&nbsp;&nbsp;&nbsp;OSSemDel
<LI><a href="#[1c0]">&gt;&gt;</a>&nbsp;&nbsp;&nbsp;OSSemAccept
<LI><a href="#[1bf]">&gt;&gt;</a>&nbsp;&nbsp;&nbsp;OSQQuery
<LI><a href="#[1be]">&gt;&gt;</a>&nbsp;&nbsp;&nbsp;OSQPostOpt
<LI><a href="#[1bd]">&gt;&gt;</a>&nbsp;&nbsp;&nbsp;OSQPostFront
<LI><a href="#[1bc]">&gt;&gt;</a>&nbsp;&nbsp;&nbsp;OSQPost
<LI><a href="#[1bb]">&gt;&gt;</a>&nbsp;&nbsp;&nbsp;OSQPendAbort
<LI><a href="#[1b9]">&gt;&gt;</a>&nbsp;&nbsp;&nbsp;OSQPend
<LI><a href="#[1b8]">&gt;&gt;</a>&nbsp;&nbsp;&nbsp;OSQFlush
<LI><a href="#[1b7]">&gt;&gt;</a>&nbsp;&nbsp;&nbsp;OSQDel
<LI><a href="#[1b5]">&gt;&gt;</a>&nbsp;&nbsp;&nbsp;OSQCreate
<LI><a href="#[1b4]">&gt;&gt;</a>&nbsp;&nbsp;&nbsp;OSQAccept
<LI><a href="#[1b3]">&gt;&gt;</a>&nbsp;&nbsp;&nbsp;OSMemQuery
<LI><a href="#[1b2]">&gt;&gt;</a>&nbsp;&nbsp;&nbsp;OSMemPut
<LI><a href="#[1b1]">&gt;&gt;</a>&nbsp;&nbsp;&nbsp;OSMemNameSet
<LI><a href="#[1b0]">&gt;&gt;</a>&nbsp;&nbsp;&nbsp;OSMemNameGet
<LI><a href="#[1af]">&gt;&gt;</a>&nbsp;&nbsp;&nbsp;OSMemGet
<LI><a href="#[1ae]">&gt;&gt;</a>&nbsp;&nbsp;&nbsp;OSMemCreate
<LI><a href="#[1ad]">&gt;&gt;</a>&nbsp;&nbsp;&nbsp;OSFlagQuery
<LI><a href="#[1ac]">&gt;&gt;</a>&nbsp;&nbsp;&nbsp;OSFlagPost
<LI><a href="#[1ab]">&gt;&gt;</a>&nbsp;&nbsp;&nbsp;OSFlagPendGetFlagsRdy
<LI><a href="#[1a9]">&gt;&gt;</a>&nbsp;&nbsp;&nbsp;OSFlagPend
<LI><a href="#[1a8]">&gt;&gt;</a>&nbsp;&nbsp;&nbsp;OSFlagNameSet
<LI><a href="#[1a7]">&gt;&gt;</a>&nbsp;&nbsp;&nbsp;OSFlagNameGet
<LI><a href="#[1a6]">&gt;&gt;</a>&nbsp;&nbsp;&nbsp;OSFlagDel
<LI><a href="#[1a3]">&gt;&gt;</a>&nbsp;&nbsp;&nbsp;OSFlagCreate
<LI><a href="#[1a2]">&gt;&gt;</a>&nbsp;&nbsp;&nbsp;OSFlagAccept
<LI><a href="#[18c]">&gt;&gt;</a>&nbsp;&nbsp;&nbsp;OSTimeDly
<LI><a href="#[1a1]">&gt;&gt;</a>&nbsp;&nbsp;&nbsp;OS_TCBInit
<LI><a href="#[19d]">&gt;&gt;</a>&nbsp;&nbsp;&nbsp;OSSchedUnlock
<LI><a href="#[19c]">&gt;&gt;</a>&nbsp;&nbsp;&nbsp;OSSchedLock
<LI><a href="#[18e]">&gt;&gt;</a>&nbsp;&nbsp;&nbsp;OS_TaskIdle
<LI><a href="#[18b]">&gt;&gt;</a>&nbsp;&nbsp;&nbsp;OS_TaskStat
<LI><a href="#[187]">&gt;&gt;</a>&nbsp;&nbsp;&nbsp;OSEventPendMulti
<LI><a href="#[184]">&gt;&gt;</a>&nbsp;&nbsp;&nbsp;OS_Sched
<LI><a href="#[182]">&gt;&gt;</a>&nbsp;&nbsp;&nbsp;OSEventNameSet
<LI><a href="#[180]">&gt;&gt;</a>&nbsp;&nbsp;&nbsp;OSEventNameGet
</UL>

<P><STRONG><a name="[90]"></a>OS_CPU_SR_Restore</STRONG> (Thumb, 0 bytes, Stack size unknown bytes, os_cpu_a.o(.text))
<BR><BR>[Called By]<UL><LI><a href="#[17f]">&gt;&gt;</a>&nbsp;&nbsp;&nbsp;OSTimeTick
<LI><a href="#[b]">&gt;&gt;</a>&nbsp;&nbsp;&nbsp;OS_CPU_SysTickHandler
<LI><a href="#[134]">&gt;&gt;</a>&nbsp;&nbsp;&nbsp;OSTaskSuspend
<LI><a href="#[135]">&gt;&gt;</a>&nbsp;&nbsp;&nbsp;OSTaskResume
<LI><a href="#[3e]">&gt;&gt;</a>&nbsp;&nbsp;&nbsp;HDLED_TaskSparkling
<LI><a href="#[e0]">&gt;&gt;</a>&nbsp;&nbsp;&nbsp;IN_BRK_GetIsBrk
<LI><a href="#[df]">&gt;&gt;</a>&nbsp;&nbsp;&nbsp;IN_BRK_SampleStop
<LI><a href="#[de]">&gt;&gt;</a>&nbsp;&nbsp;&nbsp;IN_BRK_SentXJ
<LI><a href="#[dd]">&gt;&gt;</a>&nbsp;&nbsp;&nbsp;IN_BRK_SampleBegin
<LI><a href="#[db]">&gt;&gt;</a>&nbsp;&nbsp;&nbsp;IN_TenSample
<LI><a href="#[cd]">&gt;&gt;</a>&nbsp;&nbsp;&nbsp;MOTO_CutGetState
<LI><a href="#[b3]">&gt;&gt;</a>&nbsp;&nbsp;&nbsp;MOTO_HghGetState
<LI><a href="#[9c]">&gt;&gt;</a>&nbsp;&nbsp;&nbsp;OSSemPost
<LI><a href="#[9d]">&gt;&gt;</a>&nbsp;&nbsp;&nbsp;OSSemPend
<LI><a href="#[9a]">&gt;&gt;</a>&nbsp;&nbsp;&nbsp;OSSemCreate
<LI><a href="#[94]">&gt;&gt;</a>&nbsp;&nbsp;&nbsp;OSIntExit
<LI><a href="#[97]">&gt;&gt;</a>&nbsp;&nbsp;&nbsp;C491_IrqToRxBuf
<LI><a href="#[27]">&gt;&gt;</a>&nbsp;&nbsp;&nbsp;TIM1_CC_IRQHandler
<LI><a href="#[31]">&gt;&gt;</a>&nbsp;&nbsp;&nbsp;USART1_IRQHandler
<LI><a href="#[93]">&gt;&gt;</a>&nbsp;&nbsp;&nbsp;PPP_IRQHandler
<LI><a href="#[6f]">&gt;&gt;</a>&nbsp;&nbsp;&nbsp;OSTaskStkChk
<LI><a href="#[75]">&gt;&gt;</a>&nbsp;&nbsp;&nbsp;OSTaskNameSet
<LI><a href="#[74]">&gt;&gt;</a>&nbsp;&nbsp;&nbsp;OSTaskCreateExt
<LI><a href="#[78]">&gt;&gt;</a>&nbsp;&nbsp;&nbsp;OSStatInit
<LI><a href="#[86]">&gt;&gt;</a>&nbsp;&nbsp;&nbsp;C491_ReceiveOne
<LI><a href="#[8d]">&gt;&gt;</a>&nbsp;&nbsp;&nbsp;App_TimeTickHook
<LI><a href="#[1d1]">&gt;&gt;</a>&nbsp;&nbsp;&nbsp;OSTimeSet
<LI><a href="#[1d0]">&gt;&gt;</a>&nbsp;&nbsp;&nbsp;OSTimeGet
<LI><a href="#[1cf]">&gt;&gt;</a>&nbsp;&nbsp;&nbsp;OSTimeDlyResume
<LI><a href="#[1cd]">&gt;&gt;</a>&nbsp;&nbsp;&nbsp;OSTaskQuery
<LI><a href="#[1cc]">&gt;&gt;</a>&nbsp;&nbsp;&nbsp;OSTaskNameGet
<LI><a href="#[1cb]">&gt;&gt;</a>&nbsp;&nbsp;&nbsp;OSTaskDelReq
<LI><a href="#[1c9]">&gt;&gt;</a>&nbsp;&nbsp;&nbsp;OSTaskDel
<LI><a href="#[1c6]">&gt;&gt;</a>&nbsp;&nbsp;&nbsp;OSTaskCreate
<LI><a href="#[1c5]">&gt;&gt;</a>&nbsp;&nbsp;&nbsp;OSTaskChangePrio
<LI><a href="#[1c4]">&gt;&gt;</a>&nbsp;&nbsp;&nbsp;OSSemSet
<LI><a href="#[1c3]">&gt;&gt;</a>&nbsp;&nbsp;&nbsp;OSSemQuery
<LI><a href="#[1c2]">&gt;&gt;</a>&nbsp;&nbsp;&nbsp;OSSemPendAbort
<LI><a href="#[1c1]">&gt;&gt;</a>&nbsp;&nbsp;&nbsp;OSSemDel
<LI><a href="#[1c0]">&gt;&gt;</a>&nbsp;&nbsp;&nbsp;OSSemAccept
<LI><a href="#[1bf]">&gt;&gt;</a>&nbsp;&nbsp;&nbsp;OSQQuery
<LI><a href="#[1be]">&gt;&gt;</a>&nbsp;&nbsp;&nbsp;OSQPostOpt
<LI><a href="#[1bd]">&gt;&gt;</a>&nbsp;&nbsp;&nbsp;OSQPostFront
<LI><a href="#[1bc]">&gt;&gt;</a>&nbsp;&nbsp;&nbsp;OSQPost
<LI><a href="#[1bb]">&gt;&gt;</a>&nbsp;&nbsp;&nbsp;OSQPendAbort
<LI><a href="#[1b9]">&gt;&gt;</a>&nbsp;&nbsp;&nbsp;OSQPend
<LI><a href="#[1b8]">&gt;&gt;</a>&nbsp;&nbsp;&nbsp;OSQFlush
<LI><a href="#[1b7]">&gt;&gt;</a>&nbsp;&nbsp;&nbsp;OSQDel
<LI><a href="#[1b5]">&gt;&gt;</a>&nbsp;&nbsp;&nbsp;OSQCreate
<LI><a href="#[1b4]">&gt;&gt;</a>&nbsp;&nbsp;&nbsp;OSQAccept
<LI><a href="#[1b3]">&gt;&gt;</a>&nbsp;&nbsp;&nbsp;OSMemQuery
<LI><a href="#[1b2]">&gt;&gt;</a>&nbsp;&nbsp;&nbsp;OSMemPut
<LI><a href="#[1b1]">&gt;&gt;</a>&nbsp;&nbsp;&nbsp;OSMemNameSet
<LI><a href="#[1b0]">&gt;&gt;</a>&nbsp;&nbsp;&nbsp;OSMemNameGet
<LI><a href="#[1af]">&gt;&gt;</a>&nbsp;&nbsp;&nbsp;OSMemGet
<LI><a href="#[1ae]">&gt;&gt;</a>&nbsp;&nbsp;&nbsp;OSMemCreate
<LI><a href="#[1ad]">&gt;&gt;</a>&nbsp;&nbsp;&nbsp;OSFlagQuery
<LI><a href="#[1ac]">&gt;&gt;</a>&nbsp;&nbsp;&nbsp;OSFlagPost
<LI><a href="#[1ab]">&gt;&gt;</a>&nbsp;&nbsp;&nbsp;OSFlagPendGetFlagsRdy
<LI><a href="#[1a9]">&gt;&gt;</a>&nbsp;&nbsp;&nbsp;OSFlagPend
<LI><a href="#[1a8]">&gt;&gt;</a>&nbsp;&nbsp;&nbsp;OSFlagNameSet
<LI><a href="#[1a7]">&gt;&gt;</a>&nbsp;&nbsp;&nbsp;OSFlagNameGet
<LI><a href="#[1a6]">&gt;&gt;</a>&nbsp;&nbsp;&nbsp;OSFlagDel
<LI><a href="#[1a3]">&gt;&gt;</a>&nbsp;&nbsp;&nbsp;OSFlagCreate
<LI><a href="#[1a2]">&gt;&gt;</a>&nbsp;&nbsp;&nbsp;OSFlagAccept
<LI><a href="#[18c]">&gt;&gt;</a>&nbsp;&nbsp;&nbsp;OSTimeDly
<LI><a href="#[1a1]">&gt;&gt;</a>&nbsp;&nbsp;&nbsp;OS_TCBInit
<LI><a href="#[19d]">&gt;&gt;</a>&nbsp;&nbsp;&nbsp;OSSchedUnlock
<LI><a href="#[19c]">&gt;&gt;</a>&nbsp;&nbsp;&nbsp;OSSchedLock
<LI><a href="#[18e]">&gt;&gt;</a>&nbsp;&nbsp;&nbsp;OS_TaskIdle
<LI><a href="#[18b]">&gt;&gt;</a>&nbsp;&nbsp;&nbsp;OS_TaskStat
<LI><a href="#[187]">&gt;&gt;</a>&nbsp;&nbsp;&nbsp;OSEventPendMulti
<LI><a href="#[184]">&gt;&gt;</a>&nbsp;&nbsp;&nbsp;OS_Sched
<LI><a href="#[182]">&gt;&gt;</a>&nbsp;&nbsp;&nbsp;OSEventNameSet
[...]
</UL>
<BR>[Called By]<UL><LI><a href="#[87]">&gt;&gt;</a>&nbsp;&nbsp;&nbsp;COM_RxHandle
</UL>

<P><STRONG><a name="[121]"></a>COM_924RxHandle</STRONG> (Thumb, 2 bytes, Stack size 0 bytes, com.o(.text))
<BR><BR>[Called By]<UL><LI><a href="#[87]">&gt;&gt;</a>&nbsp;&nbsp;&nbsp;COM_RxHandle
</UL>

<P><STRONG><a name="[122]"></a>COM_9511Init</STRONG> (Thumb, 98 bytes, Stack size 8 bytes, com.o(.text))
<BR><BR>[Stack]<UL><LI>Max Depth = 112 + Unknown Stack Size
<LI>Call Chain = COM_9511Init &rArr; COM_SqnUpdate &rArr; BSP_SQN_EmbStSend &rArr; IO_MultiOutSet &rArr; IO_IdsToPortPinMsk
</UL>
<BR>[Calls]<UL><LI><a href="#[e8]">&gt;&gt;</a>&nbsp;&nbsp;&nbsp;COM_SqnUpdate
<LI><a href="#[e1]">&gt;&gt;</a>&nbsp;&nbsp;&nbsp;COM_LedUpdate
<LI><a href="#[e6]">&gt;&gt;</a>&nbsp;&nbsp;&nbsp;IN_HDKey_GetSt
</UL>
<BR>[Called By]<UL><LI><a href="#[84]">&gt;&gt;</a>&nbsp;&nbsp;&nbsp;COM_Init
</UL>

<P><STRONG><a name="[123]"></a>COM_924Init</STRONG> (Thumb, 2 bytes, Stack size 0 bytes, com.o(.text))
<BR><BR>[Called By]<UL><LI><a href="#[84]">&gt;&gt;</a>&nbsp;&nbsp;&nbsp;COM_Init
</UL>

<P><STRONG><a name="[124]"></a>COM_MainConfirm</STRONG> (Thumb, 216 bytes, Stack size 32 bytes, com.o(.text), UNUSED)
<BR><BR>[Calls]<UL><LI><a href="#[126]">&gt;&gt;</a>&nbsp;&nbsp;&nbsp;crypto_des3_decrypt
<LI><a href="#[125]">&gt;&gt;</a>&nbsp;&nbsp;&nbsp;BitStreamDecode
</UL>

<P><STRONG><a name="[12a]"></a>COM_MainCh9511</STRONG> (Thumb, 62 bytes, Stack size 40 bytes, com.o(.text), UNUSED)
<BR><BR>[Calls]<UL><LI><a href="#[127]">&gt;&gt;</a>&nbsp;&nbsp;&nbsp;Get_Stream
<LI><a href="#[a2]">&gt;&gt;</a>&nbsp;&nbsp;&nbsp;C491_SendOne
</UL>

<P><STRONG><a name="[41]"></a>COM_9511SetSol</STRONG> (Thumb, 46 bytes, Stack size 24 bytes, com.o(.text))
<BR><BR>[Stack]<UL><LI>Max Depth = 64<LI>Call Chain = COM_9511SetSol &rArr; BSP_SOL_Set &rArr; IO_OutSet
</UL>
<BR>[Calls]<UL><LI><a href="#[132]">&gt;&gt;</a>&nbsp;&nbsp;&nbsp;BSP_SOL_Set
</UL>
<BR>[Address Reference Count : 1]<UL><LI> com.o(.constdata)
</UL>
<P><STRONG><a name="[3e]"></a>HDLED_TaskSparkling</STRONG> (Thumb, 120 bytes, Stack size 0 bytes, hdled.o(.text))
<BR><BR>[Stack]<UL><LI>Max Depth = 56 + Unknown Stack Size
<LI>Call Chain = HDLED_TaskSparkling &rArr; OSTimeDlyHMSM &rArr; OSTimeDly &rArr; OS_Sched
</UL>
<BR>[Calls]<UL><LI><a href="#[134]">&gt;&gt;</a>&nbsp;&nbsp;&nbsp;OSTaskSuspend
<LI><a href="#[133]">&gt;&gt;</a>&nbsp;&nbsp;&nbsp;BSP_HD_LedSet
<LI><a href="#[8e]">&gt;&gt;</a>&nbsp;&nbsp;&nbsp;OS_CPU_SR_Save
<LI><a href="#[90]">&gt;&gt;</a>&nbsp;&nbsp;&nbsp;OS_CPU_SR_Restore
<LI><a href="#[70]">&gt;&gt;</a>&nbsp;&nbsp;&nbsp;OSTimeDlyHMSM
</UL>
<BR>[Address Reference Count : 1]<UL><LI> hdled.o(.text)
</UL>
<P><STRONG><a name="[136]"></a>BSP_EnPeriph</STRONG> (Thumb, 30 bytes, Stack size 8 bytes, bsp.o(.text))
<BR><BR>[Stack]<UL><LI>Max Depth = 8<LI>Call Chain = BSP_EnPeriph
</UL>
<BR>[Calls]<UL><LI><a href="#[139]">&gt;&gt;</a>&nbsp;&nbsp;&nbsp;RCC_APB2PeriphClockCmd
<LI><a href="#[138]">&gt;&gt;</a>&nbsp;&nbsp;&nbsp;RCC_APB1PeriphClockCmd
<LI><a href="#[137]">&gt;&gt;</a>&nbsp;&nbsp;&nbsp;RCC_AHBPeriphClockCmd
</UL>
<BR>[Called By]<UL><LI><a href="#[76]">&gt;&gt;</a>&nbsp;&nbsp;&nbsp;BSP_Init
</UL>

<P><STRONG><a name="[13a]"></a>BSP_NVIC_Cfg</STRONG> (Thumb, 60 bytes, Stack size 8 bytes, bsp.o(.text))
<BR><BR>[Stack]<UL><LI>Max Depth = 24<LI>Call Chain = BSP_NVIC_Cfg &rArr; NVIC_Init
</UL>
<BR>[Calls]<UL><LI><a href="#[13b]">&gt;&gt;</a>&nbsp;&nbsp;&nbsp;NVIC_PriorityGroupConfig
<LI><a href="#[13c]">&gt;&gt;</a>&nbsp;&nbsp;&nbsp;NVIC_Init
</UL>
<BR>[Called By]<UL><LI><a href="#[76]">&gt;&gt;</a>&nbsp;&nbsp;&nbsp;BSP_Init
</UL>

<P><STRONG><a name="[13d]"></a>BSP_TM8M_Init</STRONG> (Thumb, 62 bytes, Stack size 16 bytes, bsp.o(.text))
<BR><BR>[Stack]<UL><LI>Max Depth = 16<LI>Call Chain = BSP_TM8M_Init
</UL>
<BR>[Calls]<UL><LI><a href="#[13e]">&gt;&gt;</a>&nbsp;&nbsp;&nbsp;TIM_TimeBaseInit
<LI><a href="#[13f]">&gt;&gt;</a>&nbsp;&nbsp;&nbsp;TIM_Cmd
</UL>
<BR>[Called By]<UL><LI><a href="#[76]">&gt;&gt;</a>&nbsp;&nbsp;&nbsp;BSP_Init
</UL>

<P><STRONG><a name="[140]"></a>BSP_TM_CNT_Init</STRONG> (Thumb, 110 bytes, Stack size 32 bytes, bsp.o(.text))
<BR><BR>[Stack]<UL><LI>Max Depth = 32<LI>Call Chain = BSP_TM_CNT_Init
</UL>
<BR>[Calls]<UL><LI><a href="#[13e]">&gt;&gt;</a>&nbsp;&nbsp;&nbsp;TIM_TimeBaseInit
<LI><a href="#[13f]">&gt;&gt;</a>&nbsp;&nbsp;&nbsp;TIM_Cmd
</UL>
<BR>[Called By]<UL><LI><a href="#[76]">&gt;&gt;</a>&nbsp;&nbsp;&nbsp;BSP_Init
</UL>

<P><STRONG><a name="[164]"></a>BSP_Judge924</STRONG> (Thumb, 8 bytes, Stack size 0 bytes, bsp.o(.text))
<BR><BR>[Called By]<UL><LI><a href="#[76]">&gt;&gt;</a>&nbsp;&nbsp;&nbsp;BSP_Init
</UL>

<P><STRONG><a name="[144]"></a>BSP_SQN_Init</STRONG> (Thumb, 34 bytes, Stack size 8 bytes, bsp.o(.text))
<BR><BR>[Stack]<UL><LI>Max Depth = 96<LI>Call Chain = BSP_SQN_Init &rArr; BSP_SQN_EmbStSend &rArr; IO_MultiOutSet &rArr; IO_IdsToPortPinMsk
</UL>
<BR>[Calls]<UL><LI><a href="#[145]">&gt;&gt;</a>&nbsp;&nbsp;&nbsp;IO_MultiInit
<LI><a href="#[aa]">&gt;&gt;</a>&nbsp;&nbsp;&nbsp;BSP_SQN_EmbStSend
</UL>
<BR>[Called By]<UL><LI><a href="#[76]">&gt;&gt;</a>&nbsp;&nbsp;&nbsp;BSP_Init
</UL>

<P><STRONG><a name="[146]"></a>BSP_POT_Init</STRONG> (Thumb, 294 bytes, Stack size 72 bytes, bsp.o(.text))
<BR><BR>[Stack]<UL><LI>Max Depth = 120<LI>Call Chain = BSP_POT_Init &rArr; IO_Init &rArr; GPIO_Init
</UL>
<BR>[Calls]<UL><LI><a href="#[149]">&gt;&gt;</a>&nbsp;&nbsp;&nbsp;RCC_ADCCLKConfig
<LI><a href="#[153]">&gt;&gt;</a>&nbsp;&nbsp;&nbsp;IO_Init
<LI><a href="#[147]">&gt;&gt;</a>&nbsp;&nbsp;&nbsp;DMA_Init
<LI><a href="#[148]">&gt;&gt;</a>&nbsp;&nbsp;&nbsp;DMA_Cmd
<LI><a href="#[151]">&gt;&gt;</a>&nbsp;&nbsp;&nbsp;ADC_StartCalibration
<LI><a href="#[154]">&gt;&gt;</a>&nbsp;&nbsp;&nbsp;ADC_SoftwareStartConvCmd
<LI><a href="#[14f]">&gt;&gt;</a>&nbsp;&nbsp;&nbsp;ADC_ResetCalibration
<LI><a href="#[14b]">&gt;&gt;</a>&nbsp;&nbsp;&nbsp;ADC_RegularChannelConfig
<LI><a href="#[14a]">&gt;&gt;</a>&nbsp;&nbsp;&nbsp;ADC_Init
<LI><a href="#[150]">&gt;&gt;</a>&nbsp;&nbsp;&nbsp;ADC_GetResetCalibrationStatus
<LI><a href="#[152]">&gt;&gt;</a>&nbsp;&nbsp;&nbsp;ADC_GetCalibrationStatus
<LI><a href="#[14d]">&gt;&gt;</a>&nbsp;&nbsp;&nbsp;ADC_ExternalTrigConvCmd
<LI><a href="#[14c]">&gt;&gt;</a>&nbsp;&nbsp;&nbsp;ADC_DMACmd
<LI><a href="#[14e]">&gt;&gt;</a>&nbsp;&nbsp;&nbsp;ADC_Cmd
</UL>
<BR>[Called By]<UL><LI><a href="#[76]">&gt;&gt;</a>&nbsp;&nbsp;&nbsp;BSP_Init
</UL>

<P><STRONG><a name="[155]"></a>BSP_SWI_Init</STRONG> (Thumb, 34 bytes, Stack size 8 bytes, bsp.o(.text))
<BR><BR>[Stack]<UL><LI>Max Depth = 56<LI>Call Chain = BSP_SWI_Init &rArr; IO_Init &rArr; GPIO_Init
</UL>
<BR>[Calls]<UL><LI><a href="#[153]">&gt;&gt;</a>&nbsp;&nbsp;&nbsp;IO_Init
</UL>
<BR>[Called By]<UL><LI><a href="#[76]">&gt;&gt;</a>&nbsp;&nbsp;&nbsp;BSP_Init
</UL>

<P><STRONG><a name="[157]"></a>BSP_MOTO_Init</STRONG> (Thumb, 114 bytes, Stack size 8 bytes, bsp.o(.text))
<BR><BR>[Stack]<UL><LI>Max Depth = 96<LI>Call Chain = BSP_MOTO_Init &rArr; BSP_MOTO_MSet &rArr; IO_MultiOutSet &rArr; IO_IdsToPortPinMsk
</UL>
<BR>[Calls]<UL><LI><a href="#[145]">&gt;&gt;</a>&nbsp;&nbsp;&nbsp;IO_MultiInit
<LI><a href="#[153]">&gt;&gt;</a>&nbsp;&nbsp;&nbsp;IO_Init
<LI><a href="#[156]">&gt;&gt;</a>&nbsp;&nbsp;&nbsp;BSP_MOTO_MSet
<LI><a href="#[b9]">&gt;&gt;</a>&nbsp;&nbsp;&nbsp;BSP_MOTO_TQSet
<LI><a href="#[b8]">&gt;&gt;</a>&nbsp;&nbsp;&nbsp;BSP_MOTO_ClkSet
<LI><a href="#[b1]">&gt;&gt;</a>&nbsp;&nbsp;&nbsp;IO_OutSet
<LI><a href="#[ab]">&gt;&gt;</a>&nbsp;&nbsp;&nbsp;BSP_TM8M_Delay
</UL>
<BR>[Called By]<UL><LI><a href="#[76]">&gt;&gt;</a>&nbsp;&nbsp;&nbsp;BSP_Init
</UL>

<P><STRONG><a name="[158]"></a>BSP_SOL_Init</STRONG> (Thumb, 156 bytes, Stack size 8 bytes, bsp.o(.text))
<BR><BR>[Stack]<UL><LI>Max Depth = 56<LI>Call Chain = BSP_SOL_Init &rArr; IO_Init &rArr; GPIO_Init
</UL>
<BR>[Calls]<UL><LI><a href="#[153]">&gt;&gt;</a>&nbsp;&nbsp;&nbsp;IO_Init
<LI><a href="#[132]">&gt;&gt;</a>&nbsp;&nbsp;&nbsp;BSP_SOL_Set
</UL>
<BR>[Called By]<UL><LI><a href="#[76]">&gt;&gt;</a>&nbsp;&nbsp;&nbsp;BSP_Init
</UL>

<P><STRONG><a name="[159]"></a>BSP_HD_Init</STRONG> (Thumb, 64 bytes, Stack size 8 bytes, bsp.o(.text))
<BR><BR>[Stack]<UL><LI>Max Depth = 56<LI>Call Chain = BSP_HD_Init &rArr; IO_Init &rArr; GPIO_Init
</UL>
<BR>[Calls]<UL><LI><a href="#[153]">&gt;&gt;</a>&nbsp;&nbsp;&nbsp;IO_Init
<LI><a href="#[133]">&gt;&gt;</a>&nbsp;&nbsp;&nbsp;BSP_HD_LedSet
</UL>
<BR>[Called By]<UL><LI><a href="#[76]">&gt;&gt;</a>&nbsp;&nbsp;&nbsp;BSP_Init
</UL>

<P><STRONG><a name="[15a]"></a>BSP_LED_Init</STRONG> (Thumb, 32 bytes, Stack size 8 bytes, bsp.o(.text))
<BR><BR>[Stack]<UL><LI>Max Depth = 56<LI>Call Chain = BSP_LED_Init &rArr; IO_Init &rArr; GPIO_Init
</UL>
<BR>[Calls]<UL><LI><a href="#[153]">&gt;&gt;</a>&nbsp;&nbsp;&nbsp;IO_Init
<LI><a href="#[85]">&gt;&gt;</a>&nbsp;&nbsp;&nbsp;BSP_LED_Set
</UL>
<BR>[Called By]<UL><LI><a href="#[76]">&gt;&gt;</a>&nbsp;&nbsp;&nbsp;BSP_Init
</UL>

<P><STRONG><a name="[15b]"></a>BSP_ENC_IndexEn</STRONG> (Thumb, 78 bytes, Stack size 16 bytes, bsp.o(.text))
<BR><BR>[Stack]<UL><LI>Max Depth = 28<LI>Call Chain = BSP_ENC_IndexEn &rArr; GPIO_EXTILineConfig
</UL>
<BR>[Calls]<UL><LI><a href="#[15c]">&gt;&gt;</a>&nbsp;&nbsp;&nbsp;GPIO_EXTILineConfig
<LI><a href="#[15d]">&gt;&gt;</a>&nbsp;&nbsp;&nbsp;EXTI_Init
</UL>
<BR>[Called By]<UL><LI><a href="#[76]">&gt;&gt;</a>&nbsp;&nbsp;&nbsp;BSP_Init
</UL>

<P><STRONG><a name="[15e]"></a>BSP_ENC_Init</STRONG> (Thumb, 142 bytes, Stack size 32 bytes, bsp.o(.text))
<BR><BR>[Stack]<UL><LI>Max Depth = 104<LI>Call Chain = BSP_ENC_Init &rArr; IO_MultiInit &rArr; IO_IdsToPortPinMsk
</UL>
<BR>[Calls]<UL><LI><a href="#[13e]">&gt;&gt;</a>&nbsp;&nbsp;&nbsp;TIM_TimeBaseInit
<LI><a href="#[15f]">&gt;&gt;</a>&nbsp;&nbsp;&nbsp;TIM_ICStructInit
<LI><a href="#[161]">&gt;&gt;</a>&nbsp;&nbsp;&nbsp;TIM_ICInit
<LI><a href="#[160]">&gt;&gt;</a>&nbsp;&nbsp;&nbsp;TIM_EncoderInterfaceConfig
<LI><a href="#[13f]">&gt;&gt;</a>&nbsp;&nbsp;&nbsp;TIM_Cmd
<LI><a href="#[145]">&gt;&gt;</a>&nbsp;&nbsp;&nbsp;IO_MultiInit
<LI><a href="#[153]">&gt;&gt;</a>&nbsp;&nbsp;&nbsp;IO_Init
<LI><a href="#[b7]">&gt;&gt;</a>&nbsp;&nbsp;&nbsp;TIM_ITConfig
</UL>
<BR>[Called By]<UL><LI><a href="#[76]">&gt;&gt;</a>&nbsp;&nbsp;&nbsp;BSP_Init
</UL>

<P><STRONG><a name="[163]"></a>BSP_DIP_Init</STRONG> (Thumb, 286 bytes, Stack size 24 bytes, bsp.o(.text))
<BR><BR>[Stack]<UL><LI>Max Depth = 96<LI>Call Chain = BSP_DIP_Init &rArr; IO_MultiInit &rArr; IO_IdsToPortPinMsk
</UL>
<BR>[Calls]<UL><LI><a href="#[145]">&gt;&gt;</a>&nbsp;&nbsp;&nbsp;IO_MultiInit
<LI><a href="#[ab]">&gt;&gt;</a>&nbsp;&nbsp;&nbsp;BSP_TM8M_Delay
<LI><a href="#[b2]">&gt;&gt;</a>&nbsp;&nbsp;&nbsp;BSP_DIP_Get
</UL>
<BR>[Called By]<UL><LI><a href="#[76]">&gt;&gt;</a>&nbsp;&nbsp;&nbsp;BSP_Init
</UL>

<P><STRONG><a name="[167]"></a>BSP_MOTO_Sitch_Init</STRONG> (Thumb, 34 bytes, Stack size 8 bytes, bsp.o(.text), UNUSED)
<BR><BR>[Calls]<UL><LI><a href="#[145]">&gt;&gt;</a>&nbsp;&nbsp;&nbsp;IO_MultiInit
<LI><a href="#[b9]">&gt;&gt;</a>&nbsp;&nbsp;&nbsp;BSP_MOTO_TQSet
</UL>

<P><STRONG><a name="[168]"></a>BSP_MOTO_Step_Init</STRONG> (Thumb, 34 bytes, Stack size 8 bytes, bsp.o(.text), UNUSED)
<BR><BR>[Calls]<UL><LI><a href="#[145]">&gt;&gt;</a>&nbsp;&nbsp;&nbsp;IO_MultiInit
<LI><a href="#[156]">&gt;&gt;</a>&nbsp;&nbsp;&nbsp;BSP_MOTO_MSet
</UL>

<P><STRONG><a name="[16d]"></a>Get_Main_ID_Status</STRONG> (Thumb, 70 bytes, Stack size 40 bytes, bsp.o(.text))
<BR><BR>[Stack]<UL><LI>Max Depth = 40<LI>Call Chain = Get_Main_ID_Status
</UL>
<BR>[Called By]<UL><LI><a href="#[83]">&gt;&gt;</a>&nbsp;&nbsp;&nbsp;Get_Main_ID
</UL>

<P><STRONG><a name="[16f]"></a>IO_IdToPortPin</STRONG> (Thumb, 72 bytes, Stack size 0 bytes, io.o(.text))
<BR><BR>[Called By]<UL><LI><a href="#[16e]">&gt;&gt;</a>&nbsp;&nbsp;&nbsp;IO_IdsToPortPinMsk
<LI><a href="#[165]">&gt;&gt;</a>&nbsp;&nbsp;&nbsp;IO_OutToggle
<LI><a href="#[16a]">&gt;&gt;</a>&nbsp;&nbsp;&nbsp;IO_OutGet
<LI><a href="#[153]">&gt;&gt;</a>&nbsp;&nbsp;&nbsp;IO_Init
<LI><a href="#[166]">&gt;&gt;</a>&nbsp;&nbsp;&nbsp;IO_InGet
<LI><a href="#[b1]">&gt;&gt;</a>&nbsp;&nbsp;&nbsp;IO_OutSet
</UL>

<P><STRONG><a name="[16e]"></a>IO_IdsToPortPinMsk</STRONG> (Thumb, 62 bytes, Stack size 32 bytes, io.o(.text))
<BR><BR>[Stack]<UL><LI>Max Depth = 32<LI>Call Chain = IO_IdsToPortPinMsk
</UL>
<BR>[Calls]<UL><LI><a href="#[16f]">&gt;&gt;</a>&nbsp;&nbsp;&nbsp;IO_IdToPortPin
</UL>
<BR>[Called By]<UL><LI><a href="#[172]">&gt;&gt;</a>&nbsp;&nbsp;&nbsp;IO_MultiOutToggle
<LI><a href="#[171]">&gt;&gt;</a>&nbsp;&nbsp;&nbsp;IO_MultiOutGet
<LI><a href="#[143]">&gt;&gt;</a>&nbsp;&nbsp;&nbsp;IO_MultiOutSet
<LI><a href="#[145]">&gt;&gt;</a>&nbsp;&nbsp;&nbsp;IO_MultiInit
<LI><a href="#[162]">&gt;&gt;</a>&nbsp;&nbsp;&nbsp;IO_MultiInGet
</UL>

<P><STRONG><a name="[185]"></a>OS_SchedNew</STRONG> (Thumb, 26 bytes, Stack size 0 bytes, os_core.o(.text))
<BR><BR>[Called By]<UL><LI><a href="#[94]">&gt;&gt;</a>&nbsp;&nbsp;&nbsp;OSIntExit
<LI><a href="#[8c]">&gt;&gt;</a>&nbsp;&nbsp;&nbsp;OSStart
<LI><a href="#[184]">&gt;&gt;</a>&nbsp;&nbsp;&nbsp;OS_Sched
</UL>

<P><STRONG><a name="[18d]"></a>OS_InitTaskStat</STRONG> (Thumb, 56 bytes, Stack size 32 bytes, os_core.o(.text))
<BR><BR>[Stack]<UL><LI>Max Depth = 152 + Unknown Stack Size
<LI>Call Chain = OS_InitTaskStat &rArr; OSTaskCreateExt &rArr; OS_TCBInit &rArr; OSTCBInitHook
</UL>
<BR>[Calls]<UL><LI><a href="#[75]">&gt;&gt;</a>&nbsp;&nbsp;&nbsp;OSTaskNameSet
<LI><a href="#[74]">&gt;&gt;</a>&nbsp;&nbsp;&nbsp;OSTaskCreateExt
</UL>
<BR>[Called By]<UL><LI><a href="#[8b]">&gt;&gt;</a>&nbsp;&nbsp;&nbsp;OSInit
</UL>

<P><STRONG><a name="[18f]"></a>OS_InitTaskIdle</STRONG> (Thumb, 56 bytes, Stack size 32 bytes, os_core.o(.text))
<BR><BR>[Stack]<UL><LI>Max Depth = 152 + Unknown Stack Size
<LI>Call Chain = OS_InitTaskIdle &rArr; OSTaskCreateExt &rArr; OS_TCBInit &rArr; OSTCBInitHook
</UL>
<BR>[Calls]<UL><LI><a href="#[75]">&gt;&gt;</a>&nbsp;&nbsp;&nbsp;OSTaskNameSet
<LI><a href="#[74]">&gt;&gt;</a>&nbsp;&nbsp;&nbsp;OSTaskCreateExt
</UL>
<BR>[Called By]<UL><LI><a href="#[8b]">&gt;&gt;</a>&nbsp;&nbsp;&nbsp;OSInit
</UL>

<P><STRONG><a name="[190]"></a>OS_InitEventList</STRONG> (Thumb, 70 bytes, Stack size 12 bytes, os_core.o(.text))
<BR><BR>[Stack]<UL><LI>Max Depth = 12<LI>Call Chain = OS_InitEventList
</UL>
<BR>[Calls]<UL><LI><a href="#[191]">&gt;&gt;</a>&nbsp;&nbsp;&nbsp;OS_MemClr
</UL>
<BR>[Called By]<UL><LI><a href="#[8b]">&gt;&gt;</a>&nbsp;&nbsp;&nbsp;OSInit
</UL>

<P><STRONG><a name="[192]"></a>OS_InitTCBList</STRONG> (Thumb, 86 bytes, Stack size 12 bytes, os_core.o(.text))
<BR><BR>[Stack]<UL><LI>Max Depth = 12<LI>Call Chain = OS_InitTCBList
</UL>
<BR>[Calls]<UL><LI><a href="#[191]">&gt;&gt;</a>&nbsp;&nbsp;&nbsp;OS_MemClr
</UL>
<BR>[Called By]<UL><LI><a href="#[8b]">&gt;&gt;</a>&nbsp;&nbsp;&nbsp;OSInit
</UL>

<P><STRONG><a name="[195]"></a>OS_InitRdyList</STRONG> (Thumb, 46 bytes, Stack size 0 bytes, os_core.o(.text))
<BR><BR>[Called By]<UL><LI><a href="#[8b]">&gt;&gt;</a>&nbsp;&nbsp;&nbsp;OSInit
</UL>

<P><STRONG><a name="[194]"></a>OS_InitMisc</STRONG> (Thumb, 44 bytes, Stack size 0 bytes, os_core.o(.text))
<BR><BR>[Called By]<UL><LI><a href="#[8b]">&gt;&gt;</a>&nbsp;&nbsp;&nbsp;OSInit
</UL>

<P><STRONG><a name="[1a4]"></a>OS_FlagTaskRdy</STRONG> (Thumb, 96 bytes, Stack size 20 bytes, os_flag.o(.text), UNUSED)
<BR><BR>[Calls]<UL><LI><a href="#[1a5]">&gt;&gt;</a>&nbsp;&nbsp;&nbsp;OS_FlagUnlink
</UL>
<BR>[Called By]<UL><LI><a href="#[1ac]">&gt;&gt;</a>&nbsp;&nbsp;&nbsp;OSFlagPost
<LI><a href="#[1a6]">&gt;&gt;</a>&nbsp;&nbsp;&nbsp;OSFlagDel
</UL>

<P><STRONG><a name="[1aa]"></a>OS_FlagBlock</STRONG> (Thumb, 152 bytes, Stack size 20 bytes, os_flag.o(.text), UNUSED)
<BR><BR>[Called By]<UL><LI><a href="#[1a9]">&gt;&gt;</a>&nbsp;&nbsp;&nbsp;OSFlagPend
</UL>

<P><STRONG><a name="[1d6]"></a>delay</STRONG> (Thumb, 14 bytes, Stack size 0 bytes, stm32f10x_flash.o(.text))
<BR><BR>[Called By]<UL><LI><a href="#[1d4]">&gt;&gt;</a>&nbsp;&nbsp;&nbsp;FLASH_WaitForLastOperation
</UL>

<P><STRONG><a name="[1ea]"></a>TI4_Config</STRONG> (Thumb, 68 bytes, Stack size 20 bytes, stm32f10x_tim.o(.text))
<BR><BR>[Stack]<UL><LI>Max Depth = 20<LI>Call Chain = TI4_Config
</UL>
<BR>[Called By]<UL><LI><a href="#[161]">&gt;&gt;</a>&nbsp;&nbsp;&nbsp;TIM_ICInit
</UL>

<P><STRONG><a name="[1e8]"></a>TI3_Config</STRONG> (Thumb, 64 bytes, Stack size 20 bytes, stm32f10x_tim.o(.text))
<BR><BR>[Stack]<UL><LI>Max Depth = 20<LI>Call Chain = TI3_Config
</UL>
<BR>[Called By]<UL><LI><a href="#[161]">&gt;&gt;</a>&nbsp;&nbsp;&nbsp;TIM_ICInit
</UL>

<P><STRONG><a name="[1e6]"></a>TI2_Config</STRONG> (Thumb, 68 bytes, Stack size 20 bytes, stm32f10x_tim.o(.text))
<BR><BR>[Stack]<UL><LI>Max Depth = 20<LI>Call Chain = TI2_Config
</UL>
<BR>[Called By]<UL><LI><a href="#[161]">&gt;&gt;</a>&nbsp;&nbsp;&nbsp;TIM_ICInit
<LI><a href="#[1ef]">&gt;&gt;</a>&nbsp;&nbsp;&nbsp;TIM_TIxExternalClockConfig
<LI><a href="#[1ec]">&gt;&gt;</a>&nbsp;&nbsp;&nbsp;TIM_PWMIConfig
</UL>

<P><STRONG><a name="[1e4]"></a>TI1_Config</STRONG> (Thumb, 54 bytes, Stack size 20 bytes, stm32f10x_tim.o(.text))
<BR><BR>[Stack]<UL><LI>Max Depth = 20<LI>Call Chain = TI1_Config
</UL>
<BR>[Called By]<UL><LI><a href="#[161]">&gt;&gt;</a>&nbsp;&nbsp;&nbsp;TIM_ICInit
<LI><a href="#[1ef]">&gt;&gt;</a>&nbsp;&nbsp;&nbsp;TIM_TIxExternalClockConfig
<LI><a href="#[1ec]">&gt;&gt;</a>&nbsp;&nbsp;&nbsp;TIM_PWMIConfig
</UL>

<P><STRONG><a name="[1f6]"></a>SetSysClockTo72</STRONG> (Thumb, 198 bytes, Stack size 0 bytes, system_stm32f10x.o(.text))
<BR><BR>[Called By]<UL><LI><a href="#[1f5]">&gt;&gt;</a>&nbsp;&nbsp;&nbsp;SetSysClock
</UL>

<P><STRONG><a name="[1f5]"></a>SetSysClock</STRONG> (Thumb, 8 bytes, Stack size 8 bytes, system_stm32f10x.o(.text))
<BR><BR>[Stack]<UL><LI>Max Depth = 8<LI>Call Chain = SetSysClock
</UL>
<BR>[Calls]<UL><LI><a href="#[1f6]">&gt;&gt;</a>&nbsp;&nbsp;&nbsp;SetSysClockTo72
</UL>
<BR>[Called By]<UL><LI><a href="#[8a]">&gt;&gt;</a>&nbsp;&nbsp;&nbsp;SystemInit
</UL>

<P><STRONG><a name="[1fd]"></a>cpu_to_le32</STRONG> (Thumb, 2 bytes, Stack size 0 bytes, crypto_des3.o(.text))
<BR><BR>[Called By]<UL><LI><a href="#[128]">&gt;&gt;</a>&nbsp;&nbsp;&nbsp;crypto_des3_encrypt
<LI><a href="#[126]">&gt;&gt;</a>&nbsp;&nbsp;&nbsp;crypto_des3_decrypt
</UL>

<P><STRONG><a name="[1fb]"></a>le32_to_cpu</STRONG> (Thumb, 2 bytes, Stack size 0 bytes, crypto_des3.o(.text))
<BR><BR>[Called By]<UL><LI><a href="#[128]">&gt;&gt;</a>&nbsp;&nbsp;&nbsp;crypto_des3_encrypt
<LI><a href="#[126]">&gt;&gt;</a>&nbsp;&nbsp;&nbsp;crypto_des3_decrypt
</UL>

<P><STRONG><a name="[1fc]"></a>ror32</STRONG> (Thumb, 18 bytes, Stack size 0 bytes, crypto_des3.o(.text))
<BR><BR>[Called By]<UL><LI><a href="#[128]">&gt;&gt;</a>&nbsp;&nbsp;&nbsp;crypto_des3_encrypt
<LI><a href="#[126]">&gt;&gt;</a>&nbsp;&nbsp;&nbsp;crypto_des3_decrypt
</UL>

<P><STRONG><a name="[1f8]"></a>rol32</STRONG> (Thumb, 18 bytes, Stack size 0 bytes, crypto_des3.o(.text))
<BR><BR>[Called By]<UL><LI><a href="#[128]">&gt;&gt;</a>&nbsp;&nbsp;&nbsp;crypto_des3_encrypt
<LI><a href="#[126]">&gt;&gt;</a>&nbsp;&nbsp;&nbsp;crypto_des3_decrypt
<LI><a href="#[1f9]">&gt;&gt;</a>&nbsp;&nbsp;&nbsp;crypto_des3_expand_key
<LI><a href="#[1f7]">&gt;&gt;</a>&nbsp;&nbsp;&nbsp;crypto_des_expand_key
</UL>

<P><STRONG><a name="[1f7]"></a>crypto_des_expand_key</STRONG> (Thumb, 1902 bytes, Stack size 40 bytes, crypto_des3.o(.text))
<BR><BR>[Stack]<UL><LI>Max Depth = 40<LI>Call Chain = crypto_des_expand_key
</UL>
<BR>[Calls]<UL><LI><a href="#[1f8]">&gt;&gt;</a>&nbsp;&nbsp;&nbsp;rol32
</UL>
<BR>[Called By]<UL><LI><a href="#[1fa]">&gt;&gt;</a>&nbsp;&nbsp;&nbsp;crypto_des3_set_key
</UL>

<P><STRONG><a name="[1f9]"></a>crypto_des3_expand_key</STRONG> (Thumb, 1850 bytes, Stack size 32 bytes, crypto_des3.o(.text))
<BR><BR>[Stack]<UL><LI>Max Depth = 32<LI>Call Chain = crypto_des3_expand_key
</UL>
<BR>[Calls]<UL><LI><a href="#[1f8]">&gt;&gt;</a>&nbsp;&nbsp;&nbsp;rol32
</UL>
<BR>[Called By]<UL><LI><a href="#[1fa]">&gt;&gt;</a>&nbsp;&nbsp;&nbsp;crypto_des3_set_key
</UL>
<P>
<H3>
Undefined Global Symbols
</H3><HR></body></html>
