<html>
<body>
<pre>
<h1>µVision3 Build Log</h1>
<h2>Project:</h2>
E:\work\9511\zhaoqing_zhenhao_xiugai_9511_60\9511Soft\Project\PC9511.uv2
Project File Date:  11/18/2013

<h2>Output:</h2>
Load "E:\\work\\9511\\zhaoqing_zhenhao_xiugai_9511_60\\9511Soft\\Project\\exe\\103V8.AXF" 

JLink info:
-----------
DLL: V4.08b, compiled Jun 30 2009 19:10:31
Firmware: J-Link ARM V8 compiled Dec  1 2009 11:42:48
Hardware: V8.00
S/N : 270676280 
Feature(s) : RDI,FlashDL,FlashBP,JFlash,GDBFULL 
---
* JLink Info: TotalIRLen = 9, IRPrint = 0x0011
* JLink Info: Found Cortex-M3 r1p1, Little endian.
* JLink Info: TPIU fitted.
* JLink Info:   FPUnit: 6 code (BP) slots and 2 literal slots

Target info:
------------
Device: STM32F103V8
VTarget = 3.300V
State of Pins: 
TCK: 1, TDI: 0, TDO: 1, TMS: 0, TRES: 1, TRST: 1
* JLink Info: TotalIRLen = 9, IRPrint = 0x0011
* JLink Info: Found Cortex-M3 r1p1, Little endian.
* JLink Info: TPIU fitted.
* JLink Info:   FPUnit: 6 code (BP) slots and 2 literal slots
Hardware-Breakpoints: 6
Software-Breakpoints: 2048
Watchpoints:          4
JTAG speed: 2000 kHz
---
* JLink Info: TotalIRLen = 9, IRPrint = 0x0011
* JLink Info: Found Cortex-M3 r1p1, Little endian.
* JLink Info: TPIU fitted.
* JLink Info:   FPUnit: 6 code (BP) slots and 2 literal slots
Erase Done.
Programming Done.
Verify OK.
Build target 'V8_9511_V1'
compiling dbg.c...
..\Source\APP\dbg.c(734): error:  #137: expression must be a modifiable lvalue
Target not created
Build target 'V8_9511_V1'
compiling dbg.c...
linking...
Program Size: Code=45102 RO-data=9538 RW-data=364 ZI-data=11284  
FromELF: creating hex file...
".\exe\103V8.axf" - 0 Error(s), 0 Warning(s).
Load "E:\\work\\9511\\zhaoqing_zhenhao_xiugai_9511_60\\9511Soft\\Project\\exe\\103V8.AXF" 

JLink info:
-----------
DLL: V4.08b, compiled Jun 30 2009 19:10:31
Firmware: J-Link ARM V8 compiled Dec  1 2009 11:42:48
Hardware: V8.00
S/N : 270676280 
Feature(s) : RDI,FlashDL,FlashBP,JFlash,GDBFULL 
---
* JLink Info: TotalIRLen = 9, IRPrint = 0x0011
* JLink Info: Found Cortex-M3 r1p1, Little endian.
* JLink Info: TPIU fitted.
* JLink Info:   FPUnit: 6 code (BP) slots and 2 literal slots

Target info:
------------
Device: STM32F103V8
VTarget = 3.300V
State of Pins: 
TCK: 1, TDI: 0, TDO: 1, TMS: 0, TRES: 1, TRST: 1
* JLink Info: TotalIRLen = 9, IRPrint = 0x0011
* JLink Info: Found Cortex-M3 r1p1, Little endian.
* JLink Info: TPIU fitted.
* JLink Info:   FPUnit: 6 code (BP) slots and 2 literal slots
Hardware-Breakpoints: 6
Software-Breakpoints: 2048
Watchpoints:          4
JTAG speed: 2000 kHz
---
* JLink Info: TotalIRLen = 9, IRPrint = 0x0011
* JLink Info: Found Cortex-M3 r1p1, Little endian.
* JLink Info: TPIU fitted.
* JLink Info:   FPUnit: 6 code (BP) slots and 2 literal slots
Erase Done.
Programming Done.
Verify OK.
Build target 'V8_9511_V1'
compiling dbg.c...
linking...
Program Size: Code=45102 RO-data=9538 RW-data=364 ZI-data=11284  
FromELF: creating hex file...
".\exe\103V8.axf" - 0 Error(s), 0 Warning(s).
Load "E:\\work\\9511\\zhaoqing_zhenhao_xiugai_9511_60\\9511Soft\\Project\\exe\\103V8.AXF" 

JLink info:
-----------
DLL: V4.08b, compiled Jun 30 2009 19:10:31
Firmware: J-Link ARM V8 compiled Dec  1 2009 11:42:48
Hardware: V8.00
S/N : 270676280 
Feature(s) : RDI,FlashDL,FlashBP,JFlash,GDBFULL 
---
* JLink Info: TotalIRLen = 9, IRPrint = 0x0011
* JLink Info: Found Cortex-M3 r1p1, Little endian.
* JLink Info: TPIU fitted.
* JLink Info:   FPUnit: 6 code (BP) slots and 2 literal slots

Target info:
------------
Device: STM32F103V8
VTarget = 3.300V
State of Pins: 
TCK: 1, TDI: 0, TDO: 1, TMS: 0, TRES: 1, TRST: 1
* JLink Info: TotalIRLen = 9, IRPrint = 0x0011
* JLink Info: Found Cortex-M3 r1p1, Little endian.
* JLink Info: TPIU fitted.
* JLink Info:   FPUnit: 6 code (BP) slots and 2 literal slots
Hardware-Breakpoints: 6
Software-Breakpoints: 2048
Watchpoints:          4
JTAG speed: 2000 kHz
---
* JLink Info: TotalIRLen = 9, IRPrint = 0x0011
* JLink Info: Found Cortex-M3 r1p1, Little endian.
* JLink Info: TPIU fitted.
* JLink Info:   FPUnit: 6 code (BP) slots and 2 literal slots
Erase Done.
Programming Done.
Verify OK.
Build target 'V8_9511_V1'
compiling dbg.c...
linking...
Program Size: Code=45102 RO-data=9538 RW-data=364 ZI-data=11284  
FromELF: creating hex file...
".\exe\103V8.axf" - 0 Error(s), 0 Warning(s).
Build target 'V8_9511_V1'
linking...
Program Size: Code=45102 RO-data=9538 RW-data=364 ZI-data=11284  
FromELF: creating hex file...
".\exe\103V8.axf" - 0 Error(s), 0 Warning(s).
Load "E:\\work\\9511\\zhaoqing_zhenhao_xiugai_9511_60\\9511Soft\\Project\\exe\\103V8.AXF" 

JLink info:
-----------
DLL: V4.08b, compiled Jun 30 2009 19:10:31
Firmware: J-Link ARM V8 compiled Dec  1 2009 11:42:48
Hardware: V8.00
S/N : 270676280 
Feature(s) : RDI,FlashDL,FlashBP,JFlash,GDBFULL 
---
* JLink Info: TotalIRLen = 9, IRPrint = 0x0011
* JLink Info: Found Cortex-M3 r1p1, Little endian.
* JLink Info: TPIU fitted.
* JLink Info:   FPUnit: 6 code (BP) slots and 2 literal slots

Target info:
------------
Device: STM32F103V8
VTarget = 3.300V
State of Pins: 
TCK: 1, TDI: 0, TDO: 1, TMS: 0, TRES: 1, TRST: 1
* JLink Info: TotalIRLen = 9, IRPrint = 0x0011
* JLink Info: Found Cortex-M3 r1p1, Little endian.
* JLink Info: TPIU fitted.
* JLink Info:   FPUnit: 6 code (BP) slots and 2 literal slots
Hardware-Breakpoints: 6
Software-Breakpoints: 2048
Watchpoints:          4
JTAG speed: 2000 kHz
---
* JLink Info: TotalIRLen = 9, IRPrint = 0x0011
* JLink Info: Found Cortex-M3 r1p1, Little endian.
* JLink Info: TPIU fitted.
* JLink Info:   FPUnit: 6 code (BP) slots and 2 literal slots
Erase Done.
Programming Done.
Verify OK.
Build target 'V8_9511_V1'
compiling dbg.c...
linking...
Program Size: Code=45114 RO-data=9538 RW-data=364 ZI-data=11284  
FromELF: creating hex file...
".\exe\103V8.axf" - 0 Error(s), 0 Warning(s).
Load "E:\\work\\9511\\zhaoqing_zhenhao_xiugai_9511_60\\9511Soft\\Project\\exe\\103V8.AXF" 

JLink info:
-----------
DLL: V4.08b, compiled Jun 30 2009 19:10:31
Firmware: J-Link ARM V8 compiled Dec  1 2009 11:42:48
Hardware: V8.00
S/N : 270676280 
Feature(s) : RDI,FlashDL,FlashBP,JFlash,GDBFULL 
---
* JLink Info: TotalIRLen = 9, IRPrint = 0x0011
* JLink Info: Found Cortex-M3 r1p1, Little endian.
* JLink Info: TPIU fitted.
* JLink Info:   FPUnit: 6 code (BP) slots and 2 literal slots

Target info:
------------
Device: STM32F103V8
VTarget = 3.300V
State of Pins: 
TCK: 1, TDI: 0, TDO: 1, TMS: 0, TRES: 1, TRST: 1
* JLink Info: TotalIRLen = 9, IRPrint = 0x0011
* JLink Info: Found Cortex-M3 r1p1, Little endian.
* JLink Info: TPIU fitted.
* JLink Info:   FPUnit: 6 code (BP) slots and 2 literal slots
Hardware-Breakpoints: 6
Software-Breakpoints: 2048
Watchpoints:          4
JTAG speed: 2000 kHz
---
* JLink Info: TotalIRLen = 9, IRPrint = 0x0011
* JLink Info: Found Cortex-M3 r1p1, Little endian.
* JLink Info: TPIU fitted.
* JLink Info:   FPUnit: 6 code (BP) slots and 2 literal slots
Erase Done.
Programming Done.
Verify OK.
Build target 'V8_9511_V1'
compiling dbg.c...
linking...
Program Size: Code=45114 RO-data=9538 RW-data=364 ZI-data=11284  
FromELF: creating hex file...
".\exe\103V8.axf" - 0 Error(s), 0 Warning(s).
Load "E:\\work\\9511\\zhaoqing_zhenhao_xiugai_9511_60\\9511Soft\\Project\\exe\\103V8.AXF" 

JLink info:
-----------
DLL: V4.08b, compiled Jun 30 2009 19:10:31
Firmware: J-Link ARM V8 compiled Dec  1 2009 11:42:48
Hardware: V8.00
S/N : 270676280 
Feature(s) : RDI,FlashDL,FlashBP,JFlash,GDBFULL 
---
* JLink Info: TotalIRLen = 9, IRPrint = 0x0011
* JLink Info: Found Cortex-M3 r1p1, Little endian.
* JLink Info: TPIU fitted.
* JLink Info:   FPUnit: 6 code (BP) slots and 2 literal slots

Target info:
------------
Device: STM32F103V8
VTarget = 3.300V
State of Pins: 
TCK: 1, TDI: 0, TDO: 1, TMS: 0, TRES: 1, TRST: 1
* JLink Info: TotalIRLen = 9, IRPrint = 0x0011
* JLink Info: Found Cortex-M3 r1p1, Little endian.
* JLink Info: TPIU fitted.
* JLink Info:   FPUnit: 6 code (BP) slots and 2 literal slots
Hardware-Breakpoints: 6
Software-Breakpoints: 2048
Watchpoints:          4
JTAG speed: 2000 kHz
---
* JLink Info: TotalIRLen = 9, IRPrint = 0x0011
* JLink Info: Found Cortex-M3 r1p1, Little endian.
* JLink Info: TPIU fitted.
* JLink Info:   FPUnit: 6 code (BP) slots and 2 literal slots
Erase Done.
Programming Done.
Verify OK.
Build target 'V8_9511_V1'
compiling dbg.c...
..\Source\APP\dbg.c(751): warning:  #223-D: function "abs" declared implicitly
linking...
Program Size: Code=45130 RO-data=9538 RW-data=364 ZI-data=11284  
FromELF: creating hex file...
".\exe\103V8.axf" - 0 Error(s), 1 Warning(s).
Build target 'V8_9511_V1'
compiling dbg.c...
linking...
Program Size: Code=45182 RO-data=9538 RW-data=364 ZI-data=11284  
FromELF: creating hex file...
".\exe\103V8.axf" - 0 Error(s), 0 Warning(s).
Build target 'V8_9511_V1'
linking...
Program Size: Code=45182 RO-data=9538 RW-data=364 ZI-data=11284  
FromELF: creating hex file...
".\exe\103V8.axf" - 0 Error(s), 0 Warning(s).
Load "E:\\work\\9511\\zhaoqing_zhenhao_xiugai_9511_60\\9511Soft\\Project\\exe\\103V8.AXF" 

JLink info:
-----------
DLL: V4.08b, compiled Jun 30 2009 19:10:31
Firmware: J-Link ARM V8 compiled Dec  1 2009 11:42:48
Hardware: V8.00
S/N : 270676280 
Feature(s) : RDI,FlashDL,FlashBP,JFlash,GDBFULL 
---
* JLink Info: TotalIRLen = 9, IRPrint = 0x0011
* JLink Info: Found Cortex-M3 r1p1, Little endian.
* JLink Info: TPIU fitted.
* JLink Info:   FPUnit: 6 code (BP) slots and 2 literal slots

Target info:
------------
Device: STM32F103V8
VTarget = 3.300V
State of Pins: 
TCK: 1, TDI: 0, TDO: 1, TMS: 0, TRES: 1, TRST: 1
* JLink Info: TotalIRLen = 9, IRPrint = 0x0011
* JLink Info: Found Cortex-M3 r1p1, Little endian.
* JLink Info: TPIU fitted.
* JLink Info:   FPUnit: 6 code (BP) slots and 2 literal slots
Hardware-Breakpoints: 6
Software-Breakpoints: 2048
Watchpoints:          4
JTAG speed: 2000 kHz
---
* JLink Info: TotalIRLen = 9, IRPrint = 0x0011
* JLink Info: Found Cortex-M3 r1p1, Little endian.
* JLink Info: TPIU fitted.
* JLink Info:   FPUnit: 6 code (BP) slots and 2 literal slots
Erase Done.
Programming Done.
Verify OK.
Build target 'V8_9511_V1'
compiling dbg.c...
linking...
Program Size: Code=45194 RO-data=9538 RW-data=364 ZI-data=11284  
FromELF: creating hex file...
".\exe\103V8.axf" - 0 Error(s), 0 Warning(s).
Load "E:\\work\\9511\\zhaoqing_zhenhao_xiugai_9511_60\\9511Soft\\Project\\exe\\103V8.AXF" 

JLink info:
-----------
DLL: V4.08b, compiled Jun 30 2009 19:10:31
Firmware: J-Link ARM V8 compiled Dec  1 2009 11:42:48
Hardware: V8.00
S/N : 270676280 
Feature(s) : RDI,FlashDL,FlashBP,JFlash,GDBFULL 
---
* JLink Info: TotalIRLen = 9, IRPrint = 0x0011
* JLink Info: Found Cortex-M3 r1p1, Little endian.
* JLink Info: TPIU fitted.
* JLink Info:   FPUnit: 6 code (BP) slots and 2 literal slots

Target info:
------------
Device: STM32F103V8
VTarget = 3.293V
State of Pins: 
TCK: 1, TDI: 0, TDO: 1, TMS: 0, TRES: 1, TRST: 1
* JLink Info: TotalIRLen = 9, IRPrint = 0x0011
* JLink Info: Found Cortex-M3 r1p1, Little endian.
* JLink Info: TPIU fitted.
* JLink Info:   FPUnit: 6 code (BP) slots and 2 literal slots
Hardware-Breakpoints: 6
Software-Breakpoints: 2048
Watchpoints:          4
JTAG speed: 2000 kHz
---
* JLink Info: TotalIRLen = 9, IRPrint = 0x0011
* JLink Info: Found Cortex-M3 r1p1, Little endian.
* JLink Info: TPIU fitted.
* JLink Info:   FPUnit: 6 code (BP) slots and 2 literal slots
Erase Done.
Programming Done.
Verify OK.
Build target 'V8_9511_V1'
compiling dbg.c...
..\Source\APP\dbg.c(753): warning:  #188-D: enumerated type mixed with another type
..\Source\APP\dbg.c(753): warning:  #188-D: enumerated type mixed with another type
..\Source\APP\dbg.c(755): warning:  #188-D: enumerated type mixed with another type
..\Source\APP\dbg.c(755): warning:  #188-D: enumerated type mixed with another type
..\Source\APP\dbg.c(757): error:  #127: expected a statement
..\Source\APP\dbg.c(690): warning:  #550-D: variable "hodd" was set but never used
..\Source\APP\dbg.c(691): warning:  #550-D: variable "heve" was set but never used
Target not created
Build target 'V8_9511_V1'
compiling dbg.c...
..\Source\APP\dbg.c(753): warning:  #188-D: enumerated type mixed with another type
..\Source\APP\dbg.c(753): warning:  #188-D: enumerated type mixed with another type
..\Source\APP\dbg.c(756): warning:  #188-D: enumerated type mixed with another type
..\Source\APP\dbg.c(756): warning:  #188-D: enumerated type mixed with another type
..\Source\APP\dbg.c(690): warning:  #550-D: variable "hodd" was set but never used
..\Source\APP\dbg.c(691): warning:  #550-D: variable "heve" was set but never used
linking...
Program Size: Code=45174 RO-data=9538 RW-data=364 ZI-data=11284  
FromELF: creating hex file...
".\exe\103V8.axf" - 0 Error(s), 6 Warning(s).
Build target 'V8_9511_V1'
compiling dbg.c...
..\Source\APP\dbg.c(753): warning:  #188-D: enumerated type mixed with another type
..\Source\APP\dbg.c(756): warning:  #188-D: enumerated type mixed with another type
..\Source\APP\dbg.c(690): warning:  #550-D: variable "hodd" was set but never used
..\Source\APP\dbg.c(691): warning:  #550-D: variable "heve" was set but never used
linking...
Program Size: Code=45174 RO-data=9538 RW-data=364 ZI-data=11284  
FromELF: creating hex file...
".\exe\103V8.axf" - 0 Error(s), 4 Warning(s).
Build target 'V8_9511_V1'
compiling dbg.c...
..\Source\APP\dbg.c(690): warning:  #550-D: variable "hodd" was set but never used
..\Source\APP\dbg.c(691): warning:  #550-D: variable "heve" was set but never used
linking...
Program Size: Code=45174 RO-data=9538 RW-data=364 ZI-data=11284  
FromELF: creating hex file...
".\exe\103V8.axf" - 0 Error(s), 2 Warning(s).
Load "E:\\work\\9511\\zhaoqing_zhenhao_xiugai_9511_60\\9511Soft\\Project\\exe\\103V8.AXF" 

JLink info:
-----------
DLL: V4.08b, compiled Jun 30 2009 19:10:31
Firmware: J-Link ARM V8 compiled Dec  1 2009 11:42:48
Hardware: V8.00
S/N : 270676280 
Feature(s) : RDI,FlashDL,FlashBP,JFlash,GDBFULL 
---
* JLink Info: TotalIRLen = 9, IRPrint = 0x0011
* JLink Info: Found Cortex-M3 r1p1, Little endian.
* JLink Info: TPIU fitted.
* JLink Info:   FPUnit: 6 code (BP) slots and 2 literal slots

Target info:
------------
Device: STM32F103V8
VTarget = 3.300V
State of Pins: 
TCK: 1, TDI: 0, TDO: 1, TMS: 0, TRES: 1, TRST: 1
* JLink Info: TotalIRLen = 9, IRPrint = 0x0011
* JLink Info: Found Cortex-M3 r1p1, Little endian.
* JLink Info: TPIU fitted.
* JLink Info:   FPUnit: 6 code (BP) slots and 2 literal slots
Hardware-Breakpoints: 6
Software-Breakpoints: 2048
Watchpoints:          4
JTAG speed: 2000 kHz
---
* JLink Info: TotalIRLen = 9, IRPrint = 0x0011
* JLink Info: Found Cortex-M3 r1p1, Little endian.
* JLink Info: TPIU fitted.
* JLink Info:   FPUnit: 6 code (BP) slots and 2 literal slots
Erase Done.
Programming Done.
Verify OK.
Build target 'V8_9511_V1'
compiling dbg.c...
..\Source\APP\dbg.c(685): warning:  #177-D: variable "dbg_wait" was declared but never referenced
..\Source\APP\dbg.c(685): warning:  #177-D: variable "dbg_maichong" was declared but never referenced
linking...
Program Size: Code=45194 RO-data=9538 RW-data=364 ZI-data=11284  
FromELF: creating hex file...
".\exe\103V8.axf" - 0 Error(s), 2 Warning(s).
Load "E:\\work\\9511\\zhaoqing_zhenhao_xiugai_9511_60\\9511Soft\\Project\\exe\\103V8.AXF" 

JLink info:
-----------
DLL: V4.08b, compiled Jun 30 2009 19:10:31
Firmware: J-Link ARM V8 compiled Dec  1 2009 11:42:48
Hardware: V8.00
S/N : 270676280 
Feature(s) : RDI,FlashDL,FlashBP,JFlash,GDBFULL 
---
**JLink Warning: No matching core found. Selecting default core (ARM7).
***JLink Error: Supply voltage too low (1 Volt is required, Measured: 0.0 Volt).
Please check target power.
Load "E:\\work\\9511\\zhaoqing_zhenhao_xiugai_9511_60\\9511Soft\\Project\\exe\\103V8.AXF" 

JLink info:
-----------
DLL: V4.08b, compiled Jun 30 2009 19:10:31
Firmware: J-Link ARM V8 compiled Dec  1 2009 11:42:48
Hardware: V8.00
S/N : 270676280 
Feature(s) : RDI,FlashDL,FlashBP,JFlash,GDBFULL 
---
* JLink Info: TotalIRLen = 9, IRPrint = 0x0011
* JLink Info: Found Cortex-M3 r1p1, Little endian.
* JLink Info: TPIU fitted.
* JLink Info:   FPUnit: 6 code (BP) slots and 2 literal slots

Target info:
------------
Device: STM32F103V8
VTarget = 3.300V
State of Pins: 
TCK: 1, TDI: 0, TDO: 1, TMS: 0, TRES: 1, TRST: 1
* JLink Info: TotalIRLen = 9, IRPrint = 0x0011
* JLink Info: Found Cortex-M3 r1p1, Little endian.
* JLink Info: TPIU fitted.
* JLink Info:   FPUnit: 6 code (BP) slots and 2 literal slots
Hardware-Breakpoints: 6
Software-Breakpoints: 2048
Watchpoints:          4
JTAG speed: 2000 kHz
---
* JLink Info: TotalIRLen = 9, IRPrint = 0x0011
* JLink Info: Found Cortex-M3 r1p1, Little endian.
* JLink Info: TPIU fitted.
* JLink Info:   FPUnit: 6 code (BP) slots and 2 literal slots
Erase Done.
Programming Done.
Verify OK.
