<!doctype html public "-//w3c//dtd html 4.0 transitional//en">
<html><head>
<title>Static Call Graph - [.\exe\103V8.axf]</title></head>
<body><HR>
<H1>Static Call Graph for image .\exe\103V8.axf</H1><HR>
<BR><P>#&#060CALLGRAPH&#062# ARM Linker, RVCT4.0 [Build 524]: Last Updated: Tue Dec 24 11:47:35 2013
<BR><P>
<H3>Maximum Stack Usage =        208 bytes + Unknown(Functions without stacksize, Cycles, Untraceable Function Pointers)</H3><H3>
Call chain for Maximum Stack Depth:</H3>
App_TaskStart &rArr; DBG_ALL &rArr; DBG_C491IsOK &rArr; C491_SendBuf &rArr; OSSemPend &rArr; OS_EventTaskWait
<P>
<H3>
Functions with no stack information
</H3><UL>
 <LI><a href="#[c34fbc]">OS_CPU_SR_Save</a>
 <LI><a href="#[c34ff8]">OS_CPU_SR_Restore</a>
 <LI><a href="#[c2c6a0]">OSStartHighRdy</a>
 <LI><a href="#[c2c664]">OSCtxSw</a>
 <LI><a href="#[c2c628]">OSIntCtxSw</a>
 <LI><a href="#[c2c5ec]">OS_CPU_PendSVHandler</a>
 <LI><a href="#[c8b864]">__user_initial_stackheap</a>
</UL>
</UL>
<P>
<H3>
Mutually Recursive functions
</H3> <LI><a href="#[c8b558]">ADC1_2_IRQHandler</a>&nbsp;&nbsp;&nbsp;&rArr;&nbsp;&nbsp;&nbsp;<a href="#[c8b558]">ADC1_2_IRQHandler</a><BR>
</UL>
<P>
<H3>
Function Pointers
</H3><UL>
 <LI><a href="#[c8b738]">Reset_Handler</a>
 <LI><a href="#[c349e0]">NMI_Handler</a>
 <LI><a href="#[c349a4]">HardFault_Handler</a>
 <LI><a href="#[c34968]">MemManage_Handler</a>
 <LI><a href="#[c3492c]">BusFault_Handler</a>
 <LI><a href="#[c348f0]">UsageFault_Handler</a>
 <LI><a href="#[c348b4]">SVC_Handler</a>
 <LI><a href="#[c34878]">DebugMon_Handler</a>
 <LI><a href="#[c2c5ec]">OS_CPU_PendSVHandler</a>
 <LI><a href="#[c2bbd8]">OS_CPU_SysTickHandler</a>
 <LI><a href="#[16d85e0]">WWDG_IRQHandler</a>
 <LI><a href="#[c8b030]">PVD_IRQHandler</a>
 <LI><a href="#[16d8928]">TAMPER_IRQHandler</a>
 <LI><a href="#[16d89dc]">RTC_IRQHandler</a>
 <LI><a href="#[c8b15c]">FLASH_IRQHandler</a>
 <LI><a href="#[16d8a54]">RCC_IRQHandler</a>
 <LI><a href="#[c8b300]">EXTI0_IRQHandler</a>
 <LI><a href="#[c8b288]">EXTI1_IRQHandler</a>
 <LI><a href="#[c8b24c]">EXTI2_IRQHandler</a>
 <LI><a href="#[c8b210]">EXTI3_IRQHandler</a>
 <LI><a href="#[c8b1d4]">EXTI4_IRQHandler</a>
 <LI><a href="#[c8b4a4]">DMA1_Channel1_IRQHandler</a>
 <LI><a href="#[c8b468]">DMA1_Channel2_IRQHandler</a>
 <LI><a href="#[c8b42c]">DMA1_Channel3_IRQHandler</a>
 <LI><a href="#[c8b3f0]">DMA1_Channel4_IRQHandler</a>
 <LI><a href="#[c8b3b4]">DMA1_Channel5_IRQHandler</a>
 <LI><a href="#[c8b378]">DMA1_Channel6_IRQHandler</a>
 <LI><a href="#[c8b33c]">DMA1_Channel7_IRQHandler</a>
 <LI><a href="#[c8b558]">ADC1_2_IRQHandler</a>
 <LI><a href="#[16d8658]">USB_HP_CAN1_TX_IRQHandler</a>
 <LI><a href="#[16d861c]">USB_LP_CAN1_RX0_IRQHandler</a>
 <LI><a href="#[c8b51c]">CAN1_RX1_IRQHandler</a>
 <LI><a href="#[c8b4e0]">CAN1_SCE_IRQHandler</a>
 <LI><a href="#[c8b198]">EXTI9_5_IRQHandler</a>
 <LI><a href="#[16d88ec]">TIM1_BRK_IRQHandler</a>
 <LI><a href="#[16d8838]">TIM1_UP_IRQHandler</a>
 <LI><a href="#[16d8874]">TIM1_TRG_COM_IRQHandler</a>
 <LI><a href="#[c3474c]">TIM1_CC_IRQHandler</a>
 <LI><a href="#[16d87fc]">TIM2_IRQHandler</a>
 <LI><a href="#[16d87c0]">TIM3_IRQHandler</a>
 <LI><a href="#[16d8784]">TIM4_IRQHandler</a>
 <LI><a href="#[c8b0e4]">I2C1_EV_IRQHandler</a>
 <LI><a href="#[c8b120]">I2C1_ER_IRQHandler</a>
 <LI><a href="#[c8b06c]">I2C2_EV_IRQHandler</a>
 <LI><a href="#[c8b0a8]">I2C2_ER_IRQHandler</a>
 <LI><a href="#[16d89a0]">SPI1_IRQHandler</a>
 <LI><a href="#[16d8964]">SPI2_IRQHandler</a>
 <LI><a href="#[c34788]">USART1_IRQHandler</a>
 <LI><a href="#[16d870c]">USART2_IRQHandler</a>
 <LI><a href="#[16d86d0]">USART3_IRQHandler</a>
 <LI><a href="#[c8b2c4]">EXTI15_10_IRQHandler</a>
 <LI><a href="#[16d8a18]">RTCAlarm_IRQHandler</a>
 <LI><a href="#[16d8694]">USBWakeUp_IRQHandler</a>
 <LI><a href="#[c385e0]">App_TaskUserIF</a>
 <LI><a href="#[c38568]">App_TaskStart</a>
 <LI><a href="#[c32604]">MOTO_TaskCutOdd</a>
 <LI><a href="#[c32640]">MOTO_TaskHghOdd</a>
 <LI><a href="#[c3267c]">MOTO_TaskCutEven</a>
 <LI><a href="#[c32898]">MOTO_TaskHghEven</a>
 <LI><a href="#[c3186c]">IN_TaskScan</a>
 <LI><a href="#[c30a98]">COM_CmdDoNothing</a>
 <LI><a href="#[c2ef68]">HDLED_TaskSparkling</a>
 <LI><a href="#[c2c484]">OSTaskSwHook</a>
 <LI><a href="#[16d690c]">__main</a>
 <LI><a href="#[16d2a78]">__I$use$semihosting</a>
 <LI><a href="#[c30a98]">COM_CmdDoNothing</a>
 <LI><a href="#[c30a5c]">COM_HighTo0</a>
 <LI><a href="#[c30a98]">COM_CmdDoNothing</a>
 <LI><a href="#[c30a20]">COM_HighTo1</a>
 <LI><a href="#[c30a98]">COM_CmdDoNothing</a>
 <LI><a href="#[c309e4]">COM_HighTo2</a>
 <LI><a href="#[c30a98]">COM_CmdDoNothing</a>
 <LI><a href="#[c309a8]">COM_HighTo3</a>
 <LI><a href="#[c30a98]">COM_CmdDoNothing</a>
 <LI><a href="#[c3096c]">COM_HighTo4</a>
 <LI><a href="#[c30a98]">COM_CmdDoNothing</a>
 <LI><a href="#[c30930]">COM_HighTo5</a>
 <LI><a href="#[c30a98]">COM_CmdDoNothing</a>
 <LI><a href="#[c308f4]">COM_HighTo6</a>
 <LI><a href="#[c30a98]">COM_CmdDoNothing</a>
 <LI><a href="#[c308b8]">COM_HighTo7</a>
 <LI><a href="#[c30a98]">COM_CmdDoNothing</a>
 <LI><a href="#[c3087c]">COM_HighTo8</a>
 <LI><a href="#[c30a98]">COM_CmdDoNothing</a>
 <LI><a href="#[c30840]">COM_HighTo9</a>
 <LI><a href="#[c30a98]">COM_CmdDoNothing</a>
 <LI><a href="#[c30804]">COM_HighTo10</a>
 <LI><a href="#[c30a98]">COM_CmdDoNothing</a>
 <LI><a href="#[c30a98]">COM_CmdDoNothing</a>
 <LI><a href="#[c30a98]">COM_CmdDoNothing</a>
 <LI><a href="#[c30a98]">COM_CmdDoNothing</a>
 <LI><a href="#[c30a98]">COM_CmdDoNothing</a>
 <LI><a href="#[c30a98]">COM_CmdDoNothing</a>
 <LI><a href="#[c30a98]">COM_CmdDoNothing</a>
 <LI><a href="#[c30a98]">COM_CmdDoNothing</a>
 <LI><a href="#[c2fb20]">COM_9511SetSol</a>
 <LI><a href="#[c2fb20]">COM_9511SetSol</a>
 <LI><a href="#[c30a98]">COM_CmdDoNothing</a>
 <LI><a href="#[c30a98]">COM_CmdDoNothing</a>
 <LI><a href="#[c30a98]">COM_CmdDoNothing</a>
 <LI><a href="#[c30a98]">COM_CmdDoNothing</a>
 <LI><a href="#[c30a98]">COM_CmdDoNothing</a>
 <LI><a href="#[c30a98]">COM_CmdDoNothing</a>
 <LI><a href="#[c30a98]">COM_CmdDoNothing</a>
 <LI><a href="#[c30a98]">COM_CmdDoNothing</a>
 <LI><a href="#[c30a98]">COM_CmdDoNothing</a>
 <LI><a href="#[c30a98]">COM_CmdDoNothing</a>
 <LI><a href="#[c30a98]">COM_CmdDoNothing</a>
 <LI><a href="#[c30a98]">COM_CmdDoNothing</a>
 <LI><a href="#[c30a98]">COM_CmdDoNothing</a>
 <LI><a href="#[c30a98]">COM_CmdDoNothing</a>
 <LI><a href="#[c30a98]">COM_CmdDoNothing</a>
 <LI><a href="#[c30a98]">COM_CmdDoNothing</a>
 <LI><a href="#[c30a98]">COM_CmdDoNothing</a>
 <LI><a href="#[c30a98]">COM_CmdDoNothing</a>
 <LI><a href="#[c30a98]">COM_CmdDoNothing</a>
 <LI><a href="#[c30a98]">COM_CmdDoNothing</a>
 <LI><a href="#[c30a98]">COM_CmdDoNothing</a>
 <LI><a href="#[c30a98]">COM_CmdDoNothing</a>
 <LI><a href="#[c30a98]">COM_CmdDoNothing</a>
 <LI><a href="#[c30a98]">COM_CmdDoNothing</a>
 <LI><a href="#[c30a98]">COM_CmdDoNothing</a>
 <LI><a href="#[c30a98]">COM_CmdDoNothing</a>
 <LI><a href="#[c30a98]">COM_CmdDoNothing</a>
 <LI><a href="#[c30a98]">COM_CmdDoNothing</a>
 <LI><a href="#[c30a98]">COM_CmdDoNothing</a>
 <LI><a href="#[c30a98]">COM_CmdDoNothing</a>
 <LI><a href="#[c30a98]">COM_CmdDoNothing</a>
 <LI><a href="#[c30a98]">COM_CmdDoNothing</a>
 <LI><a href="#[c30a98]">COM_CmdDoNothing</a>
 <LI><a href="#[c30a98]">COM_CmdDoNothing</a>
 <LI><a href="#[c30a98]">COM_CmdDoNothing</a>
 <LI><a href="#[c30a98]">COM_CmdDoNothing</a>
 <LI><a href="#[c30a98]">COM_CmdDoNothing</a>
 <LI><a href="#[c30a98]">COM_CmdDoNothing</a>
 <LI><a href="#[c30a98]">COM_CmdDoNothing</a>
 <LI><a href="#[c30a98]">COM_CmdDoNothing</a>
 <LI><a href="#[c30a98]">COM_CmdDoNothing</a>
 <LI><a href="#[c30a98]">COM_CmdDoNothing</a>
 <LI><a href="#[c30a98]">COM_CmdDoNothing</a>
 <LI><a href="#[c30a98]">COM_CmdDoNothing</a>
 <LI><a href="#[c30a98]">COM_CmdDoNothing</a>
 <LI><a href="#[c30a98]">COM_CmdDoNothing</a>
 <LI><a href="#[c30a98]">COM_CmdDoNothing</a>
 <LI><a href="#[c30a98]">COM_CmdDoNothing</a>
 <LI><a href="#[c30a98]">COM_CmdDoNothing</a>
 <LI><a href="#[c30a98]">COM_CmdDoNothing</a>
 <LI><a href="#[c30a98]">COM_CmdDoNothing</a>
 <LI><a href="#[c30a98]">COM_CmdDoNothing</a>
 <LI><a href="#[c30a98]">COM_CmdDoNothing</a>
 <LI><a href="#[c30a98]">COM_CmdDoNothing</a>
 <LI><a href="#[c30a98]">COM_CmdDoNothing</a>
 <LI><a href="#[c30a98]">COM_CmdDoNothing</a>
 <LI><a href="#[c30a98]">COM_CmdDoNothing</a>
 <LI><a href="#[c30a98]">COM_CmdDoNothing</a>
 <LI><a href="#[c30a98]">COM_CmdDoNothing</a>
 <LI><a href="#[c30a98]">COM_CmdDoNothing</a>
 <LI><a href="#[c30a98]">COM_CmdDoNothing</a>
 <LI><a href="#[c30a98]">COM_CmdDoNothing</a>
 <LI><a href="#[c30a98]">COM_CmdDoNothing</a>
 <LI><a href="#[c30a98]">COM_CmdDoNothing</a>
 <LI><a href="#[c30a98]">COM_CmdDoNothing</a>
 <LI><a href="#[c30a98]">COM_CmdDoNothing</a>
 <LI><a href="#[c30a98]">COM_CmdDoNothing</a>
 <LI><a href="#[c30a98]">COM_CmdDoNothing</a>
 <LI><a href="#[c30a98]">COM_CmdDoNothing</a>
 <LI><a href="#[c30a98]">COM_CmdDoNothing</a>
 <LI><a href="#[c30a98]">COM_CmdDoNothing</a>
 <LI><a href="#[c30a98]">COM_CmdDoNothing</a>
 <LI><a href="#[c30a98]">COM_CmdDoNothing</a>
 <LI><a href="#[c30a98]">COM_CmdDoNothing</a>
 <LI><a href="#[c30a98]">COM_CmdDoNothing</a>
 <LI><a href="#[c30a98]">COM_CmdDoNothing</a>
 <LI><a href="#[c30a98]">COM_CmdDoNothing</a>
 <LI><a href="#[c30a98]">COM_CmdDoNothing</a>
 <LI><a href="#[c30a98]">COM_CmdDoNothing</a>
 <LI><a href="#[c30a98]">COM_CmdDoNothing</a>
 <LI><a href="#[c30a98]">COM_CmdDoNothing</a>
 <LI><a href="#[c30a98]">COM_CmdDoNothing</a>
 <LI><a href="#[c30a98]">COM_CmdDoNothing</a>
 <LI><a href="#[c30a98]">COM_CmdDoNothing</a>
 <LI><a href="#[c30a98]">COM_CmdDoNothing</a>
 <LI><a href="#[c30a98]">COM_CmdDoNothing</a>
 <LI><a href="#[c30a98]">COM_CmdDoNothing</a>
 <LI><a href="#[c30a98]">COM_CmdDoNothing</a>
 <LI><a href="#[c30a98]">COM_CmdDoNothing</a>
 <LI><a href="#[c30a98]">COM_CmdDoNothing</a>
 <LI><a href="#[c30a98]">COM_CmdDoNothing</a>
 <LI><a href="#[c30a98]">COM_CmdDoNothing</a>
 <LI><a href="#[c30a98]">COM_CmdDoNothing</a>
 <LI><a href="#[c30a98]">COM_CmdDoNothing</a>
 <LI><a href="#[c30a98]">COM_CmdDoNothing</a>
 <LI><a href="#[c30a98]">COM_CmdDoNothing</a>
 <LI><a href="#[c307c8]">COM_9511FaultOff</a>
 <LI><a href="#[c307c8]">COM_9511FaultOff</a>
 <LI><a href="#[c30a98]">COM_CmdDoNothing</a>
 <LI><a href="#[c30a98]">COM_CmdDoNothing</a>
 <LI><a href="#[c30a98]">COM_CmdDoNothing</a>
 <LI><a href="#[c306d8]">COM_9511DnToUpBrk</a>
 <LI><a href="#[c30a98]">COM_CmdDoNothing</a>
 <LI><a href="#[c30a98]">COM_CmdDoNothing</a>
 <LI><a href="#[c30a98]">COM_CmdDoNothing</a>
 <LI><a href="#[c30a98]">COM_CmdDoNothing</a>
 <LI><a href="#[c30a98]">COM_CmdDoNothing</a>
 <LI><a href="#[c30a98]">COM_CmdDoNothing</a>
 <LI><a href="#[c30a98]">COM_CmdDoNothing</a>
 <LI><a href="#[c30a98]">COM_CmdDoNothing</a>
 <LI><a href="#[c30a98]">COM_CmdDoNothing</a>
 <LI><a href="#[c30a98]">COM_CmdDoNothing</a>
 <LI><a href="#[c30624]">COM_9511DnEnable</a>
 <LI><a href="#[c30a98]">COM_CmdDoNothing</a>
 <LI><a href="#[c2f6ac]">COM_MainSetPssW</a>
 <LI><a href="#[c30a98]">COM_CmdDoNothing</a>
 <LI><a href="#[c30a98]">COM_CmdDoNothing</a>
 <LI><a href="#[c2f724]">COM_MainErasPssW</a>
 <LI><a href="#[c2f724]">COM_MainErasPssW</a>
 <LI><a href="#[c30a98]">COM_CmdDoNothing</a>
 <LI><a href="#[c30a98]">COM_CmdDoNothing</a>
 <LI><a href="#[c2f6ac]">COM_MainSetPssW</a>
 <LI><a href="#[c2fb5c]">COM_MainCh9511</a>
 <LI><a href="#[c30a98]">COM_CmdDoNothing</a>
 <LI><a href="#[c30a98]">COM_CmdDoNothing</a>
 <LI><a href="#[c2fb5c]">COM_MainCh9511</a>
 <LI><a href="#[c2fb98]">COM_MainConfirm</a>
 <LI><a href="#[c2fb98]">COM_MainConfirm</a>
 <LI><a href="#[c307c8]">COM_9511FaultOff</a>
 <LI><a href="#[c307c8]">COM_9511FaultOff</a>
 <LI><a href="#[c3078c]">COM_9511DataCheck</a>
 <LI><a href="#[c3078c]">COM_9511DataCheck</a>
 <LI><a href="#[c30a98]">COM_CmdDoNothing</a>
 <LI><a href="#[c306d8]">COM_9511DnToUpBrk</a>
 <LI><a href="#[c3069c]">COM_9511BrkDetMod</a>
 <LI><a href="#[c3069c]">COM_9511BrkDetMod</a>
 <LI><a href="#[c30a98]">COM_CmdDoNothing</a>
 <LI><a href="#[c30a98]">COM_CmdDoNothing</a>
 <LI><a href="#[c30a98]">COM_CmdDoNothing</a>
 <LI><a href="#[c30a98]">COM_CmdDoNothing</a>
 <LI><a href="#[c30a98]">COM_CmdDoNothing</a>
 <LI><a href="#[c30660]">COM_9511GetIsSqnUp</a>
 <LI><a href="#[c30a98]">COM_CmdDoNothing</a>
 <LI><a href="#[c30a98]">COM_CmdDoNothing</a>
 <LI><a href="#[c30624]">COM_9511DnEnable</a>
 <LI><a href="#[c30a98]">COM_CmdDoNothing</a>
 <LI><a href="#[c305e8]">COM_9511CutBack</a>
 <LI><a href="#[c30a98]">COM_CmdDoNothing</a>
 <LI><a href="#[c305ac]">COM_9511CutHalf</a>
 <LI><a href="#[c30a98]">COM_CmdDoNothing</a>
 <LI><a href="#[c30570]">COM_9511CutFull</a>
 <LI><a href="#[c30a98]">COM_CmdDoNothing</a>
 <LI><a href="#[c30534]">COM_9511CutSetPara</a>
 <LI><a href="#[c30a98]">COM_CmdDoNothing</a>
 <LI><a href="#[c30a98]">COM_CmdDoNothing</a>
 <LI><a href="#[c304f8]">COM_9511GetVersion</a>
 <LI><a href="#[c30a98]">COM_CmdDoNothing</a>
 <LI><a href="#[c304bc]">COM_9511SetRedOdd</a>
 <LI><a href="#[c30a98]">COM_CmdDoNothing</a>
 <LI><a href="#[c30480]">COM_9511SetGreOdd</a>
 <LI><a href="#[c30a98]">COM_CmdDoNothing</a>
 <LI><a href="#[c30444]">COM_9511SetOraOdd</a>
 <LI><a href="#[c30a98]">COM_CmdDoNothing</a>
 <LI><a href="#[c30408]">COM_9511TestEnter</a>
 <LI><a href="#[c30a98]">COM_CmdDoNothing</a>
 <LI><a href="#[c303cc]">COM_9511TestExit</a>
 <LI><a href="#[c30a98]">COM_CmdDoNothing</a>
 <LI><a href="#[c30390]">COM_9511SetRedEven</a>
 <LI><a href="#[c30a98]">COM_CmdDoNothing</a>
 <LI><a href="#[c30354]">COM_9511SetGreEven</a>
 <LI><a href="#[c30a98]">COM_CmdDoNothing</a>
 <LI><a href="#[c30318]">COM_9511SetOraEven</a>
 <LI><a href="#[c30a98]">COM_CmdDoNothing</a>
 <LI><a href="#[c302dc]">COM_9511MAOrgOut</a>
 <LI><a href="#[c30a98]">COM_CmdDoNothing</a>
 <LI><a href="#[c302a0]">COM_9511GetHghOdd</a>
 <LI><a href="#[c30a98]">COM_CmdDoNothing</a>
 <LI><a href="#[c30264]">COM_9511GetHghEven</a>
 <LI><a href="#[c30a98]">COM_CmdDoNothing</a>
 <LI><a href="#[c30228]">COM_9511GetADOdd</a>
 <LI><a href="#[c30a98]">COM_CmdDoNothing</a>
 <LI><a href="#[c301ec]">COM_9511GetADEven</a>
 <LI><a href="#[c30a98]">COM_CmdDoNothing</a>
 <LI><a href="#[c301b0]">COM_9511MAOneLoop</a>
 <LI><a href="#[c30a98]">COM_CmdDoNothing</a>
 <LI><a href="#[c30174]">COM_9511SetGreALL</a>
 <LI><a href="#[c30a98]">COM_CmdDoNothing</a>
 <LI><a href="#[c30a98]">COM_CmdDoNothing</a>
 <LI><a href="#[c30a98]">COM_CmdDoNothing</a>
 <LI><a href="#[c300fc]">COM_9511PatchExit</a>
 <LI><a href="#[c30a98]">COM_CmdDoNothing</a>
 <LI><a href="#[c30084]">COM_9511PatchEnter</a>
 <LI><a href="#[c30a98]">COM_CmdDoNothing</a>
 <LI><a href="#[c30a98]">COM_CmdDoNothing</a>
 <LI><a href="#[c30a98]">COM_CmdDoNothing</a>
 <LI><a href="#[c30a98]">COM_CmdDoNothing</a>
 <LI><a href="#[c30a98]">COM_CmdDoNothing</a>
 <LI><a href="#[c30a98]">COM_CmdDoNothing</a>
 <LI><a href="#[c30a98]">COM_CmdDoNothing</a>
 <LI><a href="#[c30a98]">COM_CmdDoNothing</a>
 <LI><a href="#[c30a98]">COM_CmdDoNothing</a>
 <LI><a href="#[c30a98]">COM_CmdDoNothing</a>
 <LI><a href="#[c30a98]">COM_CmdDoNothing</a>
 <LI><a href="#[c30a98]">COM_CmdDoNothing</a>
 <LI><a href="#[c30a98]">COM_CmdDoNothing</a>
 <LI><a href="#[c30a98]">COM_CmdDoNothing</a>
 <LI><a href="#[c30a98]">COM_CmdDoNothing</a>
 <LI><a href="#[c30048]">COM_9511GetHDLed</a>
 <LI><a href="#[c2fea4]">COM_9511GetCutOrg</a>
 <LI><a href="#[c30a98]">COM_CmdDoNothing</a>
 <LI><a href="#[c2fe68]">COM_9511GetDnErr</a>
 <LI><a href="#[c30a98]">COM_CmdDoNothing</a>
 <LI><a href="#[c30a98]">COM_CmdDoNothing</a>
 <LI><a href="#[c3000c]">COM_9511MAOrgIn</a>
 <LI><a href="#[c30a98]">COM_CmdDoNothing</a>
 <LI><a href="#[c30a98]">COM_CmdDoNothing</a>
 <LI><a href="#[c30a98]">COM_CmdDoNothing</a>
 <LI><a href="#[c2fe2c]">COM_9511GetUpErr</a>
 <LI><a href="#[c2ff58]">COM_9511MAStop</a>
 <LI><a href="#[c2ff58]">COM_9511MAStop</a>
 <LI><a href="#[c2ff94]">COM_9511MAStartUp</a>
 <LI><a href="#[c2ff94]">COM_9511MAStartUp</a>
 <LI><a href="#[c2fee0]">COM_9511BrkDetect</a>
 <LI><a href="#[c2fee0]">COM_9511BrkDetect</a>
</UL>
<P>
<H3>
Global Symbols
</H3>
<P><STRONG><a name="[16d690c]"></a>__main</STRONG> (Thumb, 8 bytes, Stack size 0 bytes, __main.o(!!!main))
<BR><BR>[Calls]<UL><LI><a href="#[16d03cc]">&gt;&gt;</a>&nbsp;&nbsp;&nbsp;__scatterload
<LI><a href="#[16d67e0]">&gt;&gt;</a>&nbsp;&nbsp;&nbsp;__rt_entry
</UL>

<P><STRONG><a name="[16d03cc]"></a>__scatterload</STRONG> (Thumb, 0 bytes, Stack size unknown bytes, __scatter.o(!!!scatter))
<BR><BR>[Called By]<UL><LI><a href="#[16d690c]">&gt;&gt;</a>&nbsp;&nbsp;&nbsp;__main
</UL>

<P><STRONG><a name="[16d0390]"></a>__scatterload_rt2</STRONG> (Thumb, 44 bytes, Stack size unknown bytes, __scatter.o(!!!scatter), UNUSED)
<BR><BR>[Calls]<UL><LI><a href="#[16d67e0]">&gt;&gt;</a>&nbsp;&nbsp;&nbsp;__rt_entry
</UL>

<P><STRONG><a name="[16d0354]"></a>__scatterload_rt2_thumb_only</STRONG> (Thumb, 0 bytes, Stack size unknown bytes, __scatter.o(!!!scatter), UNUSED)

<P><STRONG><a name="[16d0318]"></a>__scatterload_null</STRONG> (Thumb, 0 bytes, Stack size unknown bytes, __scatter.o(!!!scatter), UNUSED)

<P><STRONG><a name="[16d04f8]"></a>__decompress</STRONG> (Thumb, 58 bytes, Stack size unknown bytes, __dczerorl.o(!!dczerorl), UNUSED)

<P><STRONG><a name="[16d04bc]"></a>__decompress0</STRONG> (Thumb, 0 bytes, Stack size unknown bytes, __dczerorl.o(!!dczerorl), UNUSED)

<P><STRONG><a name="[16d0174]"></a>__scatterload_zeroinit</STRONG> (Thumb, 28 bytes, Stack size unknown bytes, __scatter_zi.o(!!handler_zi), UNUSED)

<P><STRONG><a name="[16d59d0]"></a>__rt_lib_init</STRONG> (Thumb, 0 bytes, Stack size unknown bytes, libinit.o(.ARM.Collect$$libinit$$00000000))
<BR><BR>[Called By]<UL><LI><a href="#[16d6330]">&gt;&gt;</a>&nbsp;&nbsp;&nbsp;__rt_entry_li
</UL>

<P><STRONG><a name="[16d3ea0]"></a>__rt_lib_init_alloca_1</STRONG> (Thumb, 0 bytes, Stack size unknown bytes, libinit2.o(.ARM.Collect$$libinit$$0000002A))

<P><STRONG><a name="[16d3f18]"></a>__rt_lib_init_argv_1</STRONG> (Thumb, 0 bytes, Stack size unknown bytes, libinit2.o(.ARM.Collect$$libinit$$00000028))

<P><STRONG><a name="[16d42d8]"></a>__rt_lib_init_atexit_1</STRONG> (Thumb, 0 bytes, Stack size unknown bytes, libinit2.o(.ARM.Collect$$libinit$$00000017))

<P><STRONG><a name="[16d4170]"></a>__rt_lib_init_clock_1</STRONG> (Thumb, 0 bytes, Stack size unknown bytes, libinit2.o(.ARM.Collect$$libinit$$0000001D))

<P><STRONG><a name="[16d3db0]"></a>__rt_lib_init_cpp_1</STRONG> (Thumb, 0 bytes, Stack size unknown bytes, libinit2.o(.ARM.Collect$$libinit$$0000002E))

<P><STRONG><a name="[16d3e28]"></a>__rt_lib_init_exceptions_1</STRONG> (Thumb, 0 bytes, Stack size unknown bytes, libinit2.o(.ARM.Collect$$libinit$$0000002C))

<P><STRONG><a name="[16d41e8]"></a>__rt_lib_init_fp_trap_1</STRONG> (Thumb, 0 bytes, Stack size unknown bytes, libinit2.o(.ARM.Collect$$libinit$$0000001B))

<P><STRONG><a name="[16d40f8]"></a>__rt_lib_init_getenv_1</STRONG> (Thumb, 0 bytes, Stack size unknown bytes, libinit2.o(.ARM.Collect$$libinit$$0000001F))

<P><STRONG><a name="[16d46d4]"></a>__rt_lib_init_heap_1</STRONG> (Thumb, 0 bytes, Stack size unknown bytes, libinit2.o(.ARM.Collect$$libinit$$00000006))

<P><STRONG><a name="[16d4530]"></a>__rt_lib_init_lc_collate_1</STRONG> (Thumb, 0 bytes, Stack size unknown bytes, libinit2.o(.ARM.Collect$$libinit$$0000000D))

<P><STRONG><a name="[16d44b8]"></a>__rt_lib_init_lc_ctype_1</STRONG> (Thumb, 0 bytes, Stack size unknown bytes, libinit2.o(.ARM.Collect$$libinit$$0000000F))

<P><STRONG><a name="[16d4440]"></a>__rt_lib_init_lc_monetary_1</STRONG> (Thumb, 0 bytes, Stack size unknown bytes, libinit2.o(.ARM.Collect$$libinit$$00000011))

<P><STRONG><a name="[16d43c8]"></a>__rt_lib_init_lc_numeric_1</STRONG> (Thumb, 0 bytes, Stack size unknown bytes, libinit2.o(.ARM.Collect$$libinit$$00000013))

<P><STRONG><a name="[16d4350]"></a>__rt_lib_init_lc_time_1</STRONG> (Thumb, 0 bytes, Stack size unknown bytes, libinit2.o(.ARM.Collect$$libinit$$00000015))

<P><STRONG><a name="[16d45e4]"></a>__rt_lib_init_rand_1</STRONG> (Thumb, 0 bytes, Stack size unknown bytes, libinit2.o(.ARM.Collect$$libinit$$0000000A))

<P><STRONG><a name="[16d3d74]"></a>__rt_lib_init_return</STRONG> (Thumb, 0 bytes, Stack size unknown bytes, libinit2.o(.ARM.Collect$$libinit$$0000002F))

<P><STRONG><a name="[16d4260]"></a>__rt_lib_init_signal_1</STRONG> (Thumb, 0 bytes, Stack size unknown bytes, libinit2.o(.ARM.Collect$$libinit$$00000019))

<P><STRONG><a name="[16d4080]"></a>__rt_lib_init_stdio_1</STRONG> (Thumb, 0 bytes, Stack size unknown bytes, libinit2.o(.ARM.Collect$$libinit$$00000021))

<P><STRONG><a name="[16d465c]"></a>__rt_lib_init_user_alloc_1</STRONG> (Thumb, 0 bytes, Stack size unknown bytes, libinit2.o(.ARM.Collect$$libinit$$00000008))

<P><STRONG><a name="[16d2dc0]"></a>__rt_lib_shutdown</STRONG> (Thumb, 0 bytes, Stack size unknown bytes, libshutdown.o(.ARM.Collect$$libshutdown$$00000000))
<BR><BR>[Called By]<UL><LI><a href="#[16d35f4]">&gt;&gt;</a>&nbsp;&nbsp;&nbsp;__rt_exit_ls
</UL>

<P><STRONG><a name="[16d2154]"></a>__rt_lib_shutdown_fp_trap_1</STRONG> (Thumb, 0 bytes, Stack size unknown bytes, libshutdown2.o(.ARM.Collect$$libshutdown$$00000006))

<P><STRONG><a name="[16d1f74]"></a>__rt_lib_shutdown_heap_1</STRONG> (Thumb, 0 bytes, Stack size unknown bytes, libshutdown2.o(.ARM.Collect$$libshutdown$$0000000E))

<P><STRONG><a name="[16d1f38]"></a>__rt_lib_shutdown_return</STRONG> (Thumb, 0 bytes, Stack size unknown bytes, libshutdown2.o(.ARM.Collect$$libshutdown$$0000000F))

<P><STRONG><a name="[16d20a0]"></a>__rt_lib_shutdown_signal_1</STRONG> (Thumb, 0 bytes, Stack size unknown bytes, libshutdown2.o(.ARM.Collect$$libshutdown$$00000009))

<P><STRONG><a name="[16d2208]"></a>__rt_lib_shutdown_stdio_1</STRONG> (Thumb, 0 bytes, Stack size unknown bytes, libshutdown2.o(.ARM.Collect$$libshutdown$$00000003))

<P><STRONG><a name="[16d2028]"></a>__rt_lib_shutdown_user_alloc_1</STRONG> (Thumb, 0 bytes, Stack size unknown bytes, libshutdown2.o(.ARM.Collect$$libshutdown$$0000000B))

<P><STRONG><a name="[16d67e0]"></a>__rt_entry</STRONG> (Thumb, 0 bytes, Stack size unknown bytes, rtentry.o(.ARM.Collect$$rtentry$$00000000))
<BR><BR>[Called By]<UL><LI><a href="#[16d0390]">&gt;&gt;</a>&nbsp;&nbsp;&nbsp;__scatterload_rt2
<LI><a href="#[16d690c]">&gt;&gt;</a>&nbsp;&nbsp;&nbsp;__main
</UL>

<P><STRONG><a name="[16d63e4]"></a>__rt_entry_presh_1</STRONG> (Thumb, 0 bytes, Stack size unknown bytes, rtentry2.o(.ARM.Collect$$rtentry$$00000002))

<P><STRONG><a name="[16d6060]"></a>__rt_entry_sh</STRONG> (Thumb, 0 bytes, Stack size unknown bytes, rtentry4.o(.ARM.Collect$$rtentry$$00000004))
<BR><BR>[Stack]<UL><LI>Max Depth = 8 + Unknown Stack Size
<LI>Call Chain = __rt_entry_sh &rArr; __user_setup_stackheap
</UL>
<BR>[Calls]<UL><LI><a href="#[16d5f34]">&gt;&gt;</a>&nbsp;&nbsp;&nbsp;__user_setup_stackheap
</UL>

<P><STRONG><a name="[16d6330]"></a>__rt_entry_li</STRONG> (Thumb, 0 bytes, Stack size unknown bytes, rtentry2.o(.ARM.Collect$$rtentry$$0000000A))
<BR><BR>[Calls]<UL><LI><a href="#[16d59d0]">&gt;&gt;</a>&nbsp;&nbsp;&nbsp;__rt_lib_init
</UL>

<P><STRONG><a name="[16d636c]"></a>__rt_entry_postsh_1</STRONG> (Thumb, 0 bytes, Stack size unknown bytes, rtentry2.o(.ARM.Collect$$rtentry$$00000009))

<P><STRONG><a name="[16d627c]"></a>__rt_entry_main</STRONG> (Thumb, 0 bytes, Stack size unknown bytes, rtentry2.o(.ARM.Collect$$rtentry$$0000000D))
<BR><BR>[Stack]<UL><LI>Max Depth = 184 + Unknown Stack Size
<LI>Call Chain = __rt_entry_main &rArr; main &rArr; OSInit &rArr; OS_InitTaskIdle &rArr; OSTaskCreateExt &rArr; OS_TCBInit &rArr; OSTCBInitHook
</UL>
<BR>[Calls]<UL><LI><a href="#[c358e0]">&gt;&gt;</a>&nbsp;&nbsp;&nbsp;main
<LI><a href="#[16d5dcc]">&gt;&gt;</a>&nbsp;&nbsp;&nbsp;exit
</UL>

<P><STRONG><a name="[16d62b8]"></a>__rt_entry_postli_1</STRONG> (Thumb, 0 bytes, Stack size unknown bytes, rtentry2.o(.ARM.Collect$$rtentry$$0000000C))

<P><STRONG><a name="[16d5250]"></a>__rt_exit</STRONG> (Thumb, 0 bytes, Stack size unknown bytes, rtexit.o(.ARM.Collect$$rtexit$$00000000))
<BR><BR>[Called By]<UL><LI><a href="#[16d5dcc]">&gt;&gt;</a>&nbsp;&nbsp;&nbsp;exit
</UL>

<P><STRONG><a name="[16d35f4]"></a>__rt_exit_ls</STRONG> (Thumb, 0 bytes, Stack size unknown bytes, rtexit2.o(.ARM.Collect$$rtexit$$00000003))
<BR><BR>[Calls]<UL><LI><a href="#[16d2dc0]">&gt;&gt;</a>&nbsp;&nbsp;&nbsp;__rt_lib_shutdown
</UL>

<P><STRONG><a name="[16d3630]"></a>__rt_exit_prels_1</STRONG> (Thumb, 0 bytes, Stack size unknown bytes, rtexit2.o(.ARM.Collect$$rtexit$$00000002))

<P><STRONG><a name="[16d35b8]"></a>__rt_exit_exit</STRONG> (Thumb, 0 bytes, Stack size unknown bytes, rtexit2.o(.ARM.Collect$$rtexit$$00000004))
<BR><BR>[Calls]<UL><LI><a href="#[16d32ac]">&gt;&gt;</a>&nbsp;&nbsp;&nbsp;_sys_exit
</UL>

<P><STRONG><a name="[c358e0]"></a>main</STRONG> (Thumb, 64 bytes, Stack size 32 bytes, app.o(.text))
<BR><BR>[Stack]<UL><LI>Max Depth = 184 + Unknown Stack Size
<LI>Call Chain = main &rArr; OSInit &rArr; OS_InitTaskIdle &rArr; OSTaskCreateExt &rArr; OS_TCBInit &rArr; OSTCBInitHook
</UL>
<BR>[Calls]<UL><LI><a href="#[c34f08]">&gt;&gt;</a>&nbsp;&nbsp;&nbsp;SystemInit
<LI><a href="#[c350ac]">&gt;&gt;</a>&nbsp;&nbsp;&nbsp;OSTaskNameSet
<LI><a href="#[c350e8]">&gt;&gt;</a>&nbsp;&nbsp;&nbsp;OSTaskCreateExt
<LI><a href="#[c35160]">&gt;&gt;</a>&nbsp;&nbsp;&nbsp;OSStart
<LI><a href="#[c3519c]">&gt;&gt;</a>&nbsp;&nbsp;&nbsp;OSInit
</UL>
<BR>[Called By]<UL><LI><a href="#[16d627c]">&gt;&gt;</a>&nbsp;&nbsp;&nbsp;__rt_entry_main
</UL>

<P><STRONG><a name="[c358a4]"></a>App_TaskCreateHook</STRONG> (Thumb, 2 bytes, Stack size 0 bytes, app.o(.text))
<BR><BR>[Called By]<UL><LI><a href="#[c2bd7c]">&gt;&gt;</a>&nbsp;&nbsp;&nbsp;OSTaskCreateHook
</UL>

<P><STRONG><a name="[c35868]"></a>App_TaskDelHook</STRONG> (Thumb, 2 bytes, Stack size 0 bytes, app.o(.text), UNUSED)
<BR><BR>[Called By]<UL><LI><a href="#[c2bd40]">&gt;&gt;</a>&nbsp;&nbsp;&nbsp;OSTaskDelHook
</UL>

<P><STRONG><a name="[c3582c]"></a>App_TaskIdleHook</STRONG> (Thumb, 2 bytes, Stack size 0 bytes, app.o(.text), UNUSED)
<BR><BR>[Called By]<UL><LI><a href="#[c2bd04]">&gt;&gt;</a>&nbsp;&nbsp;&nbsp;OSTaskIdleHook
</UL>

<P><STRONG><a name="[c357f0]"></a>App_TaskStatHook</STRONG> (Thumb, 2 bytes, Stack size 0 bytes, app.o(.text), UNUSED)
<BR><BR>[Called By]<UL><LI><a href="#[c2bcc8]">&gt;&gt;</a>&nbsp;&nbsp;&nbsp;OSTaskStatHook
</UL>

<P><STRONG><a name="[c357b4]"></a>App_TaskSwHook</STRONG> (Thumb, 2 bytes, Stack size 0 bytes, app.o(.text))
<BR><BR>[Called By]<UL><LI><a href="#[c2c484]">&gt;&gt;</a>&nbsp;&nbsp;&nbsp;OSTaskSwHook
</UL>

<P><STRONG><a name="[c35778]"></a>App_TCBInitHook</STRONG> (Thumb, 2 bytes, Stack size 0 bytes, app.o(.text))
<BR><BR>[Called By]<UL><LI><a href="#[c2bc50]">&gt;&gt;</a>&nbsp;&nbsp;&nbsp;OSTCBInitHook
</UL>

<P><STRONG><a name="[c3573c]"></a>App_TimeTickHook</STRONG> (Thumb, 44 bytes, Stack size 8 bytes, app.o(.text))
<BR><BR>[Stack]<UL><LI>Max Depth = 56 + Unknown Stack Size
<LI>Call Chain = App_TimeTickHook &rArr; BSP_SOL_TmrProc &rArr; BSP_SOL_Set &rArr; IO_OutSet
</UL>
<BR>[Calls]<UL><LI><a href="#[c34fbc]">&gt;&gt;</a>&nbsp;&nbsp;&nbsp;OS_CPU_SR_Save
<LI><a href="#[c34ff8]">&gt;&gt;</a>&nbsp;&nbsp;&nbsp;OS_CPU_SR_Restore
<LI><a href="#[c355d4]">&gt;&gt;</a>&nbsp;&nbsp;&nbsp;BSP_SOL_TmrProc
</UL>
<BR>[Called By]<UL><LI><a href="#[c2bc14]">&gt;&gt;</a>&nbsp;&nbsp;&nbsp;OSTimeTickHook
</UL>

<P><STRONG><a name="[c349e0]"></a>NMI_Handler</STRONG> (Thumb, 12 bytes, Stack size 8 bytes, stm32f10x_it.o(.text))
<BR><BR>[Stack]<UL><LI>Max Depth = 64<LI>Call Chain = NMI_Handler &rArr; DispErrNo &rArr; BSP_LED_Set &rArr; IO_OutSet
</UL>
<BR>[Calls]<UL><LI><a href="#[c34bfc]">&gt;&gt;</a>&nbsp;&nbsp;&nbsp;DispErrNo
</UL>
<BR>[Address Reference Count : 1]<UL><LI> startup_stm32f10x_md_os.o(RESET)
</UL>
<P><STRONG><a name="[c349a4]"></a>HardFault_Handler</STRONG> (Thumb, 12 bytes, Stack size 8 bytes, stm32f10x_it.o(.text))
<BR><BR>[Stack]<UL><LI>Max Depth = 64<LI>Call Chain = HardFault_Handler &rArr; DispErrNo &rArr; BSP_LED_Set &rArr; IO_OutSet
</UL>
<BR>[Calls]<UL><LI><a href="#[c34bfc]">&gt;&gt;</a>&nbsp;&nbsp;&nbsp;DispErrNo
</UL>
<BR>[Address Reference Count : 1]<UL><LI> startup_stm32f10x_md_os.o(RESET)
</UL>
<P><STRONG><a name="[c34968]"></a>MemManage_Handler</STRONG> (Thumb, 12 bytes, Stack size 8 bytes, stm32f10x_it.o(.text))
<BR><BR>[Stack]<UL><LI>Max Depth = 64<LI>Call Chain = MemManage_Handler &rArr; DispErrNo &rArr; BSP_LED_Set &rArr; IO_OutSet
</UL>
<BR>[Calls]<UL><LI><a href="#[c34bfc]">&gt;&gt;</a>&nbsp;&nbsp;&nbsp;DispErrNo
</UL>
<BR>[Address Reference Count : 1]<UL><LI> startup_stm32f10x_md_os.o(RESET)
</UL>
<P><STRONG><a name="[c3492c]"></a>BusFault_Handler</STRONG> (Thumb, 12 bytes, Stack size 8 bytes, stm32f10x_it.o(.text))
<BR><BR>[Stack]<UL><LI>Max Depth = 64<LI>Call Chain = BusFault_Handler &rArr; DispErrNo &rArr; BSP_LED_Set &rArr; IO_OutSet
</UL>
<BR>[Calls]<UL><LI><a href="#[c34bfc]">&gt;&gt;</a>&nbsp;&nbsp;&nbsp;DispErrNo
</UL>
<BR>[Address Reference Count : 1]<UL><LI> startup_stm32f10x_md_os.o(RESET)
</UL>
<P><STRONG><a name="[c348f0]"></a>UsageFault_Handler</STRONG> (Thumb, 12 bytes, Stack size 8 bytes, stm32f10x_it.o(.text))
<BR><BR>[Stack]<UL><LI>Max Depth = 64<LI>Call Chain = UsageFault_Handler &rArr; DispErrNo &rArr; BSP_LED_Set &rArr; IO_OutSet
</UL>
<BR>[Calls]<UL><LI><a href="#[c34bfc]">&gt;&gt;</a>&nbsp;&nbsp;&nbsp;DispErrNo
</UL>
<BR>[Address Reference Count : 1]<UL><LI> startup_stm32f10x_md_os.o(RESET)
</UL>
<P><STRONG><a name="[c348b4]"></a>SVC_Handler</STRONG> (Thumb, 12 bytes, Stack size 8 bytes, stm32f10x_it.o(.text))
<BR><BR>[Stack]<UL><LI>Max Depth = 64<LI>Call Chain = SVC_Handler &rArr; DispErrNo &rArr; BSP_LED_Set &rArr; IO_OutSet
</UL>
<BR>[Calls]<UL><LI><a href="#[c34bfc]">&gt;&gt;</a>&nbsp;&nbsp;&nbsp;DispErrNo
</UL>
<BR>[Address Reference Count : 1]<UL><LI> startup_stm32f10x_md_os.o(RESET)
</UL>
<P><STRONG><a name="[c34878]"></a>DebugMon_Handler</STRONG> (Thumb, 12 bytes, Stack size 8 bytes, stm32f10x_it.o(.text))
<BR><BR>[Stack]<UL><LI>Max Depth = 64<LI>Call Chain = DebugMon_Handler &rArr; DispErrNo &rArr; BSP_LED_Set &rArr; IO_OutSet
</UL>
<BR>[Calls]<UL><LI><a href="#[c34bfc]">&gt;&gt;</a>&nbsp;&nbsp;&nbsp;DispErrNo
</UL>
<BR>[Address Reference Count : 1]<UL><LI> startup_stm32f10x_md_os.o(RESET)
</UL>
<P><STRONG><a name="[c3483c]"></a>PendSV_Handler</STRONG> (Thumb, 2 bytes, Stack size 0 bytes, stm32f10x_it.o(.text), UNUSED)

<P><STRONG><a name="[c34800]"></a>SysTick_Handler</STRONG> (Thumb, 2 bytes, Stack size 0 bytes, stm32f10x_it.o(.text), UNUSED)

<P><STRONG><a name="[c347c4]"></a>PPP_IRQHandler</STRONG> (Thumb, 30 bytes, Stack size 8 bytes, stm32f10x_it.o(.text), UNUSED)
<BR><BR>[Calls]<UL><LI><a href="#[c3465c]">&gt;&gt;</a>&nbsp;&nbsp;&nbsp;OSIntExit
<LI><a href="#[c34fbc]">&gt;&gt;</a>&nbsp;&nbsp;&nbsp;OS_CPU_SR_Save
<LI><a href="#[c34ff8]">&gt;&gt;</a>&nbsp;&nbsp;&nbsp;OS_CPU_SR_Restore
</UL>

<P><STRONG><a name="[c34788]"></a>USART1_IRQHandler</STRONG> (Thumb, 70 bytes, Stack size 16 bytes, stm32f10x_it.o(.text))
<BR><BR>[Stack]<UL><LI>Max Depth = 104 + Unknown Stack Size
<LI>Call Chain = USART1_IRQHandler &rArr; C491_IrqToRxBuf &rArr; OSSemPost &rArr; OS_EventTaskRdy &rArr; OS_EventTaskRemoveMulti
</UL>
<BR>[Calls]<UL><LI><a href="#[c345a8]">&gt;&gt;</a>&nbsp;&nbsp;&nbsp;USART_ReceiveData
<LI><a href="#[c345e4]">&gt;&gt;</a>&nbsp;&nbsp;&nbsp;USART_GetITStatus
<LI><a href="#[c3465c]">&gt;&gt;</a>&nbsp;&nbsp;&nbsp;OSIntExit
<LI><a href="#[c346d4]">&gt;&gt;</a>&nbsp;&nbsp;&nbsp;C491_IrqTx
<LI><a href="#[c34710]">&gt;&gt;</a>&nbsp;&nbsp;&nbsp;C491_IrqToRxBuf
<LI><a href="#[c34fbc]">&gt;&gt;</a>&nbsp;&nbsp;&nbsp;OS_CPU_SR_Save
<LI><a href="#[c34ff8]">&gt;&gt;</a>&nbsp;&nbsp;&nbsp;OS_CPU_SR_Restore
</UL>
<BR>[Address Reference Count : 1]<UL><LI> startup_stm32f10x_md_os.o(RESET)
</UL>
<P><STRONG><a name="[c3474c]"></a>TIM1_CC_IRQHandler</STRONG> (Thumb, 34 bytes, Stack size 8 bytes, stm32f10x_it.o(.text))
<BR><BR>[Stack]<UL><LI>Max Depth = 96 + Unknown Stack Size
<LI>Call Chain = TIM1_CC_IRQHandler &rArr; MOTO_IRQandClr &rArr; OSSemPost &rArr; OS_EventTaskRdy &rArr; OS_EventTaskRemoveMulti
</UL>
<BR>[Calls]<UL><LI><a href="#[c3465c]">&gt;&gt;</a>&nbsp;&nbsp;&nbsp;OSIntExit
<LI><a href="#[c34698]">&gt;&gt;</a>&nbsp;&nbsp;&nbsp;MOTO_IRQandClr
<LI><a href="#[c34fbc]">&gt;&gt;</a>&nbsp;&nbsp;&nbsp;OS_CPU_SR_Save
<LI><a href="#[c34ff8]">&gt;&gt;</a>&nbsp;&nbsp;&nbsp;OS_CPU_SR_Restore
</UL>
<BR>[Address Reference Count : 1]<UL><LI> startup_stm32f10x_md_os.o(RESET)
</UL>
<P><STRONG><a name="[c35598]"></a>C491_Init</STRONG> (Thumb, 54 bytes, Stack size 8 bytes, c491.o(.text))
<BR><BR>[Stack]<UL><LI>Max Depth = 100 + Unknown Stack Size
<LI>Call Chain = C491_Init &rArr; BSP_491_Init &rArr; USART_Init &rArr; RCC_GetClocksFreq
</UL>
<BR>[Calls]<UL><LI><a href="#[c33d38]">&gt;&gt;</a>&nbsp;&nbsp;&nbsp;OSSemCreate
<LI><a href="#[c33d74]">&gt;&gt;</a>&nbsp;&nbsp;&nbsp;BSP_491_Init
</UL>
<BR>[Called By]<UL><LI><a href="#[c38568]">&gt;&gt;</a>&nbsp;&nbsp;&nbsp;App_TaskStart
</UL>

<P><STRONG><a name="[c34710]"></a>C491_IrqToRxBuf</STRONG> (Thumb, 90 bytes, Stack size 16 bytes, c491.o(.text))
<BR><BR>[Stack]<UL><LI>Max Depth = 88 + Unknown Stack Size
<LI>Call Chain = C491_IrqToRxBuf &rArr; OSSemPost &rArr; OS_EventTaskRdy &rArr; OS_EventTaskRemoveMulti
</UL>
<BR>[Calls]<UL><LI><a href="#[c33cc0]">&gt;&gt;</a>&nbsp;&nbsp;&nbsp;OSSemPost
<LI><a href="#[c34fbc]">&gt;&gt;</a>&nbsp;&nbsp;&nbsp;OS_CPU_SR_Save
<LI><a href="#[c34ff8]">&gt;&gt;</a>&nbsp;&nbsp;&nbsp;OS_CPU_SR_Restore
</UL>
<BR>[Called By]<UL><LI><a href="#[c34788]">&gt;&gt;</a>&nbsp;&nbsp;&nbsp;USART1_IRQHandler
</UL>

<P><STRONG><a name="[c3555c]"></a>C491_ReceiveOne</STRONG> (Thumb, 96 bytes, Stack size 24 bytes, c491.o(.text))
<BR><BR>[Stack]<UL><LI>Max Depth = 56 + Unknown Stack Size
<LI>Call Chain = C491_ReceiveOne &rArr; OSSemPend &rArr; OS_EventTaskWait
</UL>
<BR>[Calls]<UL><LI><a href="#[c33cfc]">&gt;&gt;</a>&nbsp;&nbsp;&nbsp;OSSemPend
<LI><a href="#[c34fbc]">&gt;&gt;</a>&nbsp;&nbsp;&nbsp;OS_CPU_SR_Save
<LI><a href="#[c34ff8]">&gt;&gt;</a>&nbsp;&nbsp;&nbsp;OS_CPU_SR_Restore
</UL>
<BR>[Called By]<UL><LI><a href="#[c337d4]">&gt;&gt;</a>&nbsp;&nbsp;&nbsp;DBG_C491IsOK
<LI><a href="#[c38568]">&gt;&gt;</a>&nbsp;&nbsp;&nbsp;App_TaskStart
</UL>

<P><STRONG><a name="[c346d4]"></a>C491_IrqTx</STRONG> (Thumb, 80 bytes, Stack size 8 bytes, c491.o(.text))
<BR><BR>[Stack]<UL><LI>Max Depth = 80 + Unknown Stack Size
<LI>Call Chain = C491_IrqTx &rArr; OSSemPost &rArr; OS_EventTaskRdy &rArr; OS_EventTaskRemoveMulti
</UL>
<BR>[Calls]<UL><LI><a href="#[c33c48]">&gt;&gt;</a>&nbsp;&nbsp;&nbsp;USART_SendData
<LI><a href="#[c33c84]">&gt;&gt;</a>&nbsp;&nbsp;&nbsp;USART_ITConfig
<LI><a href="#[c33cc0]">&gt;&gt;</a>&nbsp;&nbsp;&nbsp;OSSemPost
<LI><a href="#[c33db0]">&gt;&gt;</a>&nbsp;&nbsp;&nbsp;BSP_491_DeSet
</UL>
<BR>[Called By]<UL><LI><a href="#[c34788]">&gt;&gt;</a>&nbsp;&nbsp;&nbsp;USART1_IRQHandler
</UL>

<P><STRONG><a name="[c33e64]"></a>C491_SendBuf</STRONG> (Thumb, 88 bytes, Stack size 24 bytes, c491.o(.text))
<BR><BR>[Stack]<UL><LI>Max Depth = 56 + Unknown Stack Size
<LI>Call Chain = C491_SendBuf &rArr; OSSemPend &rArr; OS_EventTaskWait
</UL>
<BR>[Calls]<UL><LI><a href="#[c33c84]">&gt;&gt;</a>&nbsp;&nbsp;&nbsp;USART_ITConfig
<LI><a href="#[c33cfc]">&gt;&gt;</a>&nbsp;&nbsp;&nbsp;OSSemPend
<LI><a href="#[c33db0]">&gt;&gt;</a>&nbsp;&nbsp;&nbsp;BSP_491_DeSet
</UL>
<BR>[Called By]<UL><LI><a href="#[c337d4]">&gt;&gt;</a>&nbsp;&nbsp;&nbsp;DBG_C491IsOK
<LI><a href="#[c33e28]">&gt;&gt;</a>&nbsp;&nbsp;&nbsp;C491_SendOne
</UL>

<P><STRONG><a name="[c33e28]"></a>C491_SendOne</STRONG> (Thumb, 16 bytes, Stack size 16 bytes, c491.o(.text))
<BR><BR>[Stack]<UL><LI>Max Depth = 72 + Unknown Stack Size
<LI>Call Chain = C491_SendOne &rArr; C491_SendBuf &rArr; OSSemPend &rArr; OS_EventTaskWait
</UL>
<BR>[Calls]<UL><LI><a href="#[c33e64]">&gt;&gt;</a>&nbsp;&nbsp;&nbsp;C491_SendBuf
</UL>
<BR>[Called By]<UL><LI><a href="#[c2fb5c]">&gt;&gt;</a>&nbsp;&nbsp;&nbsp;COM_MainCh9511
<LI><a href="#[c2fe2c]">&gt;&gt;</a>&nbsp;&nbsp;&nbsp;COM_9511GetUpErr
<LI><a href="#[c2fe68]">&gt;&gt;</a>&nbsp;&nbsp;&nbsp;COM_9511GetDnErr
<LI><a href="#[c2fea4]">&gt;&gt;</a>&nbsp;&nbsp;&nbsp;COM_9511GetCutOrg
<LI><a href="#[c30048]">&gt;&gt;</a>&nbsp;&nbsp;&nbsp;COM_9511GetHDLed
<LI><a href="#[c301ec]">&gt;&gt;</a>&nbsp;&nbsp;&nbsp;COM_9511GetADEven
<LI><a href="#[c30228]">&gt;&gt;</a>&nbsp;&nbsp;&nbsp;COM_9511GetADOdd
<LI><a href="#[c30264]">&gt;&gt;</a>&nbsp;&nbsp;&nbsp;COM_9511GetHghEven
<LI><a href="#[c302a0]">&gt;&gt;</a>&nbsp;&nbsp;&nbsp;COM_9511GetHghOdd
<LI><a href="#[c304f8]">&gt;&gt;</a>&nbsp;&nbsp;&nbsp;COM_9511GetVersion
<LI><a href="#[c30660]">&gt;&gt;</a>&nbsp;&nbsp;&nbsp;COM_9511GetIsSqnUp
</UL>

<P><STRONG><a name="[c33dec]"></a>C491_Send</STRONG> (Thumb, 62 bytes, Stack size 16 bytes, c491.o(.text), UNUSED)
<BR><BR>[Calls]<UL><LI><a href="#[c33c84]">&gt;&gt;</a>&nbsp;&nbsp;&nbsp;USART_ITConfig
<LI><a href="#[c33db0]">&gt;&gt;</a>&nbsp;&nbsp;&nbsp;BSP_491_DeSet
</UL>

<P><STRONG><a name="[c353b8]"></a>DBG_IsDebug</STRONG> (Thumb, 46 bytes, Stack size 16 bytes, dbg.o(.text))
<BR><BR>[Stack]<UL><LI>Max Depth = 48<LI>Call Chain = DBG_IsDebug &rArr; BSP_HD_KeyGet &rArr; IO_InGet
</UL>
<BR>[Calls]<UL><LI><a href="#[c33540]">&gt;&gt;</a>&nbsp;&nbsp;&nbsp;BSP_HD_KeyGet
</UL>
<BR>[Called By]<UL><LI><a href="#[c38568]">&gt;&gt;</a>&nbsp;&nbsp;&nbsp;App_TaskStart
</UL>

<P><STRONG><a name="[c335b8]"></a>DBG_SolideOK</STRONG> (Thumb, 58 bytes, Stack size 16 bytes, dbg.o(.text))
<BR><BR>[Stack]<UL><LI>Max Depth = 40<LI>Call Chain = DBG_SolideOK &rArr; IO_OutSet
</UL>
<BR>[Calls]<UL><LI><a href="#[c33360]">&gt;&gt;</a>&nbsp;&nbsp;&nbsp;IO_OutSet
</UL>
<BR>[Called By]<UL><LI><a href="#[c353f4]">&gt;&gt;</a>&nbsp;&nbsp;&nbsp;DBG_ALL
</UL>

<P><STRONG><a name="[c353f4]"></a>DBG_ALL</STRONG> (Thumb, 396 bytes, Stack size 56 bytes, dbg.o(.text))
<BR><BR>[Stack]<UL><LI>Max Depth = 192 + Unknown Stack Size
<LI>Call Chain = DBG_ALL &rArr; DBG_C491IsOK &rArr; C491_SendBuf &rArr; OSSemPend &rArr; OS_EventTaskWait
</UL>
<BR>[Calls]<UL><LI><a href="#[c332e8]">&gt;&gt;</a>&nbsp;&nbsp;&nbsp;MOTO_HghSetCmd
<LI><a href="#[c33324]">&gt;&gt;</a>&nbsp;&nbsp;&nbsp;MOTO_HghGetState
<LI><a href="#[c33360]">&gt;&gt;</a>&nbsp;&nbsp;&nbsp;IO_OutSet
<LI><a href="#[c33504]">&gt;&gt;</a>&nbsp;&nbsp;&nbsp;BSP_POT_GetAve
<LI><a href="#[c3357c]">&gt;&gt;</a>&nbsp;&nbsp;&nbsp;BSP_DIP_Get
<LI><a href="#[c335b8]">&gt;&gt;</a>&nbsp;&nbsp;&nbsp;DBG_SolideOK
<LI><a href="#[c337d4]">&gt;&gt;</a>&nbsp;&nbsp;&nbsp;DBG_C491IsOK
<LI><a href="#[c33810]">&gt;&gt;</a>&nbsp;&nbsp;&nbsp;DBG_SqnSwiIsOK
<LI><a href="#[c3384c]">&gt;&gt;</a>&nbsp;&nbsp;&nbsp;DBG_HD
<LI><a href="#[c33888]">&gt;&gt;</a>&nbsp;&nbsp;&nbsp;DBG_EndAlarm
<LI><a href="#[c338c4]">&gt;&gt;</a>&nbsp;&nbsp;&nbsp;DBG_StartAlarmTestLed
<LI><a href="#[c35034]">&gt;&gt;</a>&nbsp;&nbsp;&nbsp;OSTimeDlyHMSM
<LI><a href="#[c35610]">&gt;&gt;</a>&nbsp;&nbsp;&nbsp;BSP_LED_Toggle
</UL>
<BR>[Called By]<UL><LI><a href="#[c38568]">&gt;&gt;</a>&nbsp;&nbsp;&nbsp;App_TaskStart
</UL>

<P><STRONG><a name="[c351d8]"></a>MOTO_Init</STRONG> (Thumb, 148 bytes, Stack size 40 bytes, moto.o(.text))
<BR><BR>[Stack]<UL><LI>Max Depth = 152 + Unknown Stack Size
<LI>Call Chain = MOTO_Init &rArr; OSTaskCreateExt &rArr; OS_TCBInit &rArr; OSTCBInitHook
</UL>
<BR>[Calls]<UL><LI><a href="#[c33d38]">&gt;&gt;</a>&nbsp;&nbsp;&nbsp;OSSemCreate
<LI><a href="#[c350e8]">&gt;&gt;</a>&nbsp;&nbsp;&nbsp;OSTaskCreateExt
</UL>
<BR>[Called By]<UL><LI><a href="#[c38568]">&gt;&gt;</a>&nbsp;&nbsp;&nbsp;App_TaskStart
</UL>

<P><STRONG><a name="[c32334]"></a>MOTO_SetSpdEngine</STRONG> (Thumb, 50 bytes, Stack size 0 bytes, moto.o(.text))
<BR><BR>[Called By]<UL><LI><a href="#[c30534]">&gt;&gt;</a>&nbsp;&nbsp;&nbsp;COM_9511CutSetPara
</UL>

<P><STRONG><a name="[c322f8]"></a>MOTO_CutSetFullAngle</STRONG> (Thumb, 28 bytes, Stack size 0 bytes, moto.o(.text))
<BR><BR>[Called By]<UL><LI><a href="#[c30534]">&gt;&gt;</a>&nbsp;&nbsp;&nbsp;COM_9511CutSetPara
</UL>

<P><STRONG><a name="[c322bc]"></a>MOTO_CutSetHalfAngle</STRONG> (Thumb, 28 bytes, Stack size 0 bytes, moto.o(.text))
<BR><BR>[Called By]<UL><LI><a href="#[c30534]">&gt;&gt;</a>&nbsp;&nbsp;&nbsp;COM_9511CutSetPara
</UL>

<P><STRONG><a name="[c32280]"></a>MOTO_CutGetState</STRONG> (Thumb, 52 bytes, Stack size 16 bytes, moto.o(.text))
<BR><BR>[Stack]<UL><LI>Max Depth = 16 + Unknown Stack Size
<LI>Call Chain = MOTO_CutGetState
</UL>
<BR>[Calls]<UL><LI><a href="#[c34fbc]">&gt;&gt;</a>&nbsp;&nbsp;&nbsp;OS_CPU_SR_Save
<LI><a href="#[c34ff8]">&gt;&gt;</a>&nbsp;&nbsp;&nbsp;OS_CPU_SR_Restore
</UL>
<BR>[Called By]<UL><LI><a href="#[c2fe68]">&gt;&gt;</a>&nbsp;&nbsp;&nbsp;COM_9511GetDnErr
</UL>

<P><STRONG><a name="[c32244]"></a>MOTO_CutGetIsActing</STRONG> (Thumb, 30 bytes, Stack size 0 bytes, moto.o(.text))
<BR><BR>[Called By]<UL><LI><a href="#[c2fea4]">&gt;&gt;</a>&nbsp;&nbsp;&nbsp;COM_9511GetCutOrg
</UL>

<P><STRONG><a name="[c32208]"></a>MOTO_CutSetCmd</STRONG> (Thumb, 50 bytes, Stack size 16 bytes, moto.o(.text))
<BR><BR>[Stack]<UL><LI>Max Depth = 88 + Unknown Stack Size
<LI>Call Chain = MOTO_CutSetCmd &rArr; OSSemPost &rArr; OS_EventTaskRdy &rArr; OS_EventTaskRemoveMulti
</UL>
<BR>[Calls]<UL><LI><a href="#[c33cc0]">&gt;&gt;</a>&nbsp;&nbsp;&nbsp;OSSemPost
</UL>
<BR>[Called By]<UL><LI><a href="#[c30570]">&gt;&gt;</a>&nbsp;&nbsp;&nbsp;COM_9511CutFull
<LI><a href="#[c305ac]">&gt;&gt;</a>&nbsp;&nbsp;&nbsp;COM_9511CutHalf
<LI><a href="#[c305e8]">&gt;&gt;</a>&nbsp;&nbsp;&nbsp;COM_9511CutBack
</UL>

<P><STRONG><a name="[c321cc]"></a>MOTO_HghGetHeight</STRONG> (Thumb, 60 bytes, Stack size 0 bytes, moto.o(.text))
<BR><BR>[Called By]<UL><LI><a href="#[c2fe2c]">&gt;&gt;</a>&nbsp;&nbsp;&nbsp;COM_9511GetUpErr
<LI><a href="#[c30264]">&gt;&gt;</a>&nbsp;&nbsp;&nbsp;COM_9511GetHghEven
<LI><a href="#[c302a0]">&gt;&gt;</a>&nbsp;&nbsp;&nbsp;COM_9511GetHghOdd
</UL>

<P><STRONG><a name="[c32190]"></a>MOTO_HghTestIsUp</STRONG> (Thumb, 58 bytes, Stack size 24 bytes, moto.o(.text))
<BR><BR>[Stack]<UL><LI>Max Depth = 32<LI>Call Chain = MOTO_HghTestIsUp &rArr; BSP_POT_GetOne
</UL>
<BR>[Calls]<UL><LI><a href="#[c31fec]">&gt;&gt;</a>&nbsp;&nbsp;&nbsp;BSP_POT_GetOne
<LI><a href="#[c32a78]">&gt;&gt;</a>&nbsp;&nbsp;&nbsp;MOTO_HghGetFromPot
</UL>
<BR>[Called By]<UL><LI><a href="#[c30264]">&gt;&gt;</a>&nbsp;&nbsp;&nbsp;COM_9511GetHghEven
<LI><a href="#[c302a0]">&gt;&gt;</a>&nbsp;&nbsp;&nbsp;COM_9511GetHghOdd
</UL>

<P><STRONG><a name="[c33324]"></a>MOTO_HghGetState</STRONG> (Thumb, 52 bytes, Stack size 16 bytes, moto.o(.text))
<BR><BR>[Stack]<UL><LI>Max Depth = 16 + Unknown Stack Size
<LI>Call Chain = MOTO_HghGetState
</UL>
<BR>[Calls]<UL><LI><a href="#[c34fbc]">&gt;&gt;</a>&nbsp;&nbsp;&nbsp;OS_CPU_SR_Save
<LI><a href="#[c34ff8]">&gt;&gt;</a>&nbsp;&nbsp;&nbsp;OS_CPU_SR_Restore
</UL>
<BR>[Called By]<UL><LI><a href="#[c2fe2c]">&gt;&gt;</a>&nbsp;&nbsp;&nbsp;COM_9511GetUpErr
<LI><a href="#[c353f4]">&gt;&gt;</a>&nbsp;&nbsp;&nbsp;DBG_ALL
</UL>

<P><STRONG><a name="[c32154]"></a>MOTO_HghGetIsActing</STRONG> (Thumb, 30 bytes, Stack size 0 bytes, moto.o(.text))
<BR><BR>[Called By]<UL><LI><a href="#[c301ec]">&gt;&gt;</a>&nbsp;&nbsp;&nbsp;COM_9511GetADEven
<LI><a href="#[c30228]">&gt;&gt;</a>&nbsp;&nbsp;&nbsp;COM_9511GetADOdd
<LI><a href="#[c30264]">&gt;&gt;</a>&nbsp;&nbsp;&nbsp;COM_9511GetHghEven
<LI><a href="#[c302a0]">&gt;&gt;</a>&nbsp;&nbsp;&nbsp;COM_9511GetHghOdd
<LI><a href="#[c354a8]">&gt;&gt;</a>&nbsp;&nbsp;&nbsp;COM_KeyHandle
</UL>

<P><STRONG><a name="[c332e8]"></a>MOTO_HghSetCmd</STRONG> (Thumb, 40 bytes, Stack size 16 bytes, moto.o(.text))
<BR><BR>[Stack]<UL><LI>Max Depth = 88 + Unknown Stack Size
<LI>Call Chain = MOTO_HghSetCmd &rArr; OSSemPost &rArr; OS_EventTaskRdy &rArr; OS_EventTaskRemoveMulti
</UL>
<BR>[Calls]<UL><LI><a href="#[c33cc0]">&gt;&gt;</a>&nbsp;&nbsp;&nbsp;OSSemPost
</UL>
<BR>[Called By]<UL><LI><a href="#[c30bc4]">&gt;&gt;</a>&nbsp;&nbsp;&nbsp;COM_HghUpdate
<LI><a href="#[c353f4]">&gt;&gt;</a>&nbsp;&nbsp;&nbsp;DBG_ALL
</UL>

<P><STRONG><a name="[c34698]"></a>MOTO_IRQandClr</STRONG> (Thumb, 108 bytes, Stack size 16 bytes, moto.o(.text))
<BR><BR>[Stack]<UL><LI>Max Depth = 88 + Unknown Stack Size
<LI>Call Chain = MOTO_IRQandClr &rArr; OSSemPost &rArr; OS_EventTaskRdy &rArr; OS_EventTaskRemoveMulti
</UL>
<BR>[Calls]<UL><LI><a href="#[c31f38]">&gt;&gt;</a>&nbsp;&nbsp;&nbsp;TIM_GetITStatus
<LI><a href="#[c31f74]">&gt;&gt;</a>&nbsp;&nbsp;&nbsp;TIM_ClearITPendingBit
<LI><a href="#[c320dc]">&gt;&gt;</a>&nbsp;&nbsp;&nbsp;BSP_MOTO_ClkSet
<LI><a href="#[c33cc0]">&gt;&gt;</a>&nbsp;&nbsp;&nbsp;OSSemPost
</UL>
<BR>[Called By]<UL><LI><a href="#[c3474c]">&gt;&gt;</a>&nbsp;&nbsp;&nbsp;TIM1_CC_IRQHandler
</UL>

<P><STRONG><a name="[c35250]"></a>IN_Init</STRONG> (Thumb, 40 bytes, Stack size 24 bytes, in.o(.text))
<BR><BR>[Stack]<UL><LI>Max Depth = 136 + Unknown Stack Size
<LI>Call Chain = IN_Init &rArr; OSTaskCreateExt &rArr; OS_TCBInit &rArr; OSTCBInitHook
</UL>
<BR>[Calls]<UL><LI><a href="#[c350e8]">&gt;&gt;</a>&nbsp;&nbsp;&nbsp;OSTaskCreateExt
</UL>
<BR>[Called By]<UL><LI><a href="#[c38568]">&gt;&gt;</a>&nbsp;&nbsp;&nbsp;App_TaskStart
</UL>

<P><STRONG><a name="[c315d8]"></a>IN_HDKey_GetSt</STRONG> (Thumb, 72 bytes, Stack size 0 bytes, in.o(.text))
<BR><BR>[Called By]<UL><LI><a href="#[c2fc10]">&gt;&gt;</a>&nbsp;&nbsp;&nbsp;COM_9511Init
<LI><a href="#[c2fe2c]">&gt;&gt;</a>&nbsp;&nbsp;&nbsp;COM_9511GetUpErr
<LI><a href="#[c354a8]">&gt;&gt;</a>&nbsp;&nbsp;&nbsp;COM_KeyHandle
</UL>

<P><STRONG><a name="[c3159c]"></a>IN_BRK_SetIsDn</STRONG> (Thumb, 6 bytes, Stack size 0 bytes, in.o(.text))
<BR><BR>[Called By]<UL><LI><a href="#[c3069c]">&gt;&gt;</a>&nbsp;&nbsp;&nbsp;COM_9511BrkDetMod
</UL>

<P><STRONG><a name="[c31560]"></a>IN_BRK_SampleBegin</STRONG> (Thumb, 54 bytes, Stack size 16 bytes, in.o(.text))
<BR><BR>[Stack]<UL><LI>Max Depth = 16 + Unknown Stack Size
<LI>Call Chain = IN_BRK_SampleBegin
</UL>
<BR>[Calls]<UL><LI><a href="#[c34fbc]">&gt;&gt;</a>&nbsp;&nbsp;&nbsp;OS_CPU_SR_Save
<LI><a href="#[c34ff8]">&gt;&gt;</a>&nbsp;&nbsp;&nbsp;OS_CPU_SR_Restore
</UL>
<BR>[Called By]<UL><LI><a href="#[c2ff94]">&gt;&gt;</a>&nbsp;&nbsp;&nbsp;COM_9511MAStartUp
</UL>

<P><STRONG><a name="[c31524]"></a>IN_BRK_SentXJ</STRONG> (Thumb, 136 bytes, Stack size 16 bytes, in.o(.text))
<BR><BR>[Stack]<UL><LI>Max Depth = 16 + Unknown Stack Size
<LI>Call Chain = IN_BRK_SentXJ
</UL>
<BR>[Calls]<UL><LI><a href="#[c318a8]">&gt;&gt;</a>&nbsp;&nbsp;&nbsp;IN_GetBrkIsWork
<LI><a href="#[c34fbc]">&gt;&gt;</a>&nbsp;&nbsp;&nbsp;OS_CPU_SR_Save
<LI><a href="#[c34ff8]">&gt;&gt;</a>&nbsp;&nbsp;&nbsp;OS_CPU_SR_Restore
</UL>
<BR>[Called By]<UL><LI><a href="#[c2ff1c]">&gt;&gt;</a>&nbsp;&nbsp;&nbsp;COM_XJ_3
</UL>

<P><STRONG><a name="[c314e8]"></a>IN_BRK_SampleStop</STRONG> (Thumb, 52 bytes, Stack size 16 bytes, in.o(.text))
<BR><BR>[Stack]<UL><LI>Max Depth = 16 + Unknown Stack Size
<LI>Call Chain = IN_BRK_SampleStop
</UL>
<BR>[Calls]<UL><LI><a href="#[c34fbc]">&gt;&gt;</a>&nbsp;&nbsp;&nbsp;OS_CPU_SR_Save
<LI><a href="#[c34ff8]">&gt;&gt;</a>&nbsp;&nbsp;&nbsp;OS_CPU_SR_Restore
</UL>
<BR>[Called By]<UL><LI><a href="#[c2ff58]">&gt;&gt;</a>&nbsp;&nbsp;&nbsp;COM_9511MAStop
</UL>

<P><STRONG><a name="[c314ac]"></a>IN_BRK_GetIsBrk</STRONG> (Thumb, 44 bytes, Stack size 16 bytes, in.o(.text))
<BR><BR>[Stack]<UL><LI>Max Depth = 16 + Unknown Stack Size
<LI>Call Chain = IN_BRK_GetIsBrk
</UL>
<BR>[Calls]<UL><LI><a href="#[c34fbc]">&gt;&gt;</a>&nbsp;&nbsp;&nbsp;OS_CPU_SR_Save
<LI><a href="#[c34ff8]">&gt;&gt;</a>&nbsp;&nbsp;&nbsp;OS_CPU_SR_Restore
</UL>
<BR>[Called By]<UL><LI><a href="#[c2fe68]">&gt;&gt;</a>&nbsp;&nbsp;&nbsp;COM_9511GetDnErr
<LI><a href="#[c2fee0]">&gt;&gt;</a>&nbsp;&nbsp;&nbsp;COM_9511BrkDetect
</UL>

<P><STRONG><a name="[c3546c]"></a>COM_RxHandle</STRONG> (Thumb, 26 bytes, Stack size 8 bytes, com.o(.text))
<BR><BR>[Stack]<UL><LI>Max Depth = 72<LI>Call Chain = COM_RxHandle &rArr; COM_9511RxHandle &rArr; BSP_LED_Toggle &rArr; IO_OutToggle
</UL>
<BR>[Calls]<UL><LI><a href="#[c2fc4c]">&gt;&gt;</a>&nbsp;&nbsp;&nbsp;COM_924RxHandle
<LI><a href="#[c2fc88]">&gt;&gt;</a>&nbsp;&nbsp;&nbsp;COM_9511RxHandle
</UL>
<BR>[Called By]<UL><LI><a href="#[c38568]">&gt;&gt;</a>&nbsp;&nbsp;&nbsp;App_TaskStart
</UL>

<P><STRONG><a name="[c354a8]"></a>COM_KeyHandle</STRONG> (Thumb, 80 bytes, Stack size 8 bytes, com.o(.text))
<BR><BR>[Stack]<UL><LI>Max Depth = 136 + Unknown Stack Size
<LI>Call Chain = COM_KeyHandle &rArr; COM_UpStByKeyDn &rArr; COM_9511UpStChange &rArr; COM_SqnUpdate &rArr; BSP_SQN_EmbStSend &rArr; IO_MultiOutSet &rArr; IO_IdsToPortPinMsk
</UL>
<BR>[Calls]<UL><LI><a href="#[c2fd78]">&gt;&gt;</a>&nbsp;&nbsp;&nbsp;COM_UpStByKeyDn
<LI><a href="#[c2fdb4]">&gt;&gt;</a>&nbsp;&nbsp;&nbsp;COM_UpStByKeyMd
<LI><a href="#[c2fdf0]">&gt;&gt;</a>&nbsp;&nbsp;&nbsp;COM_UpStByKeyUp
<LI><a href="#[c315d8]">&gt;&gt;</a>&nbsp;&nbsp;&nbsp;IN_HDKey_GetSt
<LI><a href="#[c32154]">&gt;&gt;</a>&nbsp;&nbsp;&nbsp;MOTO_HghGetIsActing
</UL>
<BR>[Called By]<UL><LI><a href="#[c38568]">&gt;&gt;</a>&nbsp;&nbsp;&nbsp;App_TaskStart
</UL>

<P><STRONG><a name="[c354e4]"></a>COM_Init</STRONG> (Thumb, 20 bytes, Stack size 8 bytes, com.o(.text))
<BR><BR>[Stack]<UL><LI>Max Depth = 120<LI>Call Chain = COM_Init &rArr; COM_9511Init &rArr; COM_SqnUpdate &rArr; BSP_SQN_EmbStSend &rArr; IO_MultiOutSet &rArr; IO_IdsToPortPinMsk
</UL>
<BR>[Calls]<UL><LI><a href="#[c2fbd4]">&gt;&gt;</a>&nbsp;&nbsp;&nbsp;COM_924Init
<LI><a href="#[c2fc10]">&gt;&gt;</a>&nbsp;&nbsp;&nbsp;COM_9511Init
</UL>
<BR>[Called By]<UL><LI><a href="#[c38568]">&gt;&gt;</a>&nbsp;&nbsp;&nbsp;App_TaskStart
</UL>

<P><STRONG><a name="[c31fb0]"></a>COM_JogIsEn</STRONG> (Thumb, 42 bytes, Stack size 0 bytes, com.o(.text))
<BR><BR>[Called By]<UL><LI><a href="#[c328d4]">&gt;&gt;</a>&nbsp;&nbsp;&nbsp;MOTO_Hgh
</UL>

<P><STRONG><a name="[c35520]"></a>COM_DXSparkel</STRONG> (Thumb, 54 bytes, Stack size 8 bytes, com.o(.text))
<BR><BR>[Stack]<UL><LI>Max Depth = 40 + Unknown Stack Size
<LI>Call Chain = COM_DXSparkel &rArr; HDLED_Sparkle &rArr; OSTaskResume &rArr; OS_Sched
</UL>
<BR>[Calls]<UL><LI><a href="#[c3528c]">&gt;&gt;</a>&nbsp;&nbsp;&nbsp;HDLED_Sparkle
</UL>
<BR>[Called By]<UL><LI><a href="#[c38568]">&gt;&gt;</a>&nbsp;&nbsp;&nbsp;App_TaskStart
</UL>

<P><STRONG><a name="[c2f760]"></a>Get_Stream</STRONG> (Thumb, 50 bytes, Stack size 8 bytes, com.o(.text))
<BR><BR>[Stack]<UL><LI>Max Depth = 104<LI>Call Chain = Get_Stream &rArr; Get_Main_ID &rArr; crypto_des3_decrypt
</UL>
<BR>[Calls]<UL><LI><a href="#[c2f418]">&gt;&gt;</a>&nbsp;&nbsp;&nbsp;crypto_des3_encrypt
<LI><a href="#[c2f5bc]">&gt;&gt;</a>&nbsp;&nbsp;&nbsp;BitStreamEncode
<LI><a href="#[c35304]">&gt;&gt;</a>&nbsp;&nbsp;&nbsp;Get_Main_ID
</UL>
<BR>[Called By]<UL><LI><a href="#[c2f6ac]">&gt;&gt;</a>&nbsp;&nbsp;&nbsp;COM_MainSetPssW
<LI><a href="#[c2f724]">&gt;&gt;</a>&nbsp;&nbsp;&nbsp;COM_MainErasPssW
<LI><a href="#[c2fb5c]">&gt;&gt;</a>&nbsp;&nbsp;&nbsp;COM_MainCh9511
</UL>

<P><STRONG><a name="[c2f724]"></a>COM_MainErasPssW</STRONG> (Thumb, 136 bytes, Stack size 32 bytes, com.o(.text))
<BR><BR>[Stack]<UL><LI>Max Depth = 136<LI>Call Chain = COM_MainErasPssW &rArr; Get_Stream &rArr; Get_Main_ID &rArr; crypto_des3_decrypt
</UL>
<BR>[Calls]<UL><LI><a href="#[c2f4cc]">&gt;&gt;</a>&nbsp;&nbsp;&nbsp;FLASH_Unlock
<LI><a href="#[c2f544]">&gt;&gt;</a>&nbsp;&nbsp;&nbsp;FLASH_Lock
<LI><a href="#[c2f580]">&gt;&gt;</a>&nbsp;&nbsp;&nbsp;FLASH_ErasePage
<LI><a href="#[c2f760]">&gt;&gt;</a>&nbsp;&nbsp;&nbsp;Get_Stream
</UL>
<BR>[Address Reference Count : 1]<UL><LI> com.o(.constdata)
</UL>
<P><STRONG><a name="[c2f6e8]"></a>PRO_MainSetPssW</STRONG> (Thumb, 116 bytes, Stack size 48 bytes, com.o(.text))
<BR><BR>[Stack]<UL><LI>Max Depth = 80<LI>Call Chain = PRO_MainSetPssW &rArr; FLASH_ProgramHalfWord &rArr; FLASH_WaitForLastOperation
</UL>
<BR>[Calls]<UL><LI><a href="#[c2f4cc]">&gt;&gt;</a>&nbsp;&nbsp;&nbsp;FLASH_Unlock
<LI><a href="#[c2f508]">&gt;&gt;</a>&nbsp;&nbsp;&nbsp;FLASH_ProgramHalfWord
<LI><a href="#[c2f544]">&gt;&gt;</a>&nbsp;&nbsp;&nbsp;FLASH_Lock
<LI><a href="#[c2f580]">&gt;&gt;</a>&nbsp;&nbsp;&nbsp;FLASH_ErasePage
</UL>
<BR>[Called By]<UL><LI><a href="#[c2f6ac]">&gt;&gt;</a>&nbsp;&nbsp;&nbsp;COM_MainSetPssW
</UL>

<P><STRONG><a name="[c2f6ac]"></a>COM_MainSetPssW</STRONG> (Thumb, 428 bytes, Stack size 96 bytes, com.o(.text))
<BR><BR>[Stack]<UL><LI>Max Depth = 200<LI>Call Chain = COM_MainSetPssW &rArr; Get_Stream &rArr; Get_Main_ID &rArr; crypto_des3_decrypt
</UL>
<BR>[Calls]<UL><LI><a href="#[c2f418]">&gt;&gt;</a>&nbsp;&nbsp;&nbsp;crypto_des3_encrypt
<LI><a href="#[c2f454]">&gt;&gt;</a>&nbsp;&nbsp;&nbsp;crypto_des3_decrypt
<LI><a href="#[c2f5f8]">&gt;&gt;</a>&nbsp;&nbsp;&nbsp;BitStreamDecode
<LI><a href="#[c2f6e8]">&gt;&gt;</a>&nbsp;&nbsp;&nbsp;PRO_MainSetPssW
<LI><a href="#[c2f760]">&gt;&gt;</a>&nbsp;&nbsp;&nbsp;Get_Stream
</UL>
<BR>[Address Reference Count : 1]<UL><LI> com.o(.constdata)
</UL>
<P><STRONG><a name="[c352c8]"></a>HDLED_Init</STRONG> (Thumb, 92 bytes, Stack size 32 bytes, hdled.o(.text))
<BR><BR>[Stack]<UL><LI>Max Depth = 144 + Unknown Stack Size
<LI>Call Chain = HDLED_Init &rArr; OSTaskCreateExt &rArr; OS_TCBInit &rArr; OSTCBInitHook
</UL>
<BR>[Calls]<UL><LI><a href="#[c350e8]">&gt;&gt;</a>&nbsp;&nbsp;&nbsp;OSTaskCreateExt
</UL>
<BR>[Called By]<UL><LI><a href="#[c38568]">&gt;&gt;</a>&nbsp;&nbsp;&nbsp;App_TaskStart
</UL>

<P><STRONG><a name="[c2ecd4]"></a>HDLED_Get</STRONG> (Thumb, 28 bytes, Stack size 0 bytes, hdled.o(.text), UNUSED)

<P><STRONG><a name="[c3339c]"></a>HDLED_Set</STRONG> (Thumb, 44 bytes, Stack size 16 bytes, hdled.o(.text))
<BR><BR>[Stack]<UL><LI>Max Depth = 56<LI>Call Chain = HDLED_Set &rArr; BSP_HD_LedSet &rArr; IO_OutSet
</UL>
<BR>[Calls]<UL><LI><a href="#[c2ec98]">&gt;&gt;</a>&nbsp;&nbsp;&nbsp;BSP_HD_LedSet
</UL>
<BR>[Called By]<UL><LI><a href="#[c30174]">&gt;&gt;</a>&nbsp;&nbsp;&nbsp;COM_9511SetGreALL
<LI><a href="#[c30318]">&gt;&gt;</a>&nbsp;&nbsp;&nbsp;COM_9511SetOraEven
<LI><a href="#[c30354]">&gt;&gt;</a>&nbsp;&nbsp;&nbsp;COM_9511SetGreEven
<LI><a href="#[c30390]">&gt;&gt;</a>&nbsp;&nbsp;&nbsp;COM_9511SetRedEven
<LI><a href="#[c30444]">&gt;&gt;</a>&nbsp;&nbsp;&nbsp;COM_9511SetOraOdd
<LI><a href="#[c30480]">&gt;&gt;</a>&nbsp;&nbsp;&nbsp;COM_9511SetGreOdd
<LI><a href="#[c304bc]">&gt;&gt;</a>&nbsp;&nbsp;&nbsp;COM_9511SetRedOdd
<LI><a href="#[c30c00]">&gt;&gt;</a>&nbsp;&nbsp;&nbsp;COM_LedUpdate
<LI><a href="#[c3384c]">&gt;&gt;</a>&nbsp;&nbsp;&nbsp;DBG_HD
</UL>

<P><STRONG><a name="[c3528c]"></a>HDLED_Sparkle</STRONG> (Thumb, 18 bytes, Stack size 8 bytes, hdled.o(.text))
<BR><BR>[Stack]<UL><LI>Max Depth = 32 + Unknown Stack Size
<LI>Call Chain = HDLED_Sparkle &rArr; OSTaskResume &rArr; OS_Sched
</UL>
<BR>[Calls]<UL><LI><a href="#[c2ec5c]">&gt;&gt;</a>&nbsp;&nbsp;&nbsp;OSTaskResume
</UL>
<BR>[Called By]<UL><LI><a href="#[c2ff94]">&gt;&gt;</a>&nbsp;&nbsp;&nbsp;COM_9511MAStartUp
<LI><a href="#[c301b0]">&gt;&gt;</a>&nbsp;&nbsp;&nbsp;COM_9511MAOneLoop
<LI><a href="#[c33888]">&gt;&gt;</a>&nbsp;&nbsp;&nbsp;DBG_EndAlarm
<LI><a href="#[c35520]">&gt;&gt;</a>&nbsp;&nbsp;&nbsp;COM_DXSparkel
<LI><a href="#[c385e0]">&gt;&gt;</a>&nbsp;&nbsp;&nbsp;App_TaskUserIF
</UL>

<P><STRONG><a name="[c333d8]"></a>BSP_TM8M_Get</STRONG> (Thumb, 8 bytes, Stack size 0 bytes, bsp.o(.text))
<BR><BR>[Called By]<UL><LI><a href="#[c3294c]">&gt;&gt;</a>&nbsp;&nbsp;&nbsp;MOTO_Start
<LI><a href="#[c337d4]">&gt;&gt;</a>&nbsp;&nbsp;&nbsp;DBG_C491IsOK
</UL>

<P><STRONG><a name="[c33414]"></a>BSP_TM8M_Delay</STRONG> (Thumb, 58 bytes, Stack size 8 bytes, bsp.o(.text))
<BR><BR>[Stack]<UL><LI>Max Depth = 8<LI>Call Chain = BSP_TM8M_Delay
</UL>
<BR>[Called By]<UL><LI><a href="#[c2db40]">&gt;&gt;</a>&nbsp;&nbsp;&nbsp;BSP_DIP_Init
<LI><a href="#[c2dca8]">&gt;&gt;</a>&nbsp;&nbsp;&nbsp;BSP_MOTO_Init
<LI><a href="#[c33810]">&gt;&gt;</a>&nbsp;&nbsp;&nbsp;DBG_SqnSwiIsOK
</UL>

<P><STRONG><a name="[c2d618]"></a>BSP_TM_CNT_SpdSet</STRONG> (Thumb, 32 bytes, Stack size 8 bytes, bsp.o(.text), UNUSED)
<BR><BR>[Calls]<UL><LI><a href="#[c2cd6c]">&gt;&gt;</a>&nbsp;&nbsp;&nbsp;TIM_PrescalerConfig
</UL>

<P><STRONG><a name="[c2d5dc]"></a>BSP_TM_CNT_Get</STRONG> (Thumb, 8 bytes, Stack size 0 bytes, bsp.o(.text), UNUSED)

<P><STRONG><a name="[c334c8]"></a>BSP_SQN_EmbStSend</STRONG> (Thumb, 20 bytes, Stack size 16 bytes, bsp.o(.text))
<BR><BR>[Stack]<UL><LI>Max Depth = 88<LI>Call Chain = BSP_SQN_EmbStSend &rArr; IO_MultiOutSet &rArr; IO_IdsToPortPinMsk
</UL>
<BR>[Calls]<UL><LI><a href="#[c2d0b4]">&gt;&gt;</a>&nbsp;&nbsp;&nbsp;IO_MultiOutSet
</UL>
<BR>[Called By]<UL><LI><a href="#[c2dd5c]">&gt;&gt;</a>&nbsp;&nbsp;&nbsp;BSP_SQN_Init
<LI><a href="#[c30b88]">&gt;&gt;</a>&nbsp;&nbsp;&nbsp;COM_SqnUpdate
<LI><a href="#[c33810]">&gt;&gt;</a>&nbsp;&nbsp;&nbsp;DBG_SqnSwiIsOK
</UL>

<P><STRONG><a name="[c32028]"></a>BSP_MOTO_TQSet</STRONG> (Thumb, 22 bytes, Stack size 16 bytes, bsp.o(.text))
<BR><BR>[Stack]<UL><LI>Max Depth = 88<LI>Call Chain = BSP_MOTO_TQSet &rArr; IO_MultiOutSet &rArr; IO_IdsToPortPinMsk
</UL>
<BR>[Calls]<UL><LI><a href="#[c2d0b4]">&gt;&gt;</a>&nbsp;&nbsp;&nbsp;IO_MultiOutSet
</UL>
<BR>[Called By]<UL><LI><a href="#[c2dca8]">&gt;&gt;</a>&nbsp;&nbsp;&nbsp;BSP_MOTO_Init
<LI><a href="#[c3294c]">&gt;&gt;</a>&nbsp;&nbsp;&nbsp;MOTO_Start
<LI><a href="#[c32a00]">&gt;&gt;</a>&nbsp;&nbsp;&nbsp;MOTO_Stop
</UL>

<P><STRONG><a name="[c320dc]"></a>BSP_MOTO_ClkSet</STRONG> (Thumb, 20 bytes, Stack size 16 bytes, bsp.o(.text))
<BR><BR>[Stack]<UL><LI>Max Depth = 40<LI>Call Chain = BSP_MOTO_ClkSet &rArr; IO_OutSet
</UL>
<BR>[Calls]<UL><LI><a href="#[c33360]">&gt;&gt;</a>&nbsp;&nbsp;&nbsp;IO_OutSet
</UL>
<BR>[Called By]<UL><LI><a href="#[c2dca8]">&gt;&gt;</a>&nbsp;&nbsp;&nbsp;BSP_MOTO_Init
<LI><a href="#[c328d4]">&gt;&gt;</a>&nbsp;&nbsp;&nbsp;MOTO_Hgh
<LI><a href="#[c3294c]">&gt;&gt;</a>&nbsp;&nbsp;&nbsp;MOTO_Start
<LI><a href="#[c32a00]">&gt;&gt;</a>&nbsp;&nbsp;&nbsp;MOTO_Stop
<LI><a href="#[c34698]">&gt;&gt;</a>&nbsp;&nbsp;&nbsp;MOTO_IRQandClr
</UL>

<P><STRONG><a name="[c2f634]"></a>BSP_SOL_Set</STRONG> (Thumb, 36 bytes, Stack size 16 bytes, bsp.o(.text))
<BR><BR>[Stack]<UL><LI>Max Depth = 40<LI>Call Chain = BSP_SOL_Set &rArr; IO_OutSet
</UL>
<BR>[Calls]<UL><LI><a href="#[c33360]">&gt;&gt;</a>&nbsp;&nbsp;&nbsp;IO_OutSet
</UL>
<BR>[Called By]<UL><LI><a href="#[c2dc6c]">&gt;&gt;</a>&nbsp;&nbsp;&nbsp;BSP_SOL_Init
<LI><a href="#[c2fb20]">&gt;&gt;</a>&nbsp;&nbsp;&nbsp;COM_9511SetSol
<LI><a href="#[c355d4]">&gt;&gt;</a>&nbsp;&nbsp;&nbsp;BSP_SOL_TmrProc
</UL>

<P><STRONG><a name="[c2ec98]"></a>BSP_HD_LedSet</STRONG> (Thumb, 32 bytes, Stack size 16 bytes, bsp.o(.text))
<BR><BR>[Stack]<UL><LI>Max Depth = 40<LI>Call Chain = BSP_HD_LedSet &rArr; IO_OutSet
</UL>
<BR>[Calls]<UL><LI><a href="#[c33360]">&gt;&gt;</a>&nbsp;&nbsp;&nbsp;IO_OutSet
</UL>
<BR>[Called By]<UL><LI><a href="#[c2dc30]">&gt;&gt;</a>&nbsp;&nbsp;&nbsp;BSP_HD_Init
<LI><a href="#[c2ef68]">&gt;&gt;</a>&nbsp;&nbsp;&nbsp;HDLED_TaskSparkling
<LI><a href="#[c3339c]">&gt;&gt;</a>&nbsp;&nbsp;&nbsp;HDLED_Set
</UL>

<P><STRONG><a name="[c3564c]"></a>BSP_LED_Set</STRONG> (Thumb, 32 bytes, Stack size 16 bytes, bsp.o(.text))
<BR><BR>[Stack]<UL><LI>Max Depth = 40<LI>Call Chain = BSP_LED_Set &rArr; IO_OutSet
</UL>
<BR>[Calls]<UL><LI><a href="#[c33360]">&gt;&gt;</a>&nbsp;&nbsp;&nbsp;IO_OutSet
</UL>
<BR>[Called By]<UL><LI><a href="#[c2dbf4]">&gt;&gt;</a>&nbsp;&nbsp;&nbsp;BSP_LED_Init
<LI><a href="#[c338c4]">&gt;&gt;</a>&nbsp;&nbsp;&nbsp;DBG_StartAlarmTestLed
<LI><a href="#[c34bfc]">&gt;&gt;</a>&nbsp;&nbsp;&nbsp;DispErrNo
<LI><a href="#[c38568]">&gt;&gt;</a>&nbsp;&nbsp;&nbsp;App_TaskStart
</UL>

<P><STRONG><a name="[c3357c]"></a>BSP_DIP_Get</STRONG> (Thumb, 42 bytes, Stack size 8 bytes, bsp.o(.text))
<BR><BR>[Stack]<UL><LI>Max Depth = 72<LI>Call Chain = BSP_DIP_Get &rArr; IO_MultiInGet &rArr; IO_IdsToPortPinMsk
</UL>
<BR>[Calls]<UL><LI><a href="#[c2d12c]">&gt;&gt;</a>&nbsp;&nbsp;&nbsp;IO_MultiInGet
</UL>
<BR>[Called By]<UL><LI><a href="#[c2db40]">&gt;&gt;</a>&nbsp;&nbsp;&nbsp;BSP_DIP_Init
<LI><a href="#[c353f4]">&gt;&gt;</a>&nbsp;&nbsp;&nbsp;DBG_ALL
</UL>

<P><STRONG><a name="[c356c4]"></a>BSP_Init</STRONG> (Thumb, 70 bytes, Stack size 8 bytes, bsp.o(.text))
<BR><BR>[Stack]<UL><LI>Max Depth = 124<LI>Call Chain = BSP_Init &rArr; BSP_POT_Init &rArr; IO_Init &rArr; GPIO_Init
</UL>
<BR>[Calls]<UL><LI><a href="#[c2db40]">&gt;&gt;</a>&nbsp;&nbsp;&nbsp;BSP_DIP_Init
<LI><a href="#[c2db7c]">&gt;&gt;</a>&nbsp;&nbsp;&nbsp;BSP_ENC_Init
<LI><a href="#[c2dbb8]">&gt;&gt;</a>&nbsp;&nbsp;&nbsp;BSP_ENC_IndexEn
<LI><a href="#[c2dbf4]">&gt;&gt;</a>&nbsp;&nbsp;&nbsp;BSP_LED_Init
<LI><a href="#[c2dc30]">&gt;&gt;</a>&nbsp;&nbsp;&nbsp;BSP_HD_Init
<LI><a href="#[c2dc6c]">&gt;&gt;</a>&nbsp;&nbsp;&nbsp;BSP_SOL_Init
<LI><a href="#[c2dca8]">&gt;&gt;</a>&nbsp;&nbsp;&nbsp;BSP_MOTO_Init
<LI><a href="#[c2dce4]">&gt;&gt;</a>&nbsp;&nbsp;&nbsp;BSP_SWI_Init
<LI><a href="#[c2dd20]">&gt;&gt;</a>&nbsp;&nbsp;&nbsp;BSP_POT_Init
<LI><a href="#[c2dd5c]">&gt;&gt;</a>&nbsp;&nbsp;&nbsp;BSP_SQN_Init
<LI><a href="#[c2dd98]">&gt;&gt;</a>&nbsp;&nbsp;&nbsp;BSP_Judge924
<LI><a href="#[c2ddd4]">&gt;&gt;</a>&nbsp;&nbsp;&nbsp;BSP_TM_CNT_Init
<LI><a href="#[c2de10]">&gt;&gt;</a>&nbsp;&nbsp;&nbsp;BSP_TM8M_Init
<LI><a href="#[c2de4c]">&gt;&gt;</a>&nbsp;&nbsp;&nbsp;BSP_NVIC_Cfg
<LI><a href="#[c2de88]">&gt;&gt;</a>&nbsp;&nbsp;&nbsp;BSP_EnPeriph
</UL>
<BR>[Called By]<UL><LI><a href="#[c38568]">&gt;&gt;</a>&nbsp;&nbsp;&nbsp;App_TaskStart
</UL>

<P><STRONG><a name="[c35610]"></a>BSP_LED_Toggle</STRONG> (Thumb, 28 bytes, Stack size 16 bytes, bsp.o(.text))
<BR><BR>[Stack]<UL><LI>Max Depth = 32<LI>Call Chain = BSP_LED_Toggle &rArr; IO_OutToggle
</UL>
<BR>[Calls]<UL><LI><a href="#[c2d03c]">&gt;&gt;</a>&nbsp;&nbsp;&nbsp;IO_OutToggle
</UL>
<BR>[Called By]<UL><LI><a href="#[c2fc88]">&gt;&gt;</a>&nbsp;&nbsp;&nbsp;COM_9511RxHandle
<LI><a href="#[c338c4]">&gt;&gt;</a>&nbsp;&nbsp;&nbsp;DBG_StartAlarmTestLed
<LI><a href="#[c34bfc]">&gt;&gt;</a>&nbsp;&nbsp;&nbsp;DispErrNo
<LI><a href="#[c353f4]">&gt;&gt;</a>&nbsp;&nbsp;&nbsp;DBG_ALL
<LI><a href="#[c385e0]">&gt;&gt;</a>&nbsp;&nbsp;&nbsp;App_TaskUserIF
</UL>

<P><STRONG><a name="[c33540]"></a>BSP_HD_KeyGet</STRONG> (Thumb, 34 bytes, Stack size 16 bytes, bsp.o(.text))
<BR><BR>[Stack]<UL><LI>Max Depth = 32<LI>Call Chain = BSP_HD_KeyGet &rArr; IO_InGet
</UL>
<BR>[Calls]<UL><LI><a href="#[c2d1a4]">&gt;&gt;</a>&nbsp;&nbsp;&nbsp;IO_InGet
</UL>
<BR>[Called By]<UL><LI><a href="#[c3186c]">&gt;&gt;</a>&nbsp;&nbsp;&nbsp;IN_TaskScan
<LI><a href="#[c3384c]">&gt;&gt;</a>&nbsp;&nbsp;&nbsp;DBG_HD
<LI><a href="#[c353b8]">&gt;&gt;</a>&nbsp;&nbsp;&nbsp;DBG_IsDebug
</UL>

<P><STRONG><a name="[c32064]"></a>BSP_MOTO_StatusGet</STRONG> (Thumb, 18 bytes, Stack size 8 bytes, bsp.o(.text))
<BR><BR>[Stack]<UL><LI>Max Depth = 24<LI>Call Chain = BSP_MOTO_StatusGet &rArr; IO_InGet
</UL>
<BR>[Calls]<UL><LI><a href="#[c2d1a4]">&gt;&gt;</a>&nbsp;&nbsp;&nbsp;IO_InGet
</UL>
<BR>[Called By]<UL><LI><a href="#[c32820]">&gt;&gt;</a>&nbsp;&nbsp;&nbsp;MOTO_CutStepUntil
<LI><a href="#[c3285c]">&gt;&gt;</a>&nbsp;&nbsp;&nbsp;MOTO_Step
<LI><a href="#[c32988]">&gt;&gt;</a>&nbsp;&nbsp;&nbsp;MOTO_HghStepUntil
</UL>

<P><STRONG><a name="[c2d5a0]"></a>BSP_MOTO_ClkGet</STRONG> (Thumb, 18 bytes, Stack size 8 bytes, bsp.o(.text), UNUSED)
<BR><BR>[Calls]<UL><LI><a href="#[c2d078]">&gt;&gt;</a>&nbsp;&nbsp;&nbsp;IO_OutGet
</UL>

<P><STRONG><a name="[c320a0]"></a>BSP_MOTO_DirSet</STRONG> (Thumb, 20 bytes, Stack size 16 bytes, bsp.o(.text))
<BR><BR>[Stack]<UL><LI>Max Depth = 40<LI>Call Chain = BSP_MOTO_DirSet &rArr; IO_OutSet
</UL>
<BR>[Calls]<UL><LI><a href="#[c33360]">&gt;&gt;</a>&nbsp;&nbsp;&nbsp;IO_OutSet
</UL>
<BR>[Called By]<UL><LI><a href="#[c3294c]">&gt;&gt;</a>&nbsp;&nbsp;&nbsp;MOTO_Start
</UL>

<P><STRONG><a name="[c2d564]"></a>BSP_ENC_CntSet</STRONG> (Thumb, 10 bytes, Stack size 0 bytes, bsp.o(.text), UNUSED)

<P><STRONG><a name="[c2d528]"></a>BSP_ENC_CntGet</STRONG> (Thumb, 12 bytes, Stack size 0 bytes, bsp.o(.text), UNUSED)

<P><STRONG><a name="[c3348c]"></a>BSP_SWI_FiGet</STRONG> (Thumb, 18 bytes, Stack size 8 bytes, bsp.o(.text))
<BR><BR>[Stack]<UL><LI>Max Depth = 24<LI>Call Chain = BSP_SWI_FiGet &rArr; IO_InGet
</UL>
<BR>[Calls]<UL><LI><a href="#[c2d1a4]">&gt;&gt;</a>&nbsp;&nbsp;&nbsp;IO_InGet
</UL>
<BR>[Called By]<UL><LI><a href="#[c2fea4]">&gt;&gt;</a>&nbsp;&nbsp;&nbsp;COM_9511GetCutOrg
<LI><a href="#[c31920]">&gt;&gt;</a>&nbsp;&nbsp;&nbsp;IN_TenGetOne
<LI><a href="#[c327a8]">&gt;&gt;</a>&nbsp;&nbsp;&nbsp;MOTO_CutOut
<LI><a href="#[c327e4]">&gt;&gt;</a>&nbsp;&nbsp;&nbsp;MOTO_CutIn
<LI><a href="#[c32820]">&gt;&gt;</a>&nbsp;&nbsp;&nbsp;MOTO_CutStepUntil
<LI><a href="#[c33810]">&gt;&gt;</a>&nbsp;&nbsp;&nbsp;DBG_SqnSwiIsOK
</UL>

<P><STRONG><a name="[c33450]"></a>BSP_SWI_SeGet</STRONG> (Thumb, 18 bytes, Stack size 8 bytes, bsp.o(.text))
<BR><BR>[Stack]<UL><LI>Max Depth = 24<LI>Call Chain = BSP_SWI_SeGet &rArr; IO_InGet
</UL>
<BR>[Calls]<UL><LI><a href="#[c2d1a4]">&gt;&gt;</a>&nbsp;&nbsp;&nbsp;IO_InGet
</UL>
<BR>[Called By]<UL><LI><a href="#[c30660]">&gt;&gt;</a>&nbsp;&nbsp;&nbsp;COM_9511GetIsSqnUp
<LI><a href="#[c31920]">&gt;&gt;</a>&nbsp;&nbsp;&nbsp;IN_TenGetOne
<LI><a href="#[c33810]">&gt;&gt;</a>&nbsp;&nbsp;&nbsp;DBG_SqnSwiIsOK
</UL>

<P><STRONG><a name="[c31fec]"></a>BSP_POT_GetOne</STRONG> (Thumb, 140 bytes, Stack size 8 bytes, bsp.o(.text))
<BR><BR>[Stack]<UL><LI>Max Depth = 8<LI>Call Chain = BSP_POT_GetOne
</UL>
<BR>[Called By]<UL><LI><a href="#[c32190]">&gt;&gt;</a>&nbsp;&nbsp;&nbsp;MOTO_HghTestIsUp
</UL>

<P><STRONG><a name="[c33504]"></a>BSP_POT_GetAve</STRONG> (Thumb, 68 bytes, Stack size 0 bytes, bsp.o(.text))
<BR><BR>[Called By]<UL><LI><a href="#[c301ec]">&gt;&gt;</a>&nbsp;&nbsp;&nbsp;COM_9511GetADEven
<LI><a href="#[c30228]">&gt;&gt;</a>&nbsp;&nbsp;&nbsp;COM_9511GetADOdd
<LI><a href="#[c32a3c]">&gt;&gt;</a>&nbsp;&nbsp;&nbsp;MOTO_HghPotGetAve
<LI><a href="#[c353f4]">&gt;&gt;</a>&nbsp;&nbsp;&nbsp;DBG_ALL
</UL>

<P><STRONG><a name="[c33db0]"></a>BSP_491_DeSet</STRONG> (Thumb, 26 bytes, Stack size 8 bytes, bsp.o(.text))
<BR><BR>[Stack]<UL><LI>Max Depth = 32<LI>Call Chain = BSP_491_DeSet &rArr; IO_OutSet
</UL>
<BR>[Calls]<UL><LI><a href="#[c33360]">&gt;&gt;</a>&nbsp;&nbsp;&nbsp;IO_OutSet
</UL>
<BR>[Called By]<UL><LI><a href="#[c33d74]">&gt;&gt;</a>&nbsp;&nbsp;&nbsp;BSP_491_Init
<LI><a href="#[c33dec]">&gt;&gt;</a>&nbsp;&nbsp;&nbsp;C491_Send
<LI><a href="#[c33e64]">&gt;&gt;</a>&nbsp;&nbsp;&nbsp;C491_SendBuf
<LI><a href="#[c346d4]">&gt;&gt;</a>&nbsp;&nbsp;&nbsp;C491_IrqTx
</UL>

<P><STRONG><a name="[c33d74]"></a>BSP_491_Init</STRONG> (Thumb, 124 bytes, Stack size 24 bytes, bsp.o(.text))
<BR><BR>[Stack]<UL><LI>Max Depth = 92<LI>Call Chain = BSP_491_Init &rArr; USART_Init &rArr; RCC_GetClocksFreq
</UL>
<BR>[Calls]<UL><LI><a href="#[c2ccb8]">&gt;&gt;</a>&nbsp;&nbsp;&nbsp;USART_Init
<LI><a href="#[c2ccf4]">&gt;&gt;</a>&nbsp;&nbsp;&nbsp;USART_Cmd
<LI><a href="#[c2d168]">&gt;&gt;</a>&nbsp;&nbsp;&nbsp;IO_Init
<LI><a href="#[c33c84]">&gt;&gt;</a>&nbsp;&nbsp;&nbsp;USART_ITConfig
<LI><a href="#[c33db0]">&gt;&gt;</a>&nbsp;&nbsp;&nbsp;BSP_491_DeSet
</UL>
<BR>[Called By]<UL><LI><a href="#[c35598]">&gt;&gt;</a>&nbsp;&nbsp;&nbsp;C491_Init
</UL>

<P><STRONG><a name="[c34ecc]"></a>UID_Change2_D</STRONG> (Thumb, 28 bytes, Stack size 8 bytes, bsp.o(.text))
<BR><BR>[Stack]<UL><LI>Max Depth = 8<LI>Call Chain = UID_Change2_D
</UL>
<BR>[Called By]<UL><LI><a href="#[c38568]">&gt;&gt;</a>&nbsp;&nbsp;&nbsp;App_TaskStart
</UL>

<P><STRONG><a name="[c35340]"></a>Get_9511_ID</STRONG> (Thumb, 26 bytes, Stack size 0 bytes, bsp.o(.text))
<BR><BR>[Called By]<UL><LI><a href="#[c38568]">&gt;&gt;</a>&nbsp;&nbsp;&nbsp;App_TaskStart
</UL>

<P><STRONG><a name="[c35304]"></a>Get_Main_ID</STRONG> (Thumb, 858 bytes, Stack size 40 bytes, bsp.o(.text))
<BR><BR>[Stack]<UL><LI>Max Depth = 96<LI>Call Chain = Get_Main_ID &rArr; crypto_des3_decrypt
</UL>
<BR>[Calls]<UL><LI><a href="#[c2db04]">&gt;&gt;</a>&nbsp;&nbsp;&nbsp;Get_Main_ID_Status
<LI><a href="#[c2f454]">&gt;&gt;</a>&nbsp;&nbsp;&nbsp;crypto_des3_decrypt
<LI><a href="#[c2f4cc]">&gt;&gt;</a>&nbsp;&nbsp;&nbsp;FLASH_Unlock
<LI><a href="#[c2f544]">&gt;&gt;</a>&nbsp;&nbsp;&nbsp;FLASH_Lock
<LI><a href="#[c2f580]">&gt;&gt;</a>&nbsp;&nbsp;&nbsp;FLASH_ErasePage
</UL>
<BR>[Called By]<UL><LI><a href="#[c2f760]">&gt;&gt;</a>&nbsp;&nbsp;&nbsp;Get_Stream
<LI><a href="#[c38568]">&gt;&gt;</a>&nbsp;&nbsp;&nbsp;App_TaskStart
</UL>

<P><STRONG><a name="[c355d4]"></a>BSP_SOL_TmrProc</STRONG> (Thumb, 54 bytes, Stack size 8 bytes, bsp.o(.text))
<BR><BR>[Stack]<UL><LI>Max Depth = 48<LI>Call Chain = BSP_SOL_TmrProc &rArr; BSP_SOL_Set &rArr; IO_OutSet
</UL>
<BR>[Calls]<UL><LI><a href="#[c2f634]">&gt;&gt;</a>&nbsp;&nbsp;&nbsp;BSP_SOL_Set
</UL>
<BR>[Called By]<UL><LI><a href="#[c3573c]">&gt;&gt;</a>&nbsp;&nbsp;&nbsp;App_TimeTickHook
</UL>

<P><STRONG><a name="[c2d168]"></a>IO_Init</STRONG> (Thumb, 48 bytes, Stack size 24 bytes, io.o(.text))
<BR><BR>[Stack]<UL><LI>Max Depth = 44<LI>Call Chain = IO_Init &rArr; GPIO_Init
</UL>
<BR>[Calls]<UL><LI><a href="#[c2c844]">&gt;&gt;</a>&nbsp;&nbsp;&nbsp;GPIO_Init
<LI><a href="#[c2ca24]">&gt;&gt;</a>&nbsp;&nbsp;&nbsp;IO_IdToPortPin
</UL>
<BR>[Called By]<UL><LI><a href="#[c2db7c]">&gt;&gt;</a>&nbsp;&nbsp;&nbsp;BSP_ENC_Init
<LI><a href="#[c2dbf4]">&gt;&gt;</a>&nbsp;&nbsp;&nbsp;BSP_LED_Init
<LI><a href="#[c2dc30]">&gt;&gt;</a>&nbsp;&nbsp;&nbsp;BSP_HD_Init
<LI><a href="#[c2dc6c]">&gt;&gt;</a>&nbsp;&nbsp;&nbsp;BSP_SOL_Init
<LI><a href="#[c2dca8]">&gt;&gt;</a>&nbsp;&nbsp;&nbsp;BSP_MOTO_Init
<LI><a href="#[c2dce4]">&gt;&gt;</a>&nbsp;&nbsp;&nbsp;BSP_SWI_Init
<LI><a href="#[c2dd20]">&gt;&gt;</a>&nbsp;&nbsp;&nbsp;BSP_POT_Init
<LI><a href="#[c33d74]">&gt;&gt;</a>&nbsp;&nbsp;&nbsp;BSP_491_Init
</UL>

<P><STRONG><a name="[c2d0f0]"></a>IO_MultiInit</STRONG> (Thumb, 60 bytes, Stack size 40 bytes, io.o(.text))
<BR><BR>[Stack]<UL><LI>Max Depth = 72<LI>Call Chain = IO_MultiInit &rArr; IO_IdsToPortPinMsk
</UL>
<BR>[Calls]<UL><LI><a href="#[c2c844]">&gt;&gt;</a>&nbsp;&nbsp;&nbsp;GPIO_Init
<LI><a href="#[c2c9e8]">&gt;&gt;</a>&nbsp;&nbsp;&nbsp;IO_IdsToPortPinMsk
</UL>
<BR>[Called By]<UL><LI><a href="#[c2db40]">&gt;&gt;</a>&nbsp;&nbsp;&nbsp;BSP_DIP_Init
<LI><a href="#[c2db7c]">&gt;&gt;</a>&nbsp;&nbsp;&nbsp;BSP_ENC_Init
<LI><a href="#[c2dca8]">&gt;&gt;</a>&nbsp;&nbsp;&nbsp;BSP_MOTO_Init
<LI><a href="#[c2dd5c]">&gt;&gt;</a>&nbsp;&nbsp;&nbsp;BSP_SQN_Init
</UL>

<P><STRONG><a name="[c2d1a4]"></a>IO_InGet</STRONG> (Thumb, 28 bytes, Stack size 16 bytes, io.o(.text))
<BR><BR>[Stack]<UL><LI>Max Depth = 16<LI>Call Chain = IO_InGet
</UL>
<BR>[Calls]<UL><LI><a href="#[c2ca24]">&gt;&gt;</a>&nbsp;&nbsp;&nbsp;IO_IdToPortPin
</UL>
<BR>[Called By]<UL><LI><a href="#[c32064]">&gt;&gt;</a>&nbsp;&nbsp;&nbsp;BSP_MOTO_StatusGet
<LI><a href="#[c33450]">&gt;&gt;</a>&nbsp;&nbsp;&nbsp;BSP_SWI_SeGet
<LI><a href="#[c3348c]">&gt;&gt;</a>&nbsp;&nbsp;&nbsp;BSP_SWI_FiGet
<LI><a href="#[c33540]">&gt;&gt;</a>&nbsp;&nbsp;&nbsp;BSP_HD_KeyGet
</UL>

<P><STRONG><a name="[c2d12c]"></a>IO_MultiInGet</STRONG> (Thumb, 38 bytes, Stack size 32 bytes, io.o(.text))
<BR><BR>[Stack]<UL><LI>Max Depth = 64<LI>Call Chain = IO_MultiInGet &rArr; IO_IdsToPortPinMsk
</UL>
<BR>[Calls]<UL><LI><a href="#[c2c9e8]">&gt;&gt;</a>&nbsp;&nbsp;&nbsp;IO_IdsToPortPinMsk
</UL>
<BR>[Called By]<UL><LI><a href="#[c3357c]">&gt;&gt;</a>&nbsp;&nbsp;&nbsp;BSP_DIP_Get
</UL>

<P><STRONG><a name="[c2d078]"></a>IO_OutGet</STRONG> (Thumb, 28 bytes, Stack size 16 bytes, io.o(.text), UNUSED)
<BR><BR>[Calls]<UL><LI><a href="#[c2ca24]">&gt;&gt;</a>&nbsp;&nbsp;&nbsp;IO_IdToPortPin
</UL>
<BR>[Called By]<UL><LI><a href="#[c2d5a0]">&gt;&gt;</a>&nbsp;&nbsp;&nbsp;BSP_MOTO_ClkGet
</UL>

<P><STRONG><a name="[c2c8bc]"></a>IO_MultiOutGet</STRONG> (Thumb, 38 bytes, Stack size 32 bytes, io.o(.text), UNUSED)
<BR><BR>[Calls]<UL><LI><a href="#[c2c9e8]">&gt;&gt;</a>&nbsp;&nbsp;&nbsp;IO_IdsToPortPinMsk
</UL>

<P><STRONG><a name="[c33360]"></a>IO_OutSet</STRONG> (Thumb, 46 bytes, Stack size 24 bytes, io.o(.text))
<BR><BR>[Stack]<UL><LI>Max Depth = 24<LI>Call Chain = IO_OutSet
</UL>
<BR>[Calls]<UL><LI><a href="#[c2ca24]">&gt;&gt;</a>&nbsp;&nbsp;&nbsp;IO_IdToPortPin
</UL>
<BR>[Called By]<UL><LI><a href="#[c2dca8]">&gt;&gt;</a>&nbsp;&nbsp;&nbsp;BSP_MOTO_Init
<LI><a href="#[c2ec98]">&gt;&gt;</a>&nbsp;&nbsp;&nbsp;BSP_HD_LedSet
<LI><a href="#[c2f634]">&gt;&gt;</a>&nbsp;&nbsp;&nbsp;BSP_SOL_Set
<LI><a href="#[c320a0]">&gt;&gt;</a>&nbsp;&nbsp;&nbsp;BSP_MOTO_DirSet
<LI><a href="#[c320dc]">&gt;&gt;</a>&nbsp;&nbsp;&nbsp;BSP_MOTO_ClkSet
<LI><a href="#[c335b8]">&gt;&gt;</a>&nbsp;&nbsp;&nbsp;DBG_SolideOK
<LI><a href="#[c33db0]">&gt;&gt;</a>&nbsp;&nbsp;&nbsp;BSP_491_DeSet
<LI><a href="#[c353f4]">&gt;&gt;</a>&nbsp;&nbsp;&nbsp;DBG_ALL
<LI><a href="#[c3564c]">&gt;&gt;</a>&nbsp;&nbsp;&nbsp;BSP_LED_Set
</UL>

<P><STRONG><a name="[c2d0b4]"></a>IO_MultiOutSet</STRONG> (Thumb, 60 bytes, Stack size 40 bytes, io.o(.text))
<BR><BR>[Stack]<UL><LI>Max Depth = 72<LI>Call Chain = IO_MultiOutSet &rArr; IO_IdsToPortPinMsk
</UL>
<BR>[Calls]<UL><LI><a href="#[c2c9e8]">&gt;&gt;</a>&nbsp;&nbsp;&nbsp;IO_IdsToPortPinMsk
</UL>
<BR>[Called By]<UL><LI><a href="#[c32028]">&gt;&gt;</a>&nbsp;&nbsp;&nbsp;BSP_MOTO_TQSet
<LI><a href="#[c334c8]">&gt;&gt;</a>&nbsp;&nbsp;&nbsp;BSP_SQN_EmbStSend
</UL>

<P><STRONG><a name="[c2d03c]"></a>IO_OutToggle</STRONG> (Thumb, 32 bytes, Stack size 16 bytes, io.o(.text))
<BR><BR>[Stack]<UL><LI>Max Depth = 16<LI>Call Chain = IO_OutToggle
</UL>
<BR>[Calls]<UL><LI><a href="#[c2ca24]">&gt;&gt;</a>&nbsp;&nbsp;&nbsp;IO_IdToPortPin
</UL>
<BR>[Called By]<UL><LI><a href="#[c35610]">&gt;&gt;</a>&nbsp;&nbsp;&nbsp;BSP_LED_Toggle
</UL>

<P><STRONG><a name="[c2c880]"></a>IO_MultiOutToggle</STRONG> (Thumb, 40 bytes, Stack size 32 bytes, io.o(.text), UNUSED)
<BR><BR>[Calls]<UL><LI><a href="#[c2c9e8]">&gt;&gt;</a>&nbsp;&nbsp;&nbsp;IO_IdsToPortPinMsk
</UL>

<P><STRONG><a name="[c34fbc]"></a>OS_CPU_SR_Save</STRONG> (Thumb, 0 bytes, Stack size unknown bytes, os_cpu_a.o(.text))
<BR><BR>[Called By]<UL><LI><a href="#[c2bb9c]">&gt;&gt;</a>&nbsp;&nbsp;&nbsp;OSTimeTick
<LI><a href="#[c2bbd8]">&gt;&gt;</a>&nbsp;&nbsp;&nbsp;OS_CPU_SysTickHandler
<LI><a href="#[c2ec20]">&gt;&gt;</a>&nbsp;&nbsp;&nbsp;OSTaskSuspend
<LI><a href="#[c2ec5c]">&gt;&gt;</a>&nbsp;&nbsp;&nbsp;OSTaskResume
<LI><a href="#[c314ac]">&gt;&gt;</a>&nbsp;&nbsp;&nbsp;IN_BRK_GetIsBrk
<LI><a href="#[c314e8]">&gt;&gt;</a>&nbsp;&nbsp;&nbsp;IN_BRK_SampleStop
<LI><a href="#[c31524]">&gt;&gt;</a>&nbsp;&nbsp;&nbsp;IN_BRK_SentXJ
<LI><a href="#[c31560]">&gt;&gt;</a>&nbsp;&nbsp;&nbsp;IN_BRK_SampleBegin
<LI><a href="#[c318e4]">&gt;&gt;</a>&nbsp;&nbsp;&nbsp;IN_TenSample
<LI><a href="#[c32280]">&gt;&gt;</a>&nbsp;&nbsp;&nbsp;MOTO_CutGetState
<LI><a href="#[c33324]">&gt;&gt;</a>&nbsp;&nbsp;&nbsp;MOTO_HghGetState
<LI><a href="#[c33cc0]">&gt;&gt;</a>&nbsp;&nbsp;&nbsp;OSSemPost
<LI><a href="#[c33cfc]">&gt;&gt;</a>&nbsp;&nbsp;&nbsp;OSSemPend
<LI><a href="#[c33d38]">&gt;&gt;</a>&nbsp;&nbsp;&nbsp;OSSemCreate
<LI><a href="#[c3465c]">&gt;&gt;</a>&nbsp;&nbsp;&nbsp;OSIntExit
<LI><a href="#[c34710]">&gt;&gt;</a>&nbsp;&nbsp;&nbsp;C491_IrqToRxBuf
<LI><a href="#[c3474c]">&gt;&gt;</a>&nbsp;&nbsp;&nbsp;TIM1_CC_IRQHandler
<LI><a href="#[c34788]">&gt;&gt;</a>&nbsp;&nbsp;&nbsp;USART1_IRQHandler
<LI><a href="#[c347c4]">&gt;&gt;</a>&nbsp;&nbsp;&nbsp;PPP_IRQHandler
<LI><a href="#[c35070]">&gt;&gt;</a>&nbsp;&nbsp;&nbsp;OSTaskStkChk
<LI><a href="#[c350ac]">&gt;&gt;</a>&nbsp;&nbsp;&nbsp;OSTaskNameSet
<LI><a href="#[c350e8]">&gt;&gt;</a>&nbsp;&nbsp;&nbsp;OSTaskCreateExt
<LI><a href="#[c35124]">&gt;&gt;</a>&nbsp;&nbsp;&nbsp;OSStatInit
<LI><a href="#[c3555c]">&gt;&gt;</a>&nbsp;&nbsp;&nbsp;C491_ReceiveOne
<LI><a href="#[c3573c]">&gt;&gt;</a>&nbsp;&nbsp;&nbsp;App_TimeTickHook
<LI><a href="#[c96b74]">&gt;&gt;</a>&nbsp;&nbsp;&nbsp;OSTimeSet
<LI><a href="#[c96bb0]">&gt;&gt;</a>&nbsp;&nbsp;&nbsp;OSTimeGet
<LI><a href="#[c96bec]">&gt;&gt;</a>&nbsp;&nbsp;&nbsp;OSTimeDlyResume
<LI><a href="#[c96f70]">&gt;&gt;</a>&nbsp;&nbsp;&nbsp;OSTaskQuery
<LI><a href="#[c96fac]">&gt;&gt;</a>&nbsp;&nbsp;&nbsp;OSTaskNameGet
<LI><a href="#[c96fe8]">&gt;&gt;</a>&nbsp;&nbsp;&nbsp;OSTaskDelReq
<LI><a href="#[c97024]">&gt;&gt;</a>&nbsp;&nbsp;&nbsp;OSTaskDel
<LI><a href="#[c9709c]">&gt;&gt;</a>&nbsp;&nbsp;&nbsp;OSTaskCreate
<LI><a href="#[c970d8]">&gt;&gt;</a>&nbsp;&nbsp;&nbsp;OSTaskChangePrio
<LI><a href="#[c9745c]">&gt;&gt;</a>&nbsp;&nbsp;&nbsp;OSSemSet
<LI><a href="#[c97498]">&gt;&gt;</a>&nbsp;&nbsp;&nbsp;OSSemQuery
<LI><a href="#[c974d4]">&gt;&gt;</a>&nbsp;&nbsp;&nbsp;OSSemPendAbort
<LI><a href="#[c97510]">&gt;&gt;</a>&nbsp;&nbsp;&nbsp;OSSemDel
<LI><a href="#[c9754c]">&gt;&gt;</a>&nbsp;&nbsp;&nbsp;OSSemAccept
<LI><a href="#[c978d0]">&gt;&gt;</a>&nbsp;&nbsp;&nbsp;OSQQuery
<LI><a href="#[c9790c]">&gt;&gt;</a>&nbsp;&nbsp;&nbsp;OSQPostOpt
<LI><a href="#[c97948]">&gt;&gt;</a>&nbsp;&nbsp;&nbsp;OSQPostFront
<LI><a href="#[c97984]">&gt;&gt;</a>&nbsp;&nbsp;&nbsp;OSQPost
<LI><a href="#[c979c0]">&gt;&gt;</a>&nbsp;&nbsp;&nbsp;OSQPendAbort
<LI><a href="#[c979fc]">&gt;&gt;</a>&nbsp;&nbsp;&nbsp;OSQPend
<LI><a href="#[c97a38]">&gt;&gt;</a>&nbsp;&nbsp;&nbsp;OSQFlush
<LI><a href="#[c97a74]">&gt;&gt;</a>&nbsp;&nbsp;&nbsp;OSQDel
<LI><a href="#[c97ab0]">&gt;&gt;</a>&nbsp;&nbsp;&nbsp;OSQCreate
<LI><a href="#[c97aec]">&gt;&gt;</a>&nbsp;&nbsp;&nbsp;OSQAccept
<LI><a href="#[c9835c]">&gt;&gt;</a>&nbsp;&nbsp;&nbsp;OSMemQuery
<LI><a href="#[c98398]">&gt;&gt;</a>&nbsp;&nbsp;&nbsp;OSMemPut
<LI><a href="#[c983d4]">&gt;&gt;</a>&nbsp;&nbsp;&nbsp;OSMemNameSet
<LI><a href="#[c98410]">&gt;&gt;</a>&nbsp;&nbsp;&nbsp;OSMemNameGet
<LI><a href="#[c9844c]">&gt;&gt;</a>&nbsp;&nbsp;&nbsp;OSMemGet
<LI><a href="#[c98488]">&gt;&gt;</a>&nbsp;&nbsp;&nbsp;OSMemCreate
<LI><a href="#[c98d34]">&gt;&gt;</a>&nbsp;&nbsp;&nbsp;OSFlagQuery
<LI><a href="#[c98d70]">&gt;&gt;</a>&nbsp;&nbsp;&nbsp;OSFlagPost
<LI><a href="#[c98dac]">&gt;&gt;</a>&nbsp;&nbsp;&nbsp;OSFlagPendGetFlagsRdy
<LI><a href="#[c98de8]">&gt;&gt;</a>&nbsp;&nbsp;&nbsp;OSFlagPend
<LI><a href="#[c98e24]">&gt;&gt;</a>&nbsp;&nbsp;&nbsp;OSFlagNameSet
<LI><a href="#[c98e60]">&gt;&gt;</a>&nbsp;&nbsp;&nbsp;OSFlagNameGet
<LI><a href="#[c98e9c]">&gt;&gt;</a>&nbsp;&nbsp;&nbsp;OSFlagDel
<LI><a href="#[c98f14]">&gt;&gt;</a>&nbsp;&nbsp;&nbsp;OSFlagCreate
<LI><a href="#[c98f50]">&gt;&gt;</a>&nbsp;&nbsp;&nbsp;OSFlagAccept
<LI><a href="#[c99400]">&gt;&gt;</a>&nbsp;&nbsp;&nbsp;OSTimeDly
<LI><a href="#[c9943c]">&gt;&gt;</a>&nbsp;&nbsp;&nbsp;OS_TCBInit
<LI><a href="#[c9961c]">&gt;&gt;</a>&nbsp;&nbsp;&nbsp;OSSchedUnlock
<LI><a href="#[c99658]">&gt;&gt;</a>&nbsp;&nbsp;&nbsp;OSSchedLock
<LI><a href="#[c9970c]">&gt;&gt;</a>&nbsp;&nbsp;&nbsp;OS_TaskIdle
<LI><a href="#[c99748]">&gt;&gt;</a>&nbsp;&nbsp;&nbsp;OS_TaskStat
<LI><a href="#[c997c0]">&gt;&gt;</a>&nbsp;&nbsp;&nbsp;OSEventPendMulti
<LI><a href="#[c99838]">&gt;&gt;</a>&nbsp;&nbsp;&nbsp;OS_Sched
<LI><a href="#[c998b0]">&gt;&gt;</a>&nbsp;&nbsp;&nbsp;OSEventNameSet
<LI><a href="#[c99928]">&gt;&gt;</a>&nbsp;&nbsp;&nbsp;OSEventNameGet
</UL>

<P><STRONG><a name="[c34ff8]"></a>OS_CPU_SR_Restore</STRONG> (Thumb, 0 bytes, Stack size unknown bytes, os_cpu_a.o(.text))
<BR><BR>[Called By]<UL><LI><a href="#[c2bb9c]">&gt;&gt;</a>&nbsp;&nbsp;&nbsp;OSTimeTick
<LI><a href="#[c2bbd8]">&gt;&gt;</a>&nbsp;&nbsp;&nbsp;OS_CPU_SysTickHandler
<LI><a href="#[c2ec20]">&gt;&gt;</a>&nbsp;&nbsp;&nbsp;OSTaskSuspend
<LI><a href="#[c2ec5c]">&gt;&gt;</a>&nbsp;&nbsp;&nbsp;OSTaskResume
<LI><a href="#[c314ac]">&gt;&gt;</a>&nbsp;&nbsp;&nbsp;IN_BRK_GetIsBrk
<LI><a href="#[c314e8]">&gt;&gt;</a>&nbsp;&nbsp;&nbsp;IN_BRK_SampleStop
<LI><a href="#[c31524]">&gt;&gt;</a>&nbsp;&nbsp;&nbsp;IN_BRK_SentXJ
<LI><a href="#[c31560]">&gt;&gt;</a>&nbsp;&nbsp;&nbsp;IN_BRK_SampleBegin
<LI><a href="#[c318e4]">&gt;&gt;</a>&nbsp;&nbsp;&nbsp;IN_TenSample
<LI><a href="#[c32280]">&gt;&gt;</a>&nbsp;&nbsp;&nbsp;MOTO_CutGetState
<LI><a href="#[c33324]">&gt;&gt;</a>&nbsp;&nbsp;&nbsp;MOTO_HghGetState
<LI><a href="#[c33cc0]">&gt;&gt;</a>&nbsp;&nbsp;&nbsp;OSSemPost
<LI><a href="#[c33cfc]">&gt;&gt;</a>&nbsp;&nbsp;&nbsp;OSSemPend
<LI><a href="#[c33d38]">&gt;&gt;</a>&nbsp;&nbsp;&nbsp;OSSemCreate
<LI><a href="#[c3465c]">&gt;&gt;</a>&nbsp;&nbsp;&nbsp;OSIntExit
<LI><a href="#[c34710]">&gt;&gt;</a>&nbsp;&nbsp;&nbsp;C491_IrqToRxBuf
<LI><a href="#[c3474c]">&gt;&gt;</a>&nbsp;&nbsp;&nbsp;TIM1_CC_IRQHandler
<LI><a href="#[c34788]">&gt;&gt;</a>&nbsp;&nbsp;&nbsp;USART1_IRQHandler
[...]
</UL>

<P><STRONG><a name="[c2fc10]"></a>COM_9511Init</STRONG> (Thumb, 102 bytes, Stack size 8 bytes, com.o(.text))
<BR><BR>[Stack]<UL><LI>Max Depth = 112<LI>Call Chain = COM_9511Init &rArr; COM_SqnUpdate &rArr; BSP_SQN_EmbStSend &rArr; IO_MultiOutSet &rArr; IO_IdsToPortPinMsk
</UL>
<BR>[Calls]<UL><LI><a href="#[c30b88]">&gt;&gt;</a>&nbsp;&nbsp;&nbsp;COM_SqnUpdate
<LI><a href="#[c30c00]">&gt;&gt;</a>&nbsp;&nbsp;&nbsp;COM_LedUpdate
<LI><a href="#[c315d8]">&gt;&gt;</a>&nbsp;&nbsp;&nbsp;IN_HDKey_GetSt
</UL>
<BR>[Called By]<UL><LI><a href="#[c354e4]">&gt;&gt;</a>&nbsp;&nbsp;&nbsp;COM_Init
</UL>

<P><STRONG><a name="[c2fbd4]"></a>COM_924Init</STRONG> (Thumb, 2 bytes, Stack size 0 bytes, com.o(.text))
<BR><BR>[Called By]<UL><LI><a href="#[c354e4]">&gt;&gt;</a>&nbsp;&nbsp;&nbsp;COM_Init
</UL>

<P><STRONG><a name="[c2fb98]"></a>COM_MainConfirm</STRONG> (Thumb, 262 bytes, Stack size 32 bytes, com.o(.text))
<BR><BR>[Stack]<UL><LI>Max Depth = 88<LI>Call Chain = COM_MainConfirm &rArr; crypto_des3_decrypt
</UL>
<BR>[Calls]<UL><LI><a href="#[c2f454]">&gt;&gt;</a>&nbsp;&nbsp;&nbsp;crypto_des3_decrypt
<LI><a href="#[c2f5f8]">&gt;&gt;</a>&nbsp;&nbsp;&nbsp;BitStreamDecode
</UL>
<BR>[Address Reference Count : 1]<UL><LI> com.o(.constdata)
</UL>
<P><STRONG><a name="[c2fb5c]"></a>COM_MainCh9511</STRONG> (Thumb, 62 bytes, Stack size 40 bytes, com.o(.text))
<BR><BR>[Stack]<UL><LI>Max Depth = 144 + Unknown Stack Size
<LI>Call Chain = COM_MainCh9511 &rArr; Get_Stream &rArr; Get_Main_ID &rArr; crypto_des3_decrypt
</UL>
<BR>[Calls]<UL><LI><a href="#[c2f760]">&gt;&gt;</a>&nbsp;&nbsp;&nbsp;Get_Stream
<LI><a href="#[c33e28]">&gt;&gt;</a>&nbsp;&nbsp;&nbsp;C491_SendOne
</UL>
<BR>[Address Reference Count : 1]<UL><LI> com.o(.constdata)
</UL>
<P><STRONG><a name="[c2fb20]"></a>COM_9511SetSol</STRONG> (Thumb, 46 bytes, Stack size 24 bytes, com.o(.text))
<BR><BR>[Stack]<UL><LI>Max Depth = 64<LI>Call Chain = COM_9511SetSol &rArr; BSP_SOL_Set &rArr; IO_OutSet
</UL>
<BR>[Calls]<UL><LI><a href="#[c2f634]">&gt;&gt;</a>&nbsp;&nbsp;&nbsp;BSP_SOL_Set
</UL>
<BR>[Address Reference Count : 1]<UL><LI> com.o(.constdata)
</UL>
<P><STRONG><a name="[c2ef68]"></a>HDLED_TaskSparkling</STRONG> (Thumb, 96 bytes, Stack size 16 bytes, hdled.o(.text))
<BR><BR>[Stack]<UL><LI>Max Depth = 72 + Unknown Stack Size
<LI>Call Chain = HDLED_TaskSparkling &rArr; OSTimeDlyHMSM &rArr; OSTimeDly &rArr; OS_Sched
</UL>
<BR>[Calls]<UL><LI><a href="#[c2ec20]">&gt;&gt;</a>&nbsp;&nbsp;&nbsp;OSTaskSuspend
<LI><a href="#[c2ec98]">&gt;&gt;</a>&nbsp;&nbsp;&nbsp;BSP_HD_LedSet
<LI><a href="#[c35034]">&gt;&gt;</a>&nbsp;&nbsp;&nbsp;OSTimeDlyHMSM
</UL>
<BR>[Address Reference Count : 1]<UL><LI> hdled.o(.text)
</UL>
<P><STRONG><a name="[c2de88]"></a>BSP_EnPeriph</STRONG> (Thumb, 30 bytes, Stack size 8 bytes, bsp.o(.text))
<BR><BR>[Stack]<UL><LI>Max Depth = 8<LI>Call Chain = BSP_EnPeriph
</UL>
<BR>[Calls]<UL><LI><a href="#[c2ced4]">&gt;&gt;</a>&nbsp;&nbsp;&nbsp;RCC_APB2PeriphClockCmd
<LI><a href="#[c2cf10]">&gt;&gt;</a>&nbsp;&nbsp;&nbsp;RCC_APB1PeriphClockCmd
<LI><a href="#[c2cf4c]">&gt;&gt;</a>&nbsp;&nbsp;&nbsp;RCC_AHBPeriphClockCmd
</UL>
<BR>[Called By]<UL><LI><a href="#[c356c4]">&gt;&gt;</a>&nbsp;&nbsp;&nbsp;BSP_Init
</UL>

<P><STRONG><a name="[c2de4c]"></a>BSP_NVIC_Cfg</STRONG> (Thumb, 60 bytes, Stack size 8 bytes, bsp.o(.text))
<BR><BR>[Stack]<UL><LI>Max Depth = 24<LI>Call Chain = BSP_NVIC_Cfg &rArr; NVIC_Init
</UL>
<BR>[Calls]<UL><LI><a href="#[c2cfc4]">&gt;&gt;</a>&nbsp;&nbsp;&nbsp;NVIC_PriorityGroupConfig
<LI><a href="#[c2d000]">&gt;&gt;</a>&nbsp;&nbsp;&nbsp;NVIC_Init
</UL>
<BR>[Called By]<UL><LI><a href="#[c356c4]">&gt;&gt;</a>&nbsp;&nbsp;&nbsp;BSP_Init
</UL>

<P><STRONG><a name="[c2de10]"></a>BSP_TM8M_Init</STRONG> (Thumb, 62 bytes, Stack size 16 bytes, bsp.o(.text))
<BR><BR>[Stack]<UL><LI>Max Depth = 16<LI>Call Chain = BSP_TM8M_Init
</UL>
<BR>[Calls]<UL><LI><a href="#[c2cd30]">&gt;&gt;</a>&nbsp;&nbsp;&nbsp;TIM_TimeBaseInit
<LI><a href="#[c2ce5c]">&gt;&gt;</a>&nbsp;&nbsp;&nbsp;TIM_Cmd
</UL>
<BR>[Called By]<UL><LI><a href="#[c356c4]">&gt;&gt;</a>&nbsp;&nbsp;&nbsp;BSP_Init
</UL>

<P><STRONG><a name="[c2ddd4]"></a>BSP_TM_CNT_Init</STRONG> (Thumb, 110 bytes, Stack size 32 bytes, bsp.o(.text))
<BR><BR>[Stack]<UL><LI>Max Depth = 32<LI>Call Chain = BSP_TM_CNT_Init
</UL>
<BR>[Calls]<UL><LI><a href="#[c2cd30]">&gt;&gt;</a>&nbsp;&nbsp;&nbsp;TIM_TimeBaseInit
<LI><a href="#[c2ce5c]">&gt;&gt;</a>&nbsp;&nbsp;&nbsp;TIM_Cmd
</UL>
<BR>[Called By]<UL><LI><a href="#[c356c4]">&gt;&gt;</a>&nbsp;&nbsp;&nbsp;BSP_Init
</UL>

<P><STRONG><a name="[c2dd98]"></a>BSP_Judge924</STRONG> (Thumb, 8 bytes, Stack size 0 bytes, bsp.o(.text))
<BR><BR>[Called By]<UL><LI><a href="#[c356c4]">&gt;&gt;</a>&nbsp;&nbsp;&nbsp;BSP_Init
</UL>

<P><STRONG><a name="[c2dd5c]"></a>BSP_SQN_Init</STRONG> (Thumb, 34 bytes, Stack size 8 bytes, bsp.o(.text))
<BR><BR>[Stack]<UL><LI>Max Depth = 96<LI>Call Chain = BSP_SQN_Init &rArr; BSP_SQN_EmbStSend &rArr; IO_MultiOutSet &rArr; IO_IdsToPortPinMsk
</UL>
<BR>[Calls]<UL><LI><a href="#[c2d0f0]">&gt;&gt;</a>&nbsp;&nbsp;&nbsp;IO_MultiInit
<LI><a href="#[c334c8]">&gt;&gt;</a>&nbsp;&nbsp;&nbsp;BSP_SQN_EmbStSend
</UL>
<BR>[Called By]<UL><LI><a href="#[c356c4]">&gt;&gt;</a>&nbsp;&nbsp;&nbsp;BSP_Init
</UL>

<P><STRONG><a name="[c2dd20]"></a>BSP_POT_Init</STRONG> (Thumb, 296 bytes, Stack size 72 bytes, bsp.o(.text))
<BR><BR>[Stack]<UL><LI>Max Depth = 116<LI>Call Chain = BSP_POT_Init &rArr; IO_Init &rArr; GPIO_Init
</UL>
<BR>[Calls]<UL><LI><a href="#[c2cf88]">&gt;&gt;</a>&nbsp;&nbsp;&nbsp;RCC_ADCCLKConfig
<LI><a href="#[c2d168]">&gt;&gt;</a>&nbsp;&nbsp;&nbsp;IO_Init
<LI><a href="#[c2d258]">&gt;&gt;</a>&nbsp;&nbsp;&nbsp;DMA_Init
<LI><a href="#[c2d294]">&gt;&gt;</a>&nbsp;&nbsp;&nbsp;DMA_Cmd
<LI><a href="#[c2d2d0]">&gt;&gt;</a>&nbsp;&nbsp;&nbsp;ADC_StartCalibration
<LI><a href="#[c2d30c]">&gt;&gt;</a>&nbsp;&nbsp;&nbsp;ADC_SoftwareStartConvCmd
<LI><a href="#[c2d348]">&gt;&gt;</a>&nbsp;&nbsp;&nbsp;ADC_ResetCalibration
<LI><a href="#[c2d384]">&gt;&gt;</a>&nbsp;&nbsp;&nbsp;ADC_RegularChannelConfig
<LI><a href="#[c2d3c0]">&gt;&gt;</a>&nbsp;&nbsp;&nbsp;ADC_Init
<LI><a href="#[c2d3fc]">&gt;&gt;</a>&nbsp;&nbsp;&nbsp;ADC_GetResetCalibrationStatus
<LI><a href="#[c2d438]">&gt;&gt;</a>&nbsp;&nbsp;&nbsp;ADC_GetCalibrationStatus
<LI><a href="#[c2d474]">&gt;&gt;</a>&nbsp;&nbsp;&nbsp;ADC_ExternalTrigConvCmd
<LI><a href="#[c2d4b0]">&gt;&gt;</a>&nbsp;&nbsp;&nbsp;ADC_DMACmd
<LI><a href="#[c2d4ec]">&gt;&gt;</a>&nbsp;&nbsp;&nbsp;ADC_Cmd
</UL>
<BR>[Called By]<UL><LI><a href="#[c356c4]">&gt;&gt;</a>&nbsp;&nbsp;&nbsp;BSP_Init
</UL>

<P><STRONG><a name="[c2dce4]"></a>BSP_SWI_Init</STRONG> (Thumb, 38 bytes, Stack size 8 bytes, bsp.o(.text))
<BR><BR>[Stack]<UL><LI>Max Depth = 52<LI>Call Chain = BSP_SWI_Init &rArr; IO_Init &rArr; GPIO_Init
</UL>
<BR>[Calls]<UL><LI><a href="#[c2d168]">&gt;&gt;</a>&nbsp;&nbsp;&nbsp;IO_Init
</UL>
<BR>[Called By]<UL><LI><a href="#[c356c4]">&gt;&gt;</a>&nbsp;&nbsp;&nbsp;BSP_Init
</UL>

<P><STRONG><a name="[c2dca8]"></a>BSP_MOTO_Init</STRONG> (Thumb, 118 bytes, Stack size 8 bytes, bsp.o(.text))
<BR><BR>[Stack]<UL><LI>Max Depth = 96<LI>Call Chain = BSP_MOTO_Init &rArr; BSP_MOTO_TQSet &rArr; IO_MultiOutSet &rArr; IO_IdsToPortPinMsk
</UL>
<BR>[Calls]<UL><LI><a href="#[c2d0f0]">&gt;&gt;</a>&nbsp;&nbsp;&nbsp;IO_MultiInit
<LI><a href="#[c2d168]">&gt;&gt;</a>&nbsp;&nbsp;&nbsp;IO_Init
<LI><a href="#[c32028]">&gt;&gt;</a>&nbsp;&nbsp;&nbsp;BSP_MOTO_TQSet
<LI><a href="#[c320dc]">&gt;&gt;</a>&nbsp;&nbsp;&nbsp;BSP_MOTO_ClkSet
<LI><a href="#[c33360]">&gt;&gt;</a>&nbsp;&nbsp;&nbsp;IO_OutSet
<LI><a href="#[c33414]">&gt;&gt;</a>&nbsp;&nbsp;&nbsp;BSP_TM8M_Delay
</UL>
<BR>[Called By]<UL><LI><a href="#[c356c4]">&gt;&gt;</a>&nbsp;&nbsp;&nbsp;BSP_Init
</UL>

<P><STRONG><a name="[c2dc6c]"></a>BSP_SOL_Init</STRONG> (Thumb, 112 bytes, Stack size 8 bytes, bsp.o(.text))
<BR><BR>[Stack]<UL><LI>Max Depth = 52<LI>Call Chain = BSP_SOL_Init &rArr; IO_Init &rArr; GPIO_Init
</UL>
<BR>[Calls]<UL><LI><a href="#[c2d168]">&gt;&gt;</a>&nbsp;&nbsp;&nbsp;IO_Init
<LI><a href="#[c2f634]">&gt;&gt;</a>&nbsp;&nbsp;&nbsp;BSP_SOL_Set
</UL>
<BR>[Called By]<UL><LI><a href="#[c356c4]">&gt;&gt;</a>&nbsp;&nbsp;&nbsp;BSP_Init
</UL>

<P><STRONG><a name="[c2dc30]"></a>BSP_HD_Init</STRONG> (Thumb, 70 bytes, Stack size 8 bytes, bsp.o(.text))
<BR><BR>[Stack]<UL><LI>Max Depth = 52<LI>Call Chain = BSP_HD_Init &rArr; IO_Init &rArr; GPIO_Init
</UL>
<BR>[Calls]<UL><LI><a href="#[c2d168]">&gt;&gt;</a>&nbsp;&nbsp;&nbsp;IO_Init
<LI><a href="#[c2ec98]">&gt;&gt;</a>&nbsp;&nbsp;&nbsp;BSP_HD_LedSet
</UL>
<BR>[Called By]<UL><LI><a href="#[c356c4]">&gt;&gt;</a>&nbsp;&nbsp;&nbsp;BSP_Init
</UL>

<P><STRONG><a name="[c2dbf4]"></a>BSP_LED_Init</STRONG> (Thumb, 34 bytes, Stack size 8 bytes, bsp.o(.text))
<BR><BR>[Stack]<UL><LI>Max Depth = 52<LI>Call Chain = BSP_LED_Init &rArr; IO_Init &rArr; GPIO_Init
</UL>
<BR>[Calls]<UL><LI><a href="#[c2d168]">&gt;&gt;</a>&nbsp;&nbsp;&nbsp;IO_Init
<LI><a href="#[c3564c]">&gt;&gt;</a>&nbsp;&nbsp;&nbsp;BSP_LED_Set
</UL>
<BR>[Called By]<UL><LI><a href="#[c356c4]">&gt;&gt;</a>&nbsp;&nbsp;&nbsp;BSP_Init
</UL>

<P><STRONG><a name="[c2dbb8]"></a>BSP_ENC_IndexEn</STRONG> (Thumb, 78 bytes, Stack size 16 bytes, bsp.o(.text))
<BR><BR>[Stack]<UL><LI>Max Depth = 28<LI>Call Chain = BSP_ENC_IndexEn &rArr; GPIO_EXTILineConfig
</UL>
<BR>[Calls]<UL><LI><a href="#[c2d1e0]">&gt;&gt;</a>&nbsp;&nbsp;&nbsp;GPIO_EXTILineConfig
<LI><a href="#[c2d21c]">&gt;&gt;</a>&nbsp;&nbsp;&nbsp;EXTI_Init
</UL>
<BR>[Called By]<UL><LI><a href="#[c356c4]">&gt;&gt;</a>&nbsp;&nbsp;&nbsp;BSP_Init
</UL>

<P><STRONG><a name="[c2db7c]"></a>BSP_ENC_Init</STRONG> (Thumb, 146 bytes, Stack size 32 bytes, bsp.o(.text))
<BR><BR>[Stack]<UL><LI>Max Depth = 104<LI>Call Chain = BSP_ENC_Init &rArr; IO_MultiInit &rArr; IO_IdsToPortPinMsk
</UL>
<BR>[Calls]<UL><LI><a href="#[c2cd30]">&gt;&gt;</a>&nbsp;&nbsp;&nbsp;TIM_TimeBaseInit
<LI><a href="#[c2cda8]">&gt;&gt;</a>&nbsp;&nbsp;&nbsp;TIM_ICStructInit
<LI><a href="#[c2cde4]">&gt;&gt;</a>&nbsp;&nbsp;&nbsp;TIM_ICInit
<LI><a href="#[c2ce20]">&gt;&gt;</a>&nbsp;&nbsp;&nbsp;TIM_EncoderInterfaceConfig
<LI><a href="#[c2ce5c]">&gt;&gt;</a>&nbsp;&nbsp;&nbsp;TIM_Cmd
<LI><a href="#[c2d0f0]">&gt;&gt;</a>&nbsp;&nbsp;&nbsp;IO_MultiInit
<LI><a href="#[c2d168]">&gt;&gt;</a>&nbsp;&nbsp;&nbsp;IO_Init
<LI><a href="#[c31efc]">&gt;&gt;</a>&nbsp;&nbsp;&nbsp;TIM_ITConfig
</UL>
<BR>[Called By]<UL><LI><a href="#[c356c4]">&gt;&gt;</a>&nbsp;&nbsp;&nbsp;BSP_Init
</UL>

<P><STRONG><a name="[c2db40]"></a>BSP_DIP_Init</STRONG> (Thumb, 266 bytes, Stack size 24 bytes, bsp.o(.text))
<BR><BR>[Stack]<UL><LI>Max Depth = 96<LI>Call Chain = BSP_DIP_Init &rArr; IO_MultiInit &rArr; IO_IdsToPortPinMsk
</UL>
<BR>[Calls]<UL><LI><a href="#[c2d0f0]">&gt;&gt;</a>&nbsp;&nbsp;&nbsp;IO_MultiInit
<LI><a href="#[c33414]">&gt;&gt;</a>&nbsp;&nbsp;&nbsp;BSP_TM8M_Delay
<LI><a href="#[c3357c]">&gt;&gt;</a>&nbsp;&nbsp;&nbsp;BSP_DIP_Get
</UL>
<BR>[Called By]<UL><LI><a href="#[c356c4]">&gt;&gt;</a>&nbsp;&nbsp;&nbsp;BSP_Init
</UL>

<P><STRONG><a name="[c2db04]"></a>Get_Main_ID_Status</STRONG> (Thumb, 68 bytes, Stack size 40 bytes, bsp.o(.text))
<BR><BR>[Stack]<UL><LI>Max Depth = 40<LI>Call Chain = Get_Main_ID_Status
</UL>
<BR>[Called By]<UL><LI><a href="#[c35304]">&gt;&gt;</a>&nbsp;&nbsp;&nbsp;Get_Main_ID
</UL>

<P><STRONG><a name="[c2ca24]"></a>IO_IdToPortPin</STRONG> (Thumb, 72 bytes, Stack size 0 bytes, io.o(.text))
<BR><BR>[Called By]<UL><LI><a href="#[c2c9e8]">&gt;&gt;</a>&nbsp;&nbsp;&nbsp;IO_IdsToPortPinMsk
<LI><a href="#[c2d03c]">&gt;&gt;</a>&nbsp;&nbsp;&nbsp;IO_OutToggle
<LI><a href="#[c2d078]">&gt;&gt;</a>&nbsp;&nbsp;&nbsp;IO_OutGet
<LI><a href="#[c2d168]">&gt;&gt;</a>&nbsp;&nbsp;&nbsp;IO_Init
<LI><a href="#[c2d1a4]">&gt;&gt;</a>&nbsp;&nbsp;&nbsp;IO_InGet
<LI><a href="#[c33360]">&gt;&gt;</a>&nbsp;&nbsp;&nbsp;IO_OutSet
</UL>

<P><STRONG><a name="[c2c9e8]"></a>IO_IdsToPortPinMsk</STRONG> (Thumb, 64 bytes, Stack size 32 bytes, io.o(.text))
<BR><BR>[Stack]<UL><LI>Max Depth = 32<LI>Call Chain = IO_IdsToPortPinMsk
</UL>
<BR>[Calls]<UL><LI><a href="#[c2ca24]">&gt;&gt;</a>&nbsp;&nbsp;&nbsp;IO_IdToPortPin
</UL>
<BR>[Called By]<UL><LI><a href="#[c2c880]">&gt;&gt;</a>&nbsp;&nbsp;&nbsp;IO_MultiOutToggle
<LI><a href="#[c2c8bc]">&gt;&gt;</a>&nbsp;&nbsp;&nbsp;IO_MultiOutGet
<LI><a href="#[c2d0b4]">&gt;&gt;</a>&nbsp;&nbsp;&nbsp;IO_MultiOutSet
<LI><a href="#[c2d0f0]">&gt;&gt;</a>&nbsp;&nbsp;&nbsp;IO_MultiInit
<LI><a href="#[c2d12c]">&gt;&gt;</a>&nbsp;&nbsp;&nbsp;IO_MultiInGet
</UL>

<P><STRONG><a name="[c2a8dc]"></a>OS_SchedNew</STRONG> (Thumb, 26 bytes, Stack size 0 bytes, os_core.o(.text))
<BR><BR>[Called By]<UL><LI><a href="#[c3465c]">&gt;&gt;</a>&nbsp;&nbsp;&nbsp;OSIntExit
<LI><a href="#[c35160]">&gt;&gt;</a>&nbsp;&nbsp;&nbsp;OSStart
<LI><a href="#[c99838]">&gt;&gt;</a>&nbsp;&nbsp;&nbsp;OS_Sched
</UL>

<P><STRONG><a name="[c2a8a0]"></a>OS_InitTaskStat</STRONG> (Thumb, 56 bytes, Stack size 32 bytes, os_core.o(.text))
<BR><BR>[Stack]<UL><LI>Max Depth = 144 + Unknown Stack Size
<LI>Call Chain = OS_InitTaskStat &rArr; OSTaskCreateExt &rArr; OS_TCBInit &rArr; OSTCBInitHook
</UL>
<BR>[Calls]<UL><LI><a href="#[c350ac]">&gt;&gt;</a>&nbsp;&nbsp;&nbsp;OSTaskNameSet
<LI><a href="#[c350e8]">&gt;&gt;</a>&nbsp;&nbsp;&nbsp;OSTaskCreateExt
</UL>
<BR>[Called By]<UL><LI><a href="#[c3519c]">&gt;&gt;</a>&nbsp;&nbsp;&nbsp;OSInit
</UL>

<P><STRONG><a name="[c2a864]"></a>OS_InitTaskIdle</STRONG> (Thumb, 56 bytes, Stack size 32 bytes, os_core.o(.text))
<BR><BR>[Stack]<UL><LI>Max Depth = 144 + Unknown Stack Size
<LI>Call Chain = OS_InitTaskIdle &rArr; OSTaskCreateExt &rArr; OS_TCBInit &rArr; OSTCBInitHook
</UL>
<BR>[Calls]<UL><LI><a href="#[c350ac]">&gt;&gt;</a>&nbsp;&nbsp;&nbsp;OSTaskNameSet
<LI><a href="#[c350e8]">&gt;&gt;</a>&nbsp;&nbsp;&nbsp;OSTaskCreateExt
</UL>
<BR>[Called By]<UL><LI><a href="#[c3519c]">&gt;&gt;</a>&nbsp;&nbsp;&nbsp;OSInit
</UL>

<P><STRONG><a name="[c2a828]"></a>OS_InitEventList</STRONG> (Thumb, 70 bytes, Stack size 12 bytes, os_core.o(.text))
<BR><BR>[Stack]<UL><LI>Max Depth = 12<LI>Call Chain = OS_InitEventList
</UL>
<BR>[Calls]<UL><LI><a href="#[c996d0]">&gt;&gt;</a>&nbsp;&nbsp;&nbsp;OS_MemClr
</UL>
<BR>[Called By]<UL><LI><a href="#[c3519c]">&gt;&gt;</a>&nbsp;&nbsp;&nbsp;OSInit
</UL>

<P><STRONG><a name="[c2a7ec]"></a>OS_InitTCBList</STRONG> (Thumb, 86 bytes, Stack size 12 bytes, os_core.o(.text))
<BR><BR>[Stack]<UL><LI>Max Depth = 12<LI>Call Chain = OS_InitTCBList
</UL>
<BR>[Calls]<UL><LI><a href="#[c996d0]">&gt;&gt;</a>&nbsp;&nbsp;&nbsp;OS_MemClr
</UL>
<BR>[Called By]<UL><LI><a href="#[c3519c]">&gt;&gt;</a>&nbsp;&nbsp;&nbsp;OSInit
</UL>

<P><STRONG><a name="[c2a7b0]"></a>OS_InitRdyList</STRONG> (Thumb, 46 bytes, Stack size 0 bytes, os_core.o(.text))
<BR><BR>[Called By]<UL><LI><a href="#[c3519c]">&gt;&gt;</a>&nbsp;&nbsp;&nbsp;OSInit
</UL>

<P><STRONG><a name="[c2a774]"></a>OS_InitMisc</STRONG> (Thumb, 44 bytes, Stack size 0 bytes, os_core.o(.text))
<BR><BR>[Called By]<UL><LI><a href="#[c3519c]">&gt;&gt;</a>&nbsp;&nbsp;&nbsp;OSInit
</UL>

<P><STRONG><a name="[c990b8]"></a>OS_FlagTaskRdy</STRONG> (Thumb, 82 bytes, Stack size 20 bytes, os_flag.o(.text), UNUSED)
<BR><BR>[Calls]<UL><LI><a href="#[c98ed8]">&gt;&gt;</a>&nbsp;&nbsp;&nbsp;OS_FlagUnlink
</UL>
<BR>[Called By]<UL><LI><a href="#[c98d70]">&gt;&gt;</a>&nbsp;&nbsp;&nbsp;OSFlagPost
<LI><a href="#[c98e9c]">&gt;&gt;</a>&nbsp;&nbsp;&nbsp;OSFlagDel
</UL>

<P><STRONG><a name="[c9907c]"></a>OS_FlagBlock</STRONG> (Thumb, 150 bytes, Stack size 20 bytes, os_flag.o(.text), UNUSED)
<BR><BR>[Called By]<UL><LI><a href="#[c98de8]">&gt;&gt;</a>&nbsp;&nbsp;&nbsp;OSFlagPend
</UL>

<P><STRONG><a name="[c93208]"></a>delay</STRONG> (Thumb, 14 bytes, Stack size 0 bytes, stm32f10x_flash.o(.text))
<BR><BR>[Called By]<UL><LI><a href="#[c92fec]">&gt;&gt;</a>&nbsp;&nbsp;&nbsp;FLASH_WaitForLastOperation
</UL>

<P><STRONG><a name="[c8e2d0]"></a>TI4_Config</STRONG> (Thumb, 64 bytes, Stack size 20 bytes, stm32f10x_tim.o(.text))
<BR><BR>[Stack]<UL><LI>Max Depth = 20<LI>Call Chain = TI4_Config
</UL>
<BR>[Called By]<UL><LI><a href="#[c2cde4]">&gt;&gt;</a>&nbsp;&nbsp;&nbsp;TIM_ICInit
</UL>

<P><STRONG><a name="[c8e294]"></a>TI3_Config</STRONG> (Thumb, 60 bytes, Stack size 20 bytes, stm32f10x_tim.o(.text))
<BR><BR>[Stack]<UL><LI>Max Depth = 20<LI>Call Chain = TI3_Config
</UL>
<BR>[Called By]<UL><LI><a href="#[c2cde4]">&gt;&gt;</a>&nbsp;&nbsp;&nbsp;TIM_ICInit
</UL>

<P><STRONG><a name="[c8e258]"></a>TI2_Config</STRONG> (Thumb, 64 bytes, Stack size 20 bytes, stm32f10x_tim.o(.text))
<BR><BR>[Stack]<UL><LI>Max Depth = 20<LI>Call Chain = TI2_Config
</UL>
<BR>[Called By]<UL><LI><a href="#[c2cde4]">&gt;&gt;</a>&nbsp;&nbsp;&nbsp;TIM_ICInit
<LI><a href="#[c8dc04]">&gt;&gt;</a>&nbsp;&nbsp;&nbsp;TIM_TIxExternalClockConfig
<LI><a href="#[c8ded4]">&gt;&gt;</a>&nbsp;&nbsp;&nbsp;TIM_PWMIConfig
</UL>

<P><STRONG><a name="[c8e21c]"></a>TI1_Config</STRONG> (Thumb, 50 bytes, Stack size 20 bytes, stm32f10x_tim.o(.text))
<BR><BR>[Stack]<UL><LI>Max Depth = 20<LI>Call Chain = TI1_Config
</UL>
<BR>[Called By]<UL><LI><a href="#[c2cde4]">&gt;&gt;</a>&nbsp;&nbsp;&nbsp;TIM_ICInit
<LI><a href="#[c8dc04]">&gt;&gt;</a>&nbsp;&nbsp;&nbsp;TIM_TIxExternalClockConfig
<LI><a href="#[c8ded4]">&gt;&gt;</a>&nbsp;&nbsp;&nbsp;TIM_PWMIConfig
</UL>

<P><STRONG><a name="[c8be40]"></a>SetSysClockTo72</STRONG> (Thumb, 198 bytes, Stack size 0 bytes, system_stm32f10x.o(.text))
<BR><BR>[Called By]<UL><LI><a href="#[c8be04]">&gt;&gt;</a>&nbsp;&nbsp;&nbsp;SetSysClock
</UL>

<P><STRONG><a name="[c8be04]"></a>SetSysClock</STRONG> (Thumb, 8 bytes, Stack size 8 bytes, system_stm32f10x.o(.text))
<BR><BR>[Stack]<UL><LI>Max Depth = 8<LI>Call Chain = SetSysClock
</UL>
<BR>[Calls]<UL><LI><a href="#[c8be40]">&gt;&gt;</a>&nbsp;&nbsp;&nbsp;SetSysClockTo72
</UL>
<BR>[Called By]<UL><LI><a href="#[c34f08]">&gt;&gt;</a>&nbsp;&nbsp;&nbsp;SystemInit
</UL>

<P><STRONG><a name="[16d7c08]"></a>cpu_to_le32</STRONG> (Thumb, 2 bytes, Stack size 0 bytes, crypto_des3.o(.text))
<BR><BR>[Called By]<UL><LI><a href="#[c2f418]">&gt;&gt;</a>&nbsp;&nbsp;&nbsp;crypto_des3_encrypt
<LI><a href="#[c2f454]">&gt;&gt;</a>&nbsp;&nbsp;&nbsp;crypto_des3_decrypt
</UL>

<P><STRONG><a name="[16d7bcc]"></a>le32_to_cpu</STRONG> (Thumb, 2 bytes, Stack size 0 bytes, crypto_des3.o(.text))
<BR><BR>[Called By]<UL><LI><a href="#[c2f418]">&gt;&gt;</a>&nbsp;&nbsp;&nbsp;crypto_des3_encrypt
<LI><a href="#[c2f454]">&gt;&gt;</a>&nbsp;&nbsp;&nbsp;crypto_des3_decrypt
</UL>

<P><STRONG><a name="[16d7b90]"></a>ror32</STRONG> (Thumb, 18 bytes, Stack size 0 bytes, crypto_des3.o(.text))
<BR><BR>[Called By]<UL><LI><a href="#[c2f418]">&gt;&gt;</a>&nbsp;&nbsp;&nbsp;crypto_des3_encrypt
<LI><a href="#[c2f454]">&gt;&gt;</a>&nbsp;&nbsp;&nbsp;crypto_des3_decrypt
<LI><a href="#[c2f5f8]">&gt;&gt;</a>&nbsp;&nbsp;&nbsp;BitStreamDecode
</UL>

<P><STRONG><a name="[16d7b54]"></a>rol32</STRONG> (Thumb, 18 bytes, Stack size 0 bytes, crypto_des3.o(.text))
<BR><BR>[Called By]<UL><LI><a href="#[c2f418]">&gt;&gt;</a>&nbsp;&nbsp;&nbsp;crypto_des3_encrypt
<LI><a href="#[c2f454]">&gt;&gt;</a>&nbsp;&nbsp;&nbsp;crypto_des3_decrypt
<LI><a href="#[16d7adc]">&gt;&gt;</a>&nbsp;&nbsp;&nbsp;crypto_des3_expand_key
<LI><a href="#[16d7b18]">&gt;&gt;</a>&nbsp;&nbsp;&nbsp;crypto_des_expand_key
</UL>

<P><STRONG><a name="[16d7b18]"></a>crypto_des_expand_key</STRONG> (Thumb, 1974 bytes, Stack size 40 bytes, crypto_des3.o(.text))
<BR><BR>[Stack]<UL><LI>Max Depth = 40<LI>Call Chain = crypto_des_expand_key
</UL>
<BR>[Calls]<UL><LI><a href="#[16d7b54]">&gt;&gt;</a>&nbsp;&nbsp;&nbsp;rol32
</UL>
<BR>[Called By]<UL><LI><a href="#[16d77d0]">&gt;&gt;</a>&nbsp;&nbsp;&nbsp;crypto_des3_set_key
</UL>

<P><STRONG><a name="[16d7adc]"></a>crypto_des3_expand_key</STRONG> (Thumb, 1914 bytes, Stack size 32 bytes, crypto_des3.o(.text))
<BR><BR>[Stack]<UL><LI>Max Depth = 32<LI>Call Chain = crypto_des3_expand_key
</UL>
<BR>[Calls]<UL><LI><a href="#[16d7b54]">&gt;&gt;</a>&nbsp;&nbsp;&nbsp;rol32
</UL>
<BR>[Called By]<UL><LI><a href="#[16d77d0]">&gt;&gt;</a>&nbsp;&nbsp;&nbsp;crypto_des3_set_key
</UL>
<P>
<H3>
Undefined Global Symbols
</H3><HR></body></html>
