ARM Linker, 4.1 [Build 481] [Standard]

==============================================================================

Section Cross References

    app.o(.text) refers to os_task.o(.text) for OSTaskStkChk
    app.o(.text) refers to os_time.o(.text) for OSTimeDlyHMSM
    app.o(.text) refers to bsp.o(.text) for BSP_LED_Toggle
    app.o(.text) refers to hdled.o(.text) for HDLED_Sparkle
    app.o(.text) refers to os_cpu_c.o(.text) for OS_CPU_SysTickInit
    app.o(.text) refers to os_core.o(.text) for OSStatInit
    app.o(.text) refers to c491.o(.text) for C491_Init
    app.o(.text) refers to in.o(.text) for IN_Init
    app.o(.text) refers to dbg.o(.text) for DBG_IsDebug
    app.o(.text) refers to moto.o(.text) for MOTO_Init
    app.o(.text) refers to des3key.o(.text) for Des3PeriKeyInit
    app.o(.text) refers to uid_coun.o(.text) for Caculate_120
    app.o(.text) refers to com.o(.text) for COM_Init
    app.o(.text) refers to system_stm32f10x.o(.text) for SystemInit
    app.o(.text) refers to os_cpu_a.o(.text) for OS_CPU_SR_Save
    app.o(.text) refers to app.o(.constdata) for TaskPrio
    app.o(.text) refers to bsp.o(.data) for BSP_Is924
    app.o(.text) refers to app.o(.data) for Secrit_For_LED
    app.o(.text) refers to app.o(.bss) for App_TaskUserIFStk
    stm32f10x_it.o(.text) refers to bsp.o(.text) for BSP_LED_Set
    stm32f10x_it.o(.text) refers to os_cpu_a.o(.text) for OS_CPU_SR_Save
    stm32f10x_it.o(.text) refers to os_core.o(.text) for OSIntExit
    stm32f10x_it.o(.text) refers to stm32f10x_usart.o(.text) for USART_GetITStatus
    stm32f10x_it.o(.text) refers to c491.o(.text) for C491_IrqToRxBuf
    stm32f10x_it.o(.text) refers to moto.o(.text) for MOTO_IRQandClr
    stm32f10x_it.o(.text) refers to os_core.o(.data) for OSIntNesting
    c491.o(.text) refers to os_sem.o(.text) for OSSemCreate
    c491.o(.text) refers to bsp.o(.text) for BSP_491_Init
    c491.o(.text) refers to os_cpu_a.o(.text) for OS_CPU_SR_Save
    c491.o(.text) refers to stm32f10x_usart.o(.text) for USART_SendData
    c491.o(.text) refers to c491.o(.data) for C491_R_N
    c491.o(.text) refers to c491.o(.bss) for C491_R_Buf
    dbg.o(.text) refers to bsp.o(.text) for BSP_HD_KeyGet
    dbg.o(.text) refers to os_time.o(.text) for OSTimeDlyHMSM
    dbg.o(.text) refers to hdled.o(.text) for HDLED_Sparkle
    dbg.o(.text) refers to c491.o(.text) for C491_SendBuf
    dbg.o(.text) refers to io.o(.text) for IO_OutSet
    dbg.o(.text) refers to moto.o(.text) for MOTO_HghGetState
    dbg.o(.text) refers to bsp.o(.data) for BSP_Is924
    dbg.o(.text) refers to dbg.o(.constdata) for dbg_io_id_sol
    moto.o(.text) refers to stm32f10x_tim.o(.text) for TIM_ITConfig
    moto.o(.text) refers to bsp.o(.text) for BSP_MOTO_ClkSet
    moto.o(.text) refers to os_time.o(.text) for OSTimeDlyHMSM
    moto.o(.text) refers to os_sem.o(.text) for OSSemPend
    moto.o(.text) refers to moto.o(.data) for HOT_Position
    moto.o(.text) refers to moto.o(.constdata) for MOTO_FlagCC
    moto.o(.text) refers to app.o(.data) for UpHeadSpeed
    moto.o(.text) refers to com.o(.data) for COM_9511TangkongDir
    moto.o(.text) refers to bsp.o(.data) for BSP_DIP_TQ
    moto.o(.text) refers to os_task.o(.text) for OSTaskCreateExt
    moto.o(.text) refers to moto.o(.bss) for MOTO_TaskMotoStk
    moto.o(.text) refers to os_cpu_a.o(.text) for OS_CPU_SR_Save
    moto.o(.text) refers to com.o(.text) for COM_JogIsEn
    in.o(.text) refers to bsp.o(.text) for BSP_SWI_FiGet
    in.o(.text) refers to os_cpu_a.o(.text) for OS_CPU_SR_Save
    in.o(.text) refers to os_time.o(.text) for OSTimeDlyHMSM
    in.o(.text) refers to os_task.o(.text) for OSTaskCreateExt
    in.o(.text) refers to in.o(.data) for IN_BrkTypeIsDn
    in.o(.text) refers to bsp.o(.data) for BSP_DIP_BDFunc
    in.o(.text) refers to in.o(.bss) for IN_TaskScanStk
    com.o(.text) refers to hdled.o(.text) for HDLED_Set
    com.o(.text) refers to bsp.o(.text) for BSP_SWI_FiGet
    com.o(.text) refers to in.o(.text) for IN_HDKey_GetSt
    com.o(.text) refers to moto.o(.text) for MOTO_CutSetCmd
    com.o(.text) refers to com.o(.data) for COM_UpStLast
    com.o(.text) refers to bsp.o(.data) for BSP_DIP_RedIsSpkl
    com.o(.text) refers to app.o(.data) for Speed_pare
    com.o(.text) refers to c491.o(.text) for C491_SendOne
    com.o(.text) refers to in.o(.data) for IN_TEN_MULTIPLE
    com.o(.text) refers to com.o(.bss) for buf
    com.o(.text) refers to com.o(.constdata) for COM_9511Tbl
    com.o(.text) refers to bitstream.o(.text) for BitStreamDecode
    com.o(.text) refers to crypto_des3.o(.text) for crypto_des3_decrypt
    com.o(.text) refers to stm32f10x_flash.o(.text) for FLASH_Unlock
    com.o(.text) refers to app.o(.bss) for ds3_crypto_des3_ctx_t
    com.o(.constdata) refers to com.o(.text) for COM_CmdDoNothing
    hdled.o(.text) refers to os_cpu_a.o(.text) for OS_CPU_SR_Save
    hdled.o(.text) refers to bsp.o(.text) for BSP_HD_LedSet
    hdled.o(.text) refers to os_time.o(.text) for OSTimeDlyHMSM
[...]
    iFrame                                   0x200000e8   Data           4  com.o(.data)
    COM_UpStNow                              0x200000ec   Data           2  com.o(.data)
    COM_UpStLast                             0x200000ee   Data           2  com.o(.data)
    .data                                    0x20000104   Section       20  hdled.o(.data)
    HDLED_TaskFunc                           0x20000104   Data           8  hdled.o(.data)
    HDLED_StateRed                           0x2000010c   Data           2  hdled.o(.data)
    HDLED_StateGre                           0x2000010e   Data           2  hdled.o(.data)
    HDLED_SparklingTimes                     0x20000110   Data           8  hdled.o(.data)
    .data                                    0x20000118   Section       32  bsp.o(.data)
    tim_id_encoder                           0x20000118   Data           8  bsp.o(.data)
    i_odd                                    0x20000120   Data           1  bsp.o(.data)
    i_even                                   0x20000121   Data           1  bsp.o(.data)
    BSP_TimerSol                             0x20000134   Data           4  bsp.o(.data)
    .data                                    0x20000138   Section       72  os_core.o(.data)
    .data                                    0x20000180   Section       20  stm32f10x_rcc.o(.data)
    APBAHBPrescTable                         0x20000180   Data          16  stm32f10x_rcc.o(.data)
    ADCPrescTable                            0x20000190   Data           4  stm32f10x_rcc.o(.data)
    .data                                    0x20000194   Section       10  uid_coun.o(.data)
    .bss                                     0x200001a0   Section     1454  app.o(.bss)
    App_TaskStartStk                         0x200001a0   Data         512  app.o(.bss)
    App_TaskUserIFStk                        0x200003a0   Data         512  app.o(.bss)
    .bss                                     0x2000074e   Section      128  c491.o(.bss)
    C491_R_Buf                               0x2000074e   Data          64  c491.o(.bss)
    C491_T_Buf                               0x2000078e   Data          64  c491.o(.bss)
    .bss                                     0x200007d0   Section     2048  moto.o(.bss)
    MOTO_TaskMotoStk                         0x200007d0   Data        2048  moto.o(.bss)
    .bss                                     0x20000fd0   Section      512  in.o(.bss)
    IN_TaskScanStk                           0x20000fd0   Data         512  in.o(.bss)
    .bss                                     0x200011d0   Section       20  com.o(.bss)
    buf                                      0x200011d0   Data          20  com.o(.bss)
    .bss                                     0x200011e4   Section     1024  hdled.o(.bss)
    HDLED_TaskStk                            0x200011e4   Data        1024  hdled.o(.bss)
    .bss                                     0x200015e4   Section      230  bsp.o(.bss)
    BSP_POTValue                             0x200015f0   Data          32  bsp.o(.bss)
    BSP_TMR_CNT_PRESCALER                    0x20001610   Data         186  bsp.o(.bss)
    .bss                                     0x200016cc   Section     4232  os_core.o(.bss)
    .bss                                     0x20002754   Section       96  libspace.o(.bss)
    HEAP                                     0x200027b8   Section      512  startup_stm32f10x_md_os.o(HEAP)
    Heap_Mem                                 0x200027b8   Data         512  startup_stm32f10x_md_os.o(HEAP)
    STACK                                    0x200029b8   Section     1024  startup_stm32f10x_md_os.o(STACK)
    Stack_Mem                                0x200029b8   Data        1024  startup_stm32f10x_md_os.o(STACK)
    __initial_sp                             0x20002db8   Data           0  startup_stm32f10x_md_os.o(STACK)

    Global Symbols

    Symbol Name                              Value     Ov Type        Size  Object(Section)

    BuildAttributes$$THM_ISAv4$P$D$K$B$S$PE$A:L22UL41UL21$X:L11$S22US41US21$IEEE1$IW$USESV6$~STKCKD$USESV7$~SHL$OSPACE$ROPI$EBA8$UX$STANDARDLIB$REQ8$PRES8$EABIv2 0x00000000   Number         0  anon$$obj.o ABSOLUTE
    __ARM_use_no_argv                        0x00000000   Number         0  app.o ABSOLUTE
    __ARM_exceptions_init                     - Undefined Weak Reference
    __alloca_initialize                       - Undefined Weak Reference
    __cpp_initialize__aeabi_                  - Undefined Weak Reference
    __cxa_finalize                            - Undefined Weak Reference
    __rt_locale                               - Undefined Weak Reference
    __sigvec_lookup                           - Undefined Weak Reference
    _atexit_init                              - Undefined Weak Reference
    _call_atexit_fns                          - Undefined Weak Reference
    _clock_init                               - Undefined Weak Reference
    _fp_trap_init                             - Undefined Weak Reference
    _fp_trap_shutdown                         - Undefined Weak Reference
    _get_lc_collate                           - Undefined Weak Reference
    _get_lc_ctype                             - Undefined Weak Reference
    _get_lc_monetary                          - Undefined Weak Reference
    _get_lc_numeric                           - Undefined Weak Reference
    _get_lc_time                              - Undefined Weak Reference
    _getenv_init                              - Undefined Weak Reference
    _handle_redirection                       - Undefined Weak Reference
    _init_alloc                               - Undefined Weak Reference
    _init_user_alloc                          - Undefined Weak Reference
    _initio                                   - Undefined Weak Reference
    _rand_init                                - Undefined Weak Reference
    _signal_finish                            - Undefined Weak Reference
    _signal_init                              - Undefined Weak Reference
    _terminate_alloc                          - Undefined Weak Reference
    _terminate_user_alloc                     - Undefined Weak Reference
    _terminateio                              - Undefined Weak Reference
    __Vectors_Size                           0x000000ec   Number         0  startup_stm32f10x_md_os.o ABSOLUTE
    __Vectors                                0x08000000   Data           4  startup_stm32f10x_md_os.o(RESET)
    __Vectors_End                            0x080000ec   Data           0  startup_stm32f10x_md_os.o(RESET)
    __main                                   0x080000ed   Thumb Code     8  __main.o(!!!main)
    __scatterload                            0x080000f5   Thumb Code     0  __scatter.o(!!!scatter)
    __scatterload_rt2                        0x080000f5   Thumb Code    44  __scatter.o(!!!scatter)
    __scatterload_rt2_thumb_only             0x080000f5   Thumb Code     0  __scatter.o(!!!scatter)
    __scatterload_null                       0x08000103   Thumb Code     0  __scatter.o(!!!scatter)
    __decompress                             0x08000129   Thumb Code    90  __dczerorl2.o(!!dczerorl2)
    __decompress1                            0x08000129   Thumb Code     0  __dczerorl2.o(!!dczerorl2)
    __scatterload_zeroinit                   0x08000185   Thumb Code    28  __scatter_zi.o(!!handler_zi)
    __rt_lib_init                            0x080001a1   Thumb Code     0  libinit.o(.ARM.Collect$$libinit$$00000000)
    __rt_lib_init_alloca_1                   0x080001a7   Thumb Code     0  libinit2.o(.ARM.Collect$$libinit$$0000002A)
    __rt_lib_init_argv_1                     0x080001a7   Thumb Code     0  libinit2.o(.ARM.Collect$$libinit$$00000028)
    __rt_lib_init_atexit_1                   0x080001a7   Thumb Code     0  libinit2.o(.ARM.Collect$$libinit$$00000017)
    __rt_lib_init_clock_1                    0x080001a7   Thumb Code     0  libinit2.o(.ARM.Collect$$libinit$$0000001D)
    __rt_lib_init_cpp_1                      0x080001a7   Thumb Code     0  libinit2.o(.ARM.Collect$$libinit$$0000002E)
    __rt_lib_init_exceptions_1               0x080001a7   Thumb Code     0  libinit2.o(.ARM.Collect$$libinit$$0000002C)
    __rt_lib_init_fp_trap_1                  0x080001a7   Thumb Code     0  libinit2.o(.ARM.Collect$$libinit$$0000001B)
    __rt_lib_init_getenv_1                   0x080001a7   Thumb Code     0  libinit2.o(.ARM.Collect$$libinit$$0000001F)
    __rt_lib_init_heap_1                     0x080001a7   Thumb Code     0  libinit2.o(.ARM.Collect$$libinit$$00000006)
    __rt_lib_init_lc_collate_1               0x080001a7   Thumb Code     0  libinit2.o(.ARM.Collect$$libinit$$0000000D)
    __rt_lib_init_lc_ctype_1                 0x080001a7   Thumb Code     0  libinit2.o(.ARM.Collect$$libinit$$0000000F)
    __rt_lib_init_lc_monetary_1              0x080001a7   Thumb Code     0  libinit2.o(.ARM.Collect$$libinit$$00000011)
    __rt_lib_init_lc_numeric_1               0x080001a7   Thumb Code     0  libinit2.o(.ARM.Collect$$libinit$$00000013)
    __rt_lib_init_lc_time_1                  0x080001a7   Thumb Code     0  libinit2.o(.ARM.Collect$$libinit$$00000015)
    __rt_lib_init_rand_1                     0x080001a7   Thumb Code     0  libinit2.o(.ARM.Collect$$libinit$$0000000A)
    __rt_lib_init_return                     0x080001a7   Thumb Code     0  libinit2.o(.ARM.Collect$$libinit$$0000002F)
    __rt_lib_init_signal_1                   0x080001a7   Thumb Code     0  libinit2.o(.ARM.Collect$$libinit$$00000019)
    __rt_lib_init_stdio_1                    0x080001a7   Thumb Code     0  libinit2.o(.ARM.Collect$$libinit$$00000021)
    __rt_lib_init_user_alloc_1               0x080001a7   Thumb Code     0  libinit2.o(.ARM.Collect$$libinit$$00000008)
    __rt_lib_shutdown                        0x080001a9   Thumb Code     0  libshutdown.o(.ARM.Collect$$libshutdown$$00000000)
    __rt_lib_shutdown_fp_trap_1              0x080001ab   Thumb Code     0  libshutdown2.o(.ARM.Collect$$libshutdown$$00000006)
    __rt_lib_shutdown_heap_1                 0x080001ab   Thumb Code     0  libshutdown2.o(.ARM.Collect$$libshutdown$$0000000E)
    __rt_lib_shutdown_return                 0x080001ab   Thumb Code     0  libshutdown2.o(.ARM.Collect$$libshutdown$$0000000F)
    __rt_lib_shutdown_signal_1               0x080001ab   Thumb Code     0  libshutdown2.o(.ARM.Collect$$libshutdown$$00000009)
    __rt_lib_shutdown_stdio_1                0x080001ab   Thumb Code     0  libshutdown2.o(.ARM.Collect$$libshutdown$$00000003)
    __rt_lib_shutdown_user_alloc_1           0x080001ab   Thumb Code     0  libshutdown2.o(.ARM.Collect$$libshutdown$$0000000B)
    __rt_entry                               0x080001ad   Thumb Code     0  rtentry.o(.ARM.Collect$$rtentry$$00000000)
    __rt_entry_presh_1                       0x080001ad   Thumb Code     0  rtentry2.o(.ARM.Collect$$rtentry$$00000002)
    __rt_entry_sh                            0x080001ad   Thumb Code     0  rtentry4.o(.ARM.Collect$$rtentry$$00000004)
    __rt_entry_li                            0x080001b3   Thumb Code     0  rtentry2.o(.ARM.Collect$$rtentry$$0000000A)
    __rt_entry_postsh_1                      0x080001b3   Thumb Code     0  rtentry2.o(.ARM.Collect$$rtentry$$00000009)
    __rt_entry_main                          0x080001b7   Thumb Code     0  rtentry2.o(.ARM.Collect$$rtentry$$0000000D)
    __rt_entry_postli_1                      0x080001b7   Thumb Code     0  rtentry2.o(.ARM.Collect$$rtentry$$0000000C)
    __rt_exit                                0x080001bf   Thumb Code     0  rtexit.o(.ARM.Collect$$rtexit$$00000000)
    __rt_exit_ls                             0x080001c1   Thumb Code     0  rtexit2.o(.ARM.Collect$$rtexit$$00000003)
    __rt_exit_prels_1                        0x080001c1   Thumb Code     0  rtexit2.o(.ARM.Collect$$rtexit$$00000002)
    __rt_exit_exit                           0x080001c5   Thumb Code     0  rtexit2.o(.ARM.Collect$$rtexit$$00000004)
    main                                     0x08000351   Thumb Code    64  app.o(.text)
    App_TaskCreateHook                       0x08000391   Thumb Code     2  app.o(.text)
    App_TaskDelHook                          0x08000393   Thumb Code     2  app.o(.text)
    App_TaskIdleHook                         0x08000395   Thumb Code     2  app.o(.text)
    App_TaskStatHook                         0x08000397   Thumb Code     2  app.o(.text)
    App_TaskSwHook                           0x08000399   Thumb Code     2  app.o(.text)
    App_TCBInitHook                          0x0800039b   Thumb Code     2  app.o(.text)
    App_TimeTickHook                         0x0800039d   Thumb Code    44  app.o(.text)
    NMI_Handler                              0x08000495   Thumb Code    10  stm32f10x_it.o(.text)
    HardFault_Handler                        0x0800049f   Thumb Code    10  stm32f10x_it.o(.text)
    MemManage_Handler                        0x080004a9   Thumb Code    10  stm32f10x_it.o(.text)
    BusFault_Handler                         0x080004b3   Thumb Code    10  stm32f10x_it.o(.text)
    UsageFault_Handler                       0x080004bd   Thumb Code    10  stm32f10x_it.o(.text)
    SVC_Handler                              0x080004c7   Thumb Code    10  stm32f10x_it.o(.text)
    DebugMon_Handler                         0x080004d1   Thumb Code    10  stm32f10x_it.o(.text)
    PendSV_Handler                           0x080004db   Thumb Code     2  stm32f10x_it.o(.text)
    SysTick_Handler                          0x080004dd   Thumb Code     2  stm32f10x_it.o(.text)
    PPP_IRQHandler                           0x080004df   Thumb Code    30  stm32f10x_it.o(.text)
    USART1_IRQHandler                        0x080004fd   Thumb Code    70  stm32f10x_it.o(.text)
    TIM1_CC_IRQHandler                       0x08000543   Thumb Code    34  stm32f10x_it.o(.text)
    C491_Init                                0x0800056d   Thumb Code    50  c491.o(.text)
    C491_IrqToRxBuf                          0x0800059f   Thumb Code    84  c491.o(.text)
    C491_ReceiveOne                          0x080005f3   Thumb Code    92  c491.o(.text)
    C491_IrqTx                               0x0800064f   Thumb Code    68  c491.o(.text)
    C491_SendBuf                             0x08000693   Thumb Code    80  c491.o(.text)
    C491_SendOne                             0x080006e3   Thumb Code    16  c491.o(.text)
    C491_Send                                0x080006f3   Thumb Code    56  c491.o(.text)
    DBG_IsDebug                              0x08000755   Thumb Code    46  dbg.o(.text)
    DBG_SolideOK                             0x08000929   Thumb Code    58  dbg.o(.text)
    DBG_ALL                                  0x08000963   Thumb Code   368  dbg.o(.text)
    HOT_POS_Get                              0x08000ae1   Thumb Code     6  moto.o(.text)
    MOTO_Init                                0x08001289   Thumb Code   136  moto.o(.text)
    MOTO_SetSpdEngine                        0x08001311   Thumb Code   112  moto.o(.text)
    MOTO_CutSetFullAngle                     0x08001381   Thumb Code    26  moto.o(.text)
    MOTO_CutSetHalfAngle                     0x0800139b   Thumb Code    26  moto.o(.text)
    MOTO_TKSetFullAngle                      0x080013b5   Thumb Code    20  moto.o(.text)
    MOTO_TKSetHalfAngle                      0x080013c9   Thumb Code    20  moto.o(.text)
    MOTO_CutGetState                         0x080013dd   Thumb Code    46  moto.o(.text)
    MOTO_CutGetIsActing                      0x0800140b   Thumb Code    26  moto.o(.text)
    MOTO_CutSetCmd                           0x08001425   Thumb Code    52  moto.o(.text)
    MOTO_HghGetHeight                        0x08001459   Thumb Code    24  moto.o(.text)
    MOTO_HghTestIsUp                         0x080014fd   Thumb Code    58  moto.o(.text)
    MOTO_HghGetState                         0x08001537   Thumb Code    48  moto.o(.text)
    MOTO_HghGetIsActing                      0x08001567   Thumb Code    26  moto.o(.text)
    MOTO_HghSetCmd                           0x08001581   Thumb Code    38  moto.o(.text)
    MOTO_IRQandClr                           0x08001877   Thumb Code   100  moto.o(.text)
    IN_Init                                  0x08001a0f   Thumb Code    40  in.o(.text)
    IN_HDKey_GetSt                           0x08001a37   Thumb Code    64  in.o(.text)
    IN_BRK_SetIsDn                           0x08001a77   Thumb Code     6  in.o(.text)
    IN_BRK_SampleBegin                       0x08001a7d   Thumb Code    52  in.o(.text)
    IN_BRK_SentXJ                            0x08001ab1   Thumb Code   120  in.o(.text)
    IN_BRK_SampleStop                        0x08001b29   Thumb Code    50  in.o(.text)
    IN_BRK_GetIsBrk                          0x08001b5b   Thumb Code    40  in.o(.text)
    COM_Tangkong_HighTo0                     0x08001f43   Thumb Code    14  com.o(.text)
    COM_RxHandle                             0x08003037   Thumb Code    26  com.o(.text)
    COM_KeyHandle                            0x08003051   Thumb Code    80  com.o(.text)
    COM_Init                                 0x08003105   Thumb Code    20  com.o(.text)
    COM_JogIsEn                              0x08003119   Thumb Code   118  com.o(.text)
    COM_DXSparkel                            0x0800318f   Thumb Code    52  com.o(.text)
    Get_Stream                               0x0800329b   Thumb Code    50  com.o(.text)
    COM_MainErasPssW                         0x0800330b   Thumb Code   140  com.o(.text)
    PRO_MainSetPssW                          0x08003397   Thumb Code   116  com.o(.text)
    COM_MainSetPssW                          0x0800340b   Thumb Code   496  com.o(.text)
    HDLED_Init                               0x080036a1   Thumb Code    88  hdled.o(.text)
    HDLED_Get                                0x080036f9   Thumb Code    26  hdled.o(.text)
    HDLED_Set                                0x08003713   Thumb Code    48  hdled.o(.text)
    HDLED_Sparkle                            0x08003743   Thumb Code    30  hdled.o(.text)
    BSP_TM8M_Get                             0x0800381d   Thumb Code     6  bsp.o(.text)
    BSP_TM8M_Delay                           0x08003823   Thumb Code    54  bsp.o(.text)
    BSP_TM_CNT_SpdSet                        0x080038c7   Thumb Code    32  bsp.o(.text)
    BSP_TM_CNT_Get                           0x080038e7   Thumb Code     6  bsp.o(.text)
    BSP_SQN_EmbStSend                        0x080038f5   Thumb Code    20  bsp.o(.text)
    BSP_MOTO_MSet                            0x08003a73   Thumb Code    20  bsp.o(.text)
    BSP_MOTO_TQSet                           0x08003a87   Thumb Code    20  bsp.o(.text)
    BSP_MOTO_ClkSet                          0x08003a9b   Thumb Code    18  bsp.o(.text)
    BSP_SOL_Set                              0x08003b1f   Thumb Code    34  bsp.o(.text)
    BSP_HD_LedSet                            0x08003bdd   Thumb Code    30  bsp.o(.text)
    BSP_LED_Set                              0x08003c3b   Thumb Code    30  bsp.o(.text)
    BSP_DIP_Get                              0x08003d55   Thumb Code    42  bsp.o(.text)
    BSP_Init                                 0x08003e9d   Thumb Code    70  bsp.o(.text)
    BSP_LED_Toggle                           0x08003ee3   Thumb Code    26  bsp.o(.text)
    BSP_HD_KeyGet                            0x08003efd   Thumb Code    30  bsp.o(.text)
    BSP_MOTO_StatusGet                       0x08003f5f   Thumb Code    16  bsp.o(.text)
    BSP_MOTO_ClkGet                          0x08003f6f   Thumb Code    16  bsp.o(.text)
    BSP_MOTO_DirSet                          0x08003f7f   Thumb Code    18  bsp.o(.text)
    BSP_ENC_CntSet                           0x08003f91   Thumb Code    10  bsp.o(.text)
    BSP_ENC_CntGet                           0x08003f9b   Thumb Code    12  bsp.o(.text)
    BSP_SWI_FiGet                            0x08003fa7   Thumb Code    16  bsp.o(.text)
    BSP_SWI_SeGet                            0x08003fb7   Thumb Code    98  bsp.o(.text)
    BSP_POT_GetOne                           0x08004019   Thumb Code   102  bsp.o(.text)
    BSP_POT_GetAve                           0x0800407f   Thumb Code    68  bsp.o(.text)
    BSP_491_DeSet                            0x080040c3   Thumb Code    26  bsp.o(.text)
    BSP_491_Init                             0x080040dd   Thumb Code   124  bsp.o(.text)
    UID_Change2_D                            0x08004159   Thumb Code    30  bsp.o(.text)
    Get_9511_ID                              0x08004177   Thumb Code    26  bsp.o(.text)
    Get_Main_ID                              0x080041d7   Thumb Code   856  bsp.o(.text)
    BSP_SOL_TmrProc                          0x0800452f   Thumb Code    54  bsp.o(.text)
    IO_Init                                  0x080045fb   Thumb Code    48  io.o(.text)
    IO_MultiInit                             0x0800462b   Thumb Code    60  io.o(.text)
    IO_InGet                                 0x08004667   Thumb Code    28  io.o(.text)
    IO_MultiInGet                            0x08004683   Thumb Code    38  io.o(.text)
    IO_OutGet                                0x080046a9   Thumb Code    28  io.o(.text)
    IO_MultiOutGet                           0x080046c5   Thumb Code    38  io.o(.text)
    IO_OutSet                                0x080046eb   Thumb Code    46  io.o(.text)
    IO_MultiOutSet                           0x08004719   Thumb Code    64  io.o(.text)
    IO_OutToggle                             0x08004759   Thumb Code    32  io.o(.text)
    IO_MultiOutToggle                        0x08004779   Thumb Code    40  io.o(.text)
    OS_CPU_SR_Save                           0x080047bd   Thumb Code     0  os_cpu_a.o(.text)
    OS_CPU_SR_Restore                        0x080047c5   Thumb Code     0  os_cpu_a.o(.text)
    OSStartHighRdy                           0x080047cb   Thumb Code     0  os_cpu_a.o(.text)
    OSCtxSw                                  0x080047eb   Thumb Code     0  os_cpu_a.o(.text)
    OSIntCtxSw                               0x080047f5   Thumb Code     0  os_cpu_a.o(.text)
    OS_CPU_PendSVHandler                     0x080047ff   Thumb Code     0  os_cpu_a.o(.text)
    OSInitHookBegin                          0x08004861   Thumb Code     2  os_cpu_c.o(.text)
    OSInitHookEnd                            0x08004863   Thumb Code     2  os_cpu_c.o(.text)
    OSTaskCreateHook                         0x08004865   Thumb Code    12  os_cpu_c.o(.text)
    OSTaskDelHook                            0x08004871   Thumb Code    12  os_cpu_c.o(.text)
    OSTaskIdleHook                           0x0800487d   Thumb Code     8  os_cpu_c.o(.text)
    OSTaskStatHook                           0x08004885   Thumb Code     8  os_cpu_c.o(.text)
    OSTaskStkInit                            0x0800488d   Thumb Code   154  os_cpu_c.o(.text)
    OSTaskSwHook                             0x08004927   Thumb Code     8  os_cpu_c.o(.text)
    OSTCBInitHook                            0x0800492f   Thumb Code    12  os_cpu_c.o(.text)
    OSTimeTickHook                           0x0800493b   Thumb Code     8  os_cpu_c.o(.text)
    OS_CPU_SysTickHandler                    0x08004943   Thumb Code    34  os_cpu_c.o(.text)
    OS_CPU_SysTickInit                       0x08004965   Thumb Code    80  os_cpu_c.o(.text)
    OSDebugInit                              0x080049c5   Thumb Code    94  os_dbg.o(.text)
    OS_StrCopy                               0x08004ad9   Thumb Code    28  os_core.o(.text)
    OSEventNameGet                           0x08004af5   Thumb Code   126  os_core.o(.text)
    OS_StrLen                                0x08004b73   Thumb Code    20  os_core.o(.text)
    OSEventNameSet                           0x08004b87   Thumb Code   140  os_core.o(.text)
    OS_EventTaskRemoveMulti                  0x08004c13   Thumb Code    60  os_core.o(.text)
    OS_Sched                                 0x08004c69   Thumb Code    88  os_core.o(.text)
    OS_EventTaskWaitMulti                    0x08004cc1   Thumb Code   136  os_core.o(.text)
    OSEventPendMulti                         0x08004d49   Thumb Code   760  os_core.o(.text)
    OS_TaskStatStkChk                        0x08005041   Thumb Code    54  os_core.o(.text)
    OS_TaskStat                              0x08005077   Thumb Code   114  os_core.o(.text)
    OS_TaskIdle                              0x08005121   Thumb Code    32  os_core.o(.text)
    OS_MemClr                                0x08005179   Thumb Code    18  os_core.o(.text)
    OSInit                                   0x08005281   Thumb Code    52  os_core.o(.text)
    OSIntEnter                               0x080052b5   Thumb Code    28  os_core.o(.text)
    OSIntExit                                0x080052d1   Thumb Code   248  os_core.o(.text)
    OSSchedLock                              0x080053c9   Thumb Code    50  os_core.o(.text)
    OSSchedUnlock                            0x080053fb   Thumb Code    84  os_core.o(.text)
    OSStart                                  0x0800544f   Thumb Code    48  os_core.o(.text)
    OSStatInit                               0x0800547f   Thumb Code    62  os_core.o(.text)
    OSTimeTick                               0x080054bd   Thumb Code   220  os_core.o(.text)
    OSVersion                                0x08005599   Thumb Code     6  os_core.o(.text)
    OS_Dummy                                 0x0800559f   Thumb Code     2  os_core.o(.text)
    OS_EventTaskRemove                       0x080055a1   Thumb Code    42  os_core.o(.text)
    OS_EventTaskRdy                          0x080055cb   Thumb Code   132  os_core.o(.text)
    OS_EventTaskWait                         0x0800564f   Thumb Code   112  os_core.o(.text)
    OS_EventWaitListInit                     0x080056bf   Thumb Code    28  os_core.o(.text)
    OS_MemCopy                               0x080056db   Thumb Code    20  os_core.o(.text)
    OS_TCBInit                               0x080056ef   Thumb Code   356  os_core.o(.text)
    OSFlagAccept                             0x08005861   Thumb Code   268  os_flag.o(.text)
    OSFlagCreate                             0x0800596d   Thumb Code    98  os_flag.o(.text)
    OS_FlagUnlink                            0x080059cf   Thumb Code    36  os_flag.o(.text)
    OSFlagDel                                0x08005a53   Thumb Code   240  os_flag.o(.text)
    OSFlagNameGet                            0x08005b43   Thumb Code   108  os_flag.o(.text)
    OSFlagNameSet                            0x08005baf   Thumb Code   122  os_flag.o(.text)
    OSFlagPend                               0x08005cc1   Thumb Code   626  os_flag.o(.text)
    OSFlagPendGetFlagsRdy                    0x08005f33   Thumb Code    26  os_flag.o(.text)
    OSFlagPost                               0x08005f4d   Thumb Code   326  os_flag.o(.text)
    OSFlagQuery                              0x08006093   Thumb Code    64  os_flag.o(.text)
    OS_FlagInit                              0x080060d3   Thumb Code    68  os_flag.o(.text)
    OSMemCreate                              0x08006125   Thumb Code   166  os_mem.o(.text)
    OSMemGet                                 0x080061cb   Thumb Code    78  os_mem.o(.text)
    OSMemNameGet                             0x08006219   Thumb Code    88  os_mem.o(.text)
    OSMemNameSet                             0x08006271   Thumb Code   104  os_mem.o(.text)
    OSMemPut                                 0x080062d9   Thumb Code    66  os_mem.o(.text)
    OSMemQuery                               0x0800631b   Thumb Code    64  os_mem.o(.text)
    OS_MemInit                               0x0800635b   Thumb Code    68  os_mem.o(.text)
    OSQAccept                                0x080063ad   Thumb Code   106  os_q.o(.text)
    OSQCreate                                0x08006417   Thumb Code   150  os_q.o(.text)
    OSQDel                                   0x080064ad   Thumb Code   270  os_q.o(.text)
    OSQFlush                                 0x080065bb   Thumb Code    52  os_q.o(.text)
    OSQPend                                  0x080065ef   Thumb Code   300  os_q.o(.text)
    OSQPendAbort                             0x0800671b   Thumb Code   144  os_q.o(.text)
    OSQPost                                  0x080067ab   Thumb Code   142  os_q.o(.text)
    OSQPostFront                             0x08006839   Thumb Code   122  os_q.o(.text)
    OSQPostOpt                               0x080068b3   Thumb Code   188  os_q.o(.text)
    OSQQuery                                 0x0800696f   Thumb Code   112  os_q.o(.text)
    OS_QInit                                 0x080069df   Thumb Code    46  os_q.o(.text)
    OSSemAccept                              0x08006a15   Thumb Code    50  os_sem.o(.text)
    OSSemCreate                              0x08006a47   Thumb Code    78  os_sem.o(.text)
    OSSemDel                                 0x08006a95   Thumb Code   236  os_sem.o(.text)
    OSSemPend                                0x08006b81   Thumb Code   246  os_sem.o(.text)
    OSSemPendAbort                           0x08006c77   Thumb Code   144  os_sem.o(.text)
    OSSemPost                                0x08006d07   Thumb Code    94  os_sem.o(.text)
    OSSemQuery                               0x08006d65   Thumb Code    94  os_sem.o(.text)
    OSSemSet                                 0x08006dc3   Thumb Code    80  os_sem.o(.text)
    OSTaskChangePrio                         0x08006e25   Thumb Code   420  os_task.o(.text)
    OSTaskCreate                             0x08006fc9   Thumb Code   156  os_task.o(.text)
    OS_TaskStkClr                            0x08007065   Thumb Code    26  os_task.o(.text)
    OSTaskCreateExt                          0x0800707f   Thumb Code   180  os_task.o(.text)
    OSTaskDel                                0x08007133   Thumb Code   366  os_task.o(.text)
    OSTaskDelReq                             0x080072a1   Thumb Code   112  os_task.o(.text)
    OSTaskNameGet                            0x08007311   Thumb Code   148  os_task.o(.text)
    OSTaskNameSet                            0x080073a5   Thumb Code   160  os_task.o(.text)
    OSTaskResume                             0x08007445   Thumb Code   168  os_task.o(.text)
    OSTaskStkChk                             0x080074ed   Thumb Code   150  os_task.o(.text)
    OSTaskSuspend                            0x08007583   Thumb Code   172  os_task.o(.text)
    OSTaskQuery                              0x0800762f   Thumb Code   128  os_task.o(.text)
    OSTimeDly                                0x080076b1   Thumb Code    96  os_time.o(.text)
    OSTimeDlyHMSM                            0x08007711   Thumb Code   160  os_time.o(.text)
    OSTimeDlyResume                          0x080077b1   Thumb Code   176  os_time.o(.text)
    OSTimeGet                                0x08007861   Thumb Code    24  os_time.o(.text)
    OSTimeSet                                0x08007879   Thumb Code    24  os_time.o(.text)
    NVIC_PriorityGroupConfig                 0x080078a9   Thumb Code    10  misc.o(.text)
    NVIC_Init                                0x080078b3   Thumb Code   118  misc.o(.text)
    NVIC_SetVectorTable                      0x08007929   Thumb Code    12  misc.o(.text)
    NVIC_SystemLPConfig                      0x08007935   Thumb Code    38  misc.o(.text)
    SysTick_CLKSourceConfig                  0x0800795b   Thumb Code    40  misc.o(.text)
    ADC_DeInit                               0x080079a1   Thumb Code    78  stm32f10x_adc.o(.text)
    ADC_Init                                 0x080079ef   Thumb Code    70  stm32f10x_adc.o(.text)
    ADC_StructInit                           0x08007a35   Thumb Code    18  stm32f10x_adc.o(.text)
    ADC_Cmd                                  0x08007a47   Thumb Code    22  stm32f10x_adc.o(.text)
    ADC_DMACmd                               0x08007a5d   Thumb Code    22  stm32f10x_adc.o(.text)
    ADC_ITConfig                             0x08007a73   Thumb Code    24  stm32f10x_adc.o(.text)
    ADC_ResetCalibration                     0x08007a8b   Thumb Code    10  stm32f10x_adc.o(.text)
    ADC_GetResetCalibrationStatus            0x08007a95   Thumb Code    20  stm32f10x_adc.o(.text)
    ADC_StartCalibration                     0x08007aa9   Thumb Code    10  stm32f10x_adc.o(.text)
    ADC_GetCalibrationStatus                 0x08007ab3   Thumb Code    20  stm32f10x_adc.o(.text)
    ADC_SoftwareStartConvCmd                 0x08007ac7   Thumb Code    22  stm32f10x_adc.o(.text)
    ADC_GetSoftwareStartConvStatus           0x08007add   Thumb Code    20  stm32f10x_adc.o(.text)
    ADC_DiscModeChannelCountConfig           0x08007af1   Thumb Code    24  stm32f10x_adc.o(.text)
    ADC_DiscModeCmd                          0x08007b09   Thumb Code    22  stm32f10x_adc.o(.text)
    ADC_RegularChannelConfig                 0x08007b1f   Thumb Code   184  stm32f10x_adc.o(.text)
    ADC_ExternalTrigConvCmd                  0x08007bd7   Thumb Code    22  stm32f10x_adc.o(.text)
    ADC_GetConversionValue                   0x08007bed   Thumb Code     8  stm32f10x_adc.o(.text)
    ADC_GetDualModeConversionValue           0x08007bf5   Thumb Code     6  stm32f10x_adc.o(.text)
    ADC_AutoInjectedConvCmd                  0x08007bfb   Thumb Code    22  stm32f10x_adc.o(.text)
    ADC_InjectedDiscModeCmd                  0x08007c11   Thumb Code    22  stm32f10x_adc.o(.text)
    ADC_ExternalTrigInjectedConvConfig       0x08007c27   Thumb Code    16  stm32f10x_adc.o(.text)
    ADC_ExternalTrigInjectedConvCmd          0x08007c37   Thumb Code    22  stm32f10x_adc.o(.text)
    ADC_SoftwareStartInjectedConvCmd         0x08007c4d   Thumb Code    22  stm32f10x_adc.o(.text)
    ADC_GetSoftwareStartInjectedConvCmdStatus 0x08007c63   Thumb Code    20  stm32f10x_adc.o(.text)
    ADC_InjectedChannelConfig                0x08007c77   Thumb Code   130  stm32f10x_adc.o(.text)
    ADC_InjectedSequencerLengthConfig        0x08007cf9   Thumb Code    24  stm32f10x_adc.o(.text)
    ADC_SetInjectedOffset                    0x08007d11   Thumb Code    12  stm32f10x_adc.o(.text)
    ADC_GetInjectedConversionValue           0x08007d1d   Thumb Code    18  stm32f10x_adc.o(.text)
    ADC_AnalogWatchdogCmd                    0x08007d2f   Thumb Code    16  stm32f10x_adc.o(.text)
    ADC_AnalogWatchdogThresholdsConfig       0x08007d3f   Thumb Code     6  stm32f10x_adc.o(.text)
    ADC_AnalogWatchdogSingleChannelConfig    0x08007d45   Thumb Code    16  stm32f10x_adc.o(.text)
    ADC_TempSensorVrefintCmd                 0x08007d55   Thumb Code    34  stm32f10x_adc.o(.text)
    ADC_GetFlagStatus                        0x08007d77   Thumb Code    54  stm32f10x_adc.o(.text)
    ADC_ClearFlag                            0x08007dad   Thumb Code     6  stm32f10x_adc.o(.text)
    ADC_GetITStatus                          0x08007db3   Thumb Code    36  stm32f10x_adc.o(.text)
    ADC_ClearITPendingBit                    0x08007dd7   Thumb Code    10  stm32f10x_adc.o(.text)
    DMA_DeInit                               0x08007de1   Thumb Code   318  stm32f10x_dma.o(.text)
    DMA_Init                                 0x08007f1f   Thumb Code    60  stm32f10x_dma.o(.text)
    DMA_StructInit                           0x08007f5b   Thumb Code    26  stm32f10x_dma.o(.text)
    DMA_Cmd                                  0x08007f75   Thumb Code    22  stm32f10x_dma.o(.text)
    DMA_ITConfig                             0x08007f8b   Thumb Code    18  stm32f10x_dma.o(.text)
    DMA_GetCurrDataCounter                   0x08007f9d   Thumb Code     8  stm32f10x_dma.o(.text)
    DMA_GetFlagStatus                        0x08007fa5   Thumb Code    34  stm32f10x_dma.o(.text)
    DMA_ClearFlag                            0x08007fc7   Thumb Code    18  stm32f10x_dma.o(.text)
    DMA_GetITStatus                          0x08007fd9   Thumb Code    34  stm32f10x_dma.o(.text)
    DMA_ClearITPendingBit                    0x08007ffb   Thumb Code    18  stm32f10x_dma.o(.text)
    EXTI_DeInit                              0x08008021   Thumb Code    30  stm32f10x_exti.o(.text)
    EXTI_Init                                0x0800803f   Thumb Code   160  stm32f10x_exti.o(.text)
    EXTI_StructInit                          0x080080df   Thumb Code    16  stm32f10x_exti.o(.text)
    EXTI_GenerateSWInterrupt                 0x080080ef   Thumb Code    16  stm32f10x_exti.o(.text)
    EXTI_GetFlagStatus                       0x080080ff   Thumb Code    20  stm32f10x_exti.o(.text)
    EXTI_ClearFlag                           0x08008113   Thumb Code     6  stm32f10x_exti.o(.text)
    EXTI_GetITStatus                         0x08008119   Thumb Code    34  stm32f10x_exti.o(.text)
    EXTI_ClearITPendingBit                   0x0800813b   Thumb Code     6  stm32f10x_exti.o(.text)
    FLASH_SetLatency                         0x0800815d   Thumb Code    18  stm32f10x_flash.o(.text)
    FLASH_HalfCycleAccessCmd                 0x0800816f   Thumb Code    22  stm32f10x_flash.o(.text)
    FLASH_PrefetchBufferCmd                  0x08008185   Thumb Code    22  stm32f10x_flash.o(.text)
    FLASH_Unlock                             0x0800819b   Thumb Code    12  stm32f10x_flash.o(.text)
    FLASH_Lock                               0x080081a7   Thumb Code    14  stm32f10x_flash.o(.text)
    FLASH_GetStatus                          0x080081b5   Thumb Code    50  stm32f10x_flash.o(.text)
    FLASH_WaitForLastOperation               0x080081f5   Thumb Code    42  stm32f10x_flash.o(.text)
    FLASH_ErasePage                          0x0800821f   Thumb Code    76  stm32f10x_flash.o(.text)
    FLASH_EraseAllPages                      0x0800826b   Thumb Code    72  stm32f10x_flash.o(.text)
    FLASH_EraseOptionBytes                   0x080082b3   Thumb Code   144  stm32f10x_flash.o(.text)
    FLASH_ProgramWord                        0x08008343   Thumb Code   108  stm32f10x_flash.o(.text)
    FLASH_ProgramHalfWord                    0x080083af   Thumb Code    64  stm32f10x_flash.o(.text)
    FLASH_ProgramOptionByteData              0x080083ef   Thumb Code    72  stm32f10x_flash.o(.text)
    FLASH_EnableWriteProtection              0x08008437   Thumb Code   178  stm32f10x_flash.o(.text)
    FLASH_ReadOutProtection                  0x080084e9   Thumb Code   186  stm32f10x_flash.o(.text)
    FLASH_UserOptionByteConfig               0x080085a3   Thumb Code    92  stm32f10x_flash.o(.text)
    FLASH_GetUserOptionByte                  0x080085ff   Thumb Code     8  stm32f10x_flash.o(.text)
    FLASH_GetWriteProtectionOptionByte       0x08008607   Thumb Code     6  stm32f10x_flash.o(.text)
    FLASH_GetReadOutProtectionStatus         0x0800860d   Thumb Code    20  stm32f10x_flash.o(.text)
    FLASH_GetPrefetchBufferStatus            0x08008621   Thumb Code    20  stm32f10x_flash.o(.text)
    FLASH_ITConfig                           0x08008635   Thumb Code    26  stm32f10x_flash.o(.text)
    FLASH_GetFlagStatus                      0x0800864f   Thumb Code    42  stm32f10x_flash.o(.text)
    FLASH_ClearFlag                          0x08008679   Thumb Code     6  stm32f10x_flash.o(.text)
    GPIO_DeInit                              0x08008695   Thumb Code   172  stm32f10x_gpio.o(.text)
    GPIO_AFIODeInit                          0x08008741   Thumb Code    20  stm32f10x_gpio.o(.text)
    GPIO_Init                                0x08008755   Thumb Code   274  stm32f10x_gpio.o(.text)
    GPIO_StructInit                          0x08008867   Thumb Code    16  stm32f10x_gpio.o(.text)
    GPIO_ReadInputDataBit                    0x08008877   Thumb Code    18  stm32f10x_gpio.o(.text)
    GPIO_ReadInputData                       0x08008889   Thumb Code     8  stm32f10x_gpio.o(.text)
    GPIO_ReadOutputDataBit                   0x08008891   Thumb Code    18  stm32f10x_gpio.o(.text)
    GPIO_ReadOutputData                      0x080088a3   Thumb Code     8  stm32f10x_gpio.o(.text)
    GPIO_SetBits                             0x080088ab   Thumb Code     4  stm32f10x_gpio.o(.text)
    GPIO_ResetBits                           0x080088af   Thumb Code     4  stm32f10x_gpio.o(.text)
    GPIO_WriteBit                            0x080088b3   Thumb Code    10  stm32f10x_gpio.o(.text)
    GPIO_Write                               0x080088bd   Thumb Code     4  stm32f10x_gpio.o(.text)
    GPIO_PinLockConfig                       0x080088c1   Thumb Code    18  stm32f10x_gpio.o(.text)
    GPIO_EventOutputConfig                   0x080088d3   Thumb Code    26  stm32f10x_gpio.o(.text)
    GPIO_EventOutputCmd                      0x080088ed   Thumb Code     6  stm32f10x_gpio.o(.text)
    GPIO_PinRemapConfig                      0x080088f3   Thumb Code   106  stm32f10x_gpio.o(.text)
    GPIO_EXTILineConfig                      0x0800895d   Thumb Code    66  stm32f10x_gpio.o(.text)
    GPIO_ETH_MediaInterfaceConfig            0x0800899f   Thumb Code     6  stm32f10x_gpio.o(.text)
    RCC_DeInit                               0x080089cd   Thumb Code    64  stm32f10x_rcc.o(.text)
    RCC_HSEConfig                            0x08008a0d   Thumb Code    70  stm32f10x_rcc.o(.text)
    RCC_GetFlagStatus                        0x08008a53   Thumb Code    56  stm32f10x_rcc.o(.text)
    RCC_WaitForHSEStartUp                    0x08008a8b   Thumb Code    48  stm32f10x_rcc.o(.text)
    RCC_AdjustHSICalibrationValue            0x08008abb   Thumb Code    20  stm32f10x_rcc.o(.text)
    RCC_HSICmd                               0x08008acf   Thumb Code     6  stm32f10x_rcc.o(.text)
    RCC_PLLConfig                            0x08008ad5   Thumb Code    24  stm32f10x_rcc.o(.text)
    RCC_PLLCmd                               0x08008aed   Thumb Code     6  stm32f10x_rcc.o(.text)
    RCC_SYSCLKConfig                         0x08008af3   Thumb Code    18  stm32f10x_rcc.o(.text)
    RCC_GetSYSCLKSource                      0x08008b05   Thumb Code    10  stm32f10x_rcc.o(.text)
    RCC_HCLKConfig                           0x08008b0f   Thumb Code    18  stm32f10x_rcc.o(.text)
    RCC_PCLK1Config                          0x08008b21   Thumb Code    18  stm32f10x_rcc.o(.text)
    RCC_PCLK2Config                          0x08008b33   Thumb Code    20  stm32f10x_rcc.o(.text)
    RCC_ITConfig                             0x08008b47   Thumb Code    30  stm32f10x_rcc.o(.text)
    RCC_USBCLKConfig                         0x08008b65   Thumb Code     6  stm32f10x_rcc.o(.text)
    RCC_ADCCLKConfig                         0x08008b6b   Thumb Code    18  stm32f10x_rcc.o(.text)
    RCC_LSEConfig                            0x08008b7d   Thumb Code    44  stm32f10x_rcc.o(.text)
    RCC_LSICmd                               0x08008ba9   Thumb Code     6  stm32f10x_rcc.o(.text)
    RCC_RTCCLKConfig                         0x08008baf   Thumb Code    12  stm32f10x_rcc.o(.text)
    RCC_RTCCLKCmd                            0x08008bbb   Thumb Code     6  stm32f10x_rcc.o(.text)
    RCC_GetClocksFreq                        0x08008bc1   Thumb Code   192  stm32f10x_rcc.o(.text)
    RCC_AHBPeriphClockCmd                    0x08008c81   Thumb Code    26  stm32f10x_rcc.o(.text)
    RCC_APB2PeriphClockCmd                   0x08008c9b   Thumb Code    26  stm32f10x_rcc.o(.text)
    RCC_APB1PeriphClockCmd                   0x08008cb5   Thumb Code    26  stm32f10x_rcc.o(.text)
    RCC_APB2PeriphResetCmd                   0x08008ccf   Thumb Code    26  stm32f10x_rcc.o(.text)
    RCC_APB1PeriphResetCmd                   0x08008ce9   Thumb Code    26  stm32f10x_rcc.o(.text)
    RCC_BackupResetCmd                       0x08008d03   Thumb Code     6  stm32f10x_rcc.o(.text)
    RCC_ClockSecuritySystemCmd               0x08008d09   Thumb Code     6  stm32f10x_rcc.o(.text)
    RCC_MCOConfig                            0x08008d0f   Thumb Code     6  stm32f10x_rcc.o(.text)
    RCC_ClearFlag                            0x08008d15   Thumb Code    14  stm32f10x_rcc.o(.text)
    RCC_GetITStatus                          0x08008d23   Thumb Code    20  stm32f10x_rcc.o(.text)
    RCC_ClearITPendingBit                    0x08008d37   Thumb Code     6  stm32f10x_rcc.o(.text)
    TIM_DeInit                               0x08008d71   Thumb Code   196  stm32f10x_tim.o(.text)
    TIM_TimeBaseInit                         0x08008e35   Thumb Code    50  stm32f10x_tim.o(.text)
    TIM_OC1Init                              0x08008e67   Thumb Code   110  stm32f10x_tim.o(.text)
    TIM_OC2Init                              0x08008ed5   Thumb Code   140  stm32f10x_tim.o(.text)
    TIM_OC3Init                              0x08008f61   Thumb Code   136  stm32f10x_tim.o(.text)
    TIM_OC4Init                              0x08008fe9   Thumb Code    98  stm32f10x_tim.o(.text)
    TIM_SetIC4Prescaler                      0x0800904b   Thumb Code    22  stm32f10x_tim.o(.text)
    TIM_SetIC3Prescaler                      0x080090a5   Thumb Code    18  stm32f10x_tim.o(.text)
    TIM_SetIC2Prescaler                      0x080090f7   Thumb Code    22  stm32f10x_tim.o(.text)
    TIM_SetIC1Prescaler                      0x08009151   Thumb Code    48  stm32f10x_tim.o(.text)
    TIM_ICInit                               0x080091b7   Thumb Code   110  stm32f10x_tim.o(.text)
    TIM_PWMIConfig                           0x08009225   Thumb Code   124  stm32f10x_tim.o(.text)
    TIM_BDTRConfig                           0x080092a1   Thumb Code    32  stm32f10x_tim.o(.text)
    TIM_TimeBaseStructInit                   0x080092c1   Thumb Code    18  stm32f10x_tim.o(.text)
    TIM_OCStructInit                         0x080092d3   Thumb Code    20  stm32f10x_tim.o(.text)
    TIM_ICStructInit                         0x080092e7   Thumb Code    18  stm32f10x_tim.o(.text)
    TIM_BDTRStructInit                       0x080092f9   Thumb Code    18  stm32f10x_tim.o(.text)
    TIM_Cmd                                  0x0800930b   Thumb Code    24  stm32f10x_tim.o(.text)
    TIM_CtrlPWMOutputs                       0x08009323   Thumb Code    30  stm32f10x_tim.o(.text)
    TIM_ITConfig                             0x08009341   Thumb Code    24  stm32f10x_tim.o(.text)
    TIM_GenerateEvent                        0x08009359   Thumb Code     4  stm32f10x_tim.o(.text)
    TIM_DMAConfig                            0x0800935d   Thumb Code    10  stm32f10x_tim.o(.text)
    TIM_DMACmd                               0x08009367   Thumb Code    24  stm32f10x_tim.o(.text)
    TIM_InternalClockConfig                  0x0800937f   Thumb Code    12  stm32f10x_tim.o(.text)
    TIM_SelectInputTrigger                   0x0800938b   Thumb Code    18  stm32f10x_tim.o(.text)
    TIM_ITRxExternalClockConfig              0x0800939d   Thumb Code    24  stm32f10x_tim.o(.text)
    TIM_TIxExternalClockConfig               0x080093b5   Thumb Code    62  stm32f10x_tim.o(.text)
    TIM_ETRConfig                            0x080093f3   Thumb Code    24  stm32f10x_tim.o(.text)
    TIM_ETRClockMode1Config                  0x0800940b   Thumb Code    54  stm32f10x_tim.o(.text)
    TIM_ETRClockMode2Config                  0x08009441   Thumb Code    32  stm32f10x_tim.o(.text)
    TIM_PrescalerConfig                      0x08009461   Thumb Code     6  stm32f10x_tim.o(.text)
    TIM_CounterModeConfig                    0x08009467   Thumb Code    18  stm32f10x_tim.o(.text)
    TIM_EncoderInterfaceConfig               0x08009479   Thumb Code    62  stm32f10x_tim.o(.text)
    TIM_ForcedOC1Config                      0x080094b7   Thumb Code    18  stm32f10x_tim.o(.text)
    TIM_ForcedOC2Config                      0x080094c9   Thumb Code    22  stm32f10x_tim.o(.text)
    TIM_ForcedOC3Config                      0x080094df   Thumb Code    18  stm32f10x_tim.o(.text)
    TIM_ForcedOC4Config                      0x080094f1   Thumb Code    22  stm32f10x_tim.o(.text)
    TIM_ARRPreloadConfig                     0x08009507   Thumb Code    24  stm32f10x_tim.o(.text)
    TIM_SelectCOM                            0x0800951f   Thumb Code    24  stm32f10x_tim.o(.text)
    TIM_SelectCCDMA                          0x08009537   Thumb Code    24  stm32f10x_tim.o(.text)
    TIM_CCPreloadControl                     0x0800954f   Thumb Code    24  stm32f10x_tim.o(.text)
    TIM_OC1PreloadConfig                     0x08009567   Thumb Code    18  stm32f10x_tim.o(.text)
    TIM_OC2PreloadConfig                     0x08009579   Thumb Code    22  stm32f10x_tim.o(.text)
    TIM_OC3PreloadConfig                     0x0800958f   Thumb Code    18  stm32f10x_tim.o(.text)
    TIM_OC4PreloadConfig                     0x080095a1   Thumb Code    22  stm32f10x_tim.o(.text)
    TIM_OC1FastConfig                        0x080095b7   Thumb Code    18  stm32f10x_tim.o(.text)
    TIM_OC2FastConfig                        0x080095c9   Thumb Code    22  stm32f10x_tim.o(.text)
    TIM_OC3FastConfig                        0x080095df   Thumb Code    18  stm32f10x_tim.o(.text)
    TIM_OC4FastConfig                        0x080095f1   Thumb Code    22  stm32f10x_tim.o(.text)
    TIM_ClearOC1Ref                          0x08009607   Thumb Code    18  stm32f10x_tim.o(.text)
    TIM_ClearOC2Ref                          0x08009619   Thumb Code    20  stm32f10x_tim.o(.text)
    TIM_ClearOC3Ref                          0x0800962d   Thumb Code    18  stm32f10x_tim.o(.text)
    TIM_ClearOC4Ref                          0x0800963f   Thumb Code    20  stm32f10x_tim.o(.text)
    TIM_OC1PolarityConfig                    0x08009653   Thumb Code    18  stm32f10x_tim.o(.text)
    TIM_OC1NPolarityConfig                   0x08009665   Thumb Code    18  stm32f10x_tim.o(.text)
    TIM_OC2PolarityConfig                    0x08009677   Thumb Code    22  stm32f10x_tim.o(.text)
    TIM_OC2NPolarityConfig                   0x0800968d   Thumb Code    22  stm32f10x_tim.o(.text)
    TIM_OC3PolarityConfig                    0x080096a3   Thumb Code    22  stm32f10x_tim.o(.text)
    TIM_OC3NPolarityConfig                   0x080096b9   Thumb Code    22  stm32f10x_tim.o(.text)
    TIM_OC4PolarityConfig                    0x080096cf   Thumb Code    22  stm32f10x_tim.o(.text)
    TIM_CCxCmd                               0x080096e5   Thumb Code    34  stm32f10x_tim.o(.text)
    TIM_CCxNCmd                              0x08009707   Thumb Code    34  stm32f10x_tim.o(.text)
    TIM_SelectOCxM                           0x08009729   Thumb Code    86  stm32f10x_tim.o(.text)
    TIM_UpdateDisableConfig                  0x0800977f   Thumb Code    24  stm32f10x_tim.o(.text)
    TIM_UpdateRequestConfig                  0x08009797   Thumb Code    24  stm32f10x_tim.o(.text)
    TIM_SelectHallSensor                     0x080097af   Thumb Code    24  stm32f10x_tim.o(.text)
    TIM_SelectOnePulseMode                   0x080097c7   Thumb Code    18  stm32f10x_tim.o(.text)
    TIM_SelectOutputTrigger                  0x080097d9   Thumb Code    18  stm32f10x_tim.o(.text)
    TIM_SelectSlaveMode                      0x080097eb   Thumb Code    18  stm32f10x_tim.o(.text)
    TIM_SelectMasterSlaveMode                0x080097fd   Thumb Code    18  stm32f10x_tim.o(.text)
    TIM_SetCounter                           0x0800980f   Thumb Code     4  stm32f10x_tim.o(.text)
    TIM_SetAutoreload                        0x08009813   Thumb Code     4  stm32f10x_tim.o(.text)
    TIM_SetCompare1                          0x08009817   Thumb Code     4  stm32f10x_tim.o(.text)
    TIM_SetCompare2                          0x0800981b   Thumb Code     4  stm32f10x_tim.o(.text)
    TIM_SetCompare3                          0x0800981f   Thumb Code     4  stm32f10x_tim.o(.text)
    TIM_SetCompare4                          0x08009823   Thumb Code     6  stm32f10x_tim.o(.text)
    TIM_SetClockDivision                     0x08009829   Thumb Code    14  stm32f10x_tim.o(.text)
    TIM_GetCapture1                          0x08009837   Thumb Code     6  stm32f10x_tim.o(.text)
    TIM_GetCapture2                          0x0800983d   Thumb Code     6  stm32f10x_tim.o(.text)
    TIM_GetCapture3                          0x08009843   Thumb Code     6  stm32f10x_tim.o(.text)
    TIM_GetCapture4                          0x08009849   Thumb Code     8  stm32f10x_tim.o(.text)
    TIM_GetCounter                           0x08009851   Thumb Code     6  stm32f10x_tim.o(.text)
    TIM_GetPrescaler                         0x08009857   Thumb Code     6  stm32f10x_tim.o(.text)
    TIM_GetFlagStatus                        0x0800985d   Thumb Code    18  stm32f10x_tim.o(.text)
    TIM_ClearFlag                            0x0800986f   Thumb Code     6  stm32f10x_tim.o(.text)
    TIM_GetITStatus                          0x08009875   Thumb Code    34  stm32f10x_tim.o(.text)
    TIM_ClearITPendingBit                    0x08009897   Thumb Code     6  stm32f10x_tim.o(.text)
    USART_DeInit                             0x0800989d   Thumb Code   134  stm32f10x_usart.o(.text)
    USART_Init                               0x08009923   Thumb Code   156  stm32f10x_usart.o(.text)
    USART_StructInit                         0x080099bf   Thumb Code    24  stm32f10x_usart.o(.text)
    USART_ClockInit                          0x080099d7   Thumb Code    34  stm32f10x_usart.o(.text)
    USART_ClockStructInit                    0x080099f9   Thumb Code    12  stm32f10x_usart.o(.text)
    USART_Cmd                                0x08009a05   Thumb Code    24  stm32f10x_usart.o(.text)
    USART_ITConfig                           0x08009a1d   Thumb Code    74  stm32f10x_usart.o(.text)
    USART_DMACmd                             0x08009a67   Thumb Code    24  stm32f10x_usart.o(.text)
    USART_SetAddress                         0x08009a7f   Thumb Code    18  stm32f10x_usart.o(.text)
    USART_WakeUpConfig                       0x08009a91   Thumb Code    18  stm32f10x_usart.o(.text)
    USART_ReceiverWakeUpCmd                  0x08009aa3   Thumb Code    24  stm32f10x_usart.o(.text)
    USART_LINBreakDetectLengthConfig         0x08009abb   Thumb Code    18  stm32f10x_usart.o(.text)
    USART_LINCmd                             0x08009acd   Thumb Code    24  stm32f10x_usart.o(.text)
    USART_SendData                           0x08009ae5   Thumb Code     8  stm32f10x_usart.o(.text)
    USART_ReceiveData                        0x08009aed   Thumb Code    10  stm32f10x_usart.o(.text)
    USART_SendBreak                          0x08009af7   Thumb Code    10  stm32f10x_usart.o(.text)
    USART_SetGuardTime                       0x08009b01   Thumb Code    16  stm32f10x_usart.o(.text)
    USART_SetPrescaler                       0x08009b11   Thumb Code    16  stm32f10x_usart.o(.text)
    USART_SmartCardCmd                       0x08009b21   Thumb Code    24  stm32f10x_usart.o(.text)
    USART_SmartCardNACKCmd                   0x08009b39   Thumb Code    24  stm32f10x_usart.o(.text)
    USART_HalfDuplexCmd                      0x08009b51   Thumb Code    24  stm32f10x_usart.o(.text)
    USART_IrDAConfig                         0x08009b69   Thumb Code    18  stm32f10x_usart.o(.text)
    USART_IrDACmd                            0x08009b7b   Thumb Code    24  stm32f10x_usart.o(.text)
    USART_GetFlagStatus                      0x08009b93   Thumb Code    26  stm32f10x_usart.o(.text)
    USART_ClearFlag                          0x08009bad   Thumb Code    18  stm32f10x_usart.o(.text)
    USART_GetITStatus                        0x08009bbf   Thumb Code    84  stm32f10x_usart.o(.text)
    USART_ClearITPendingBit                  0x08009c13   Thumb Code    30  stm32f10x_usart.o(.text)
    SystemInit                               0x08009d13   Thumb Code    70  system_stm32f10x.o(.text)
    Reset_Handler                            0x08009d69   Thumb Code     4  startup_stm32f10x_md_os.o(.text)
    ADC1_2_IRQHandler                        0x08009d7b   Thumb Code     0  startup_stm32f10x_md_os.o(.text)
    CAN1_RX1_IRQHandler                      0x08009d7b   Thumb Code     0  startup_stm32f10x_md_os.o(.text)
    CAN1_SCE_IRQHandler                      0x08009d7b   Thumb Code     0  startup_stm32f10x_md_os.o(.text)
    DMA1_Channel1_IRQHandler                 0x08009d7b   Thumb Code     0  startup_stm32f10x_md_os.o(.text)
    DMA1_Channel2_IRQHandler                 0x08009d7b   Thumb Code     0  startup_stm32f10x_md_os.o(.text)
    DMA1_Channel3_IRQHandler                 0x08009d7b   Thumb Code     0  startup_stm32f10x_md_os.o(.text)
    DMA1_Channel4_IRQHandler                 0x08009d7b   Thumb Code     0  startup_stm32f10x_md_os.o(.text)
    DMA1_Channel5_IRQHandler                 0x08009d7b   Thumb Code     0  startup_stm32f10x_md_os.o(.text)
    DMA1_Channel6_IRQHandler                 0x08009d7b   Thumb Code     0  startup_stm32f10x_md_os.o(.text)
    DMA1_Channel7_IRQHandler                 0x08009d7b   Thumb Code     0  startup_stm32f10x_md_os.o(.text)
    EXTI0_IRQHandler                         0x08009d7b   Thumb Code     0  startup_stm32f10x_md_os.o(.text)
    EXTI15_10_IRQHandler                     0x08009d7b   Thumb Code     0  startup_stm32f10x_md_os.o(.text)
    EXTI1_IRQHandler                         0x08009d7b   Thumb Code     0  startup_stm32f10x_md_os.o(.text)
    EXTI2_IRQHandler                         0x08009d7b   Thumb Code     0  startup_stm32f10x_md_os.o(.text)
    EXTI3_IRQHandler                         0x08009d7b   Thumb Code     0  startup_stm32f10x_md_os.o(.text)
    EXTI4_IRQHandler                         0x08009d7b   Thumb Code     0  startup_stm32f10x_md_os.o(.text)
    EXTI9_5_IRQHandler                       0x08009d7b   Thumb Code     0  startup_stm32f10x_md_os.o(.text)
    FLASH_IRQHandler                         0x08009d7b   Thumb Code     0  startup_stm32f10x_md_os.o(.text)
    I2C1_ER_IRQHandler                       0x08009d7b   Thumb Code     0  startup_stm32f10x_md_os.o(.text)
    I2C1_EV_IRQHandler                       0x08009d7b   Thumb Code     0  startup_stm32f10x_md_os.o(.text)
    I2C2_ER_IRQHandler                       0x08009d7b   Thumb Code     0  startup_stm32f10x_md_os.o(.text)
    I2C2_EV_IRQHandler                       0x08009d7b   Thumb Code     0  startup_stm32f10x_md_os.o(.text)
    PVD_IRQHandler                           0x08009d7b   Thumb Code     0  startup_stm32f10x_md_os.o(.text)
    RCC_IRQHandler                           0x08009d7b   Thumb Code     0  startup_stm32f10x_md_os.o(.text)
    RTCAlarm_IRQHandler                      0x08009d7b   Thumb Code     0  startup_stm32f10x_md_os.o(.text)
    RTC_IRQHandler                           0x08009d7b   Thumb Code     0  startup_stm32f10x_md_os.o(.text)
    SPI1_IRQHandler                          0x08009d7b   Thumb Code     0  startup_stm32f10x_md_os.o(.text)
    SPI2_IRQHandler                          0x08009d7b   Thumb Code     0  startup_stm32f10x_md_os.o(.text)
    TAMPER_IRQHandler                        0x08009d7b   Thumb Code     0  startup_stm32f10x_md_os.o(.text)
    TIM1_BRK_IRQHandler                      0x08009d7b   Thumb Code     0  startup_stm32f10x_md_os.o(.text)
    TIM1_TRG_COM_IRQHandler                  0x08009d7b   Thumb Code     0  startup_stm32f10x_md_os.o(.text)
    TIM1_UP_IRQHandler                       0x08009d7b   Thumb Code     0  startup_stm32f10x_md_os.o(.text)
    TIM2_IRQHandler                          0x08009d7b   Thumb Code     0  startup_stm32f10x_md_os.o(.text)
    TIM3_IRQHandler                          0x08009d7b   Thumb Code     0  startup_stm32f10x_md_os.o(.text)
    TIM4_IRQHandler                          0x08009d7b   Thumb Code     0  startup_stm32f10x_md_os.o(.text)
    USART2_IRQHandler                        0x08009d7b   Thumb Code     0  startup_stm32f10x_md_os.o(.text)
    USART3_IRQHandler                        0x08009d7b   Thumb Code     0  startup_stm32f10x_md_os.o(.text)
    USBWakeUp_IRQHandler                     0x08009d7b   Thumb Code     0  startup_stm32f10x_md_os.o(.text)
    USB_HP_CAN1_TX_IRQHandler                0x08009d7b   Thumb Code     0  startup_stm32f10x_md_os.o(.text)
    USB_LP_CAN1_RX0_IRQHandler               0x08009d7b   Thumb Code     0  startup_stm32f10x_md_os.o(.text)
    WWDG_IRQHandler                          0x08009d7b   Thumb Code     0  startup_stm32f10x_md_os.o(.text)
    __user_initial_stackheap                 0x08009d7d   Thumb Code     0  startup_stm32f10x_md_os.o(.text)
    BitStreamEncode                          0x08009d9d   Thumb Code    92  bitstream.o(.text)
    BitStreamDecode                          0x08009df9   Thumb Code    72  bitstream.o(.text)
    crypto_des3_set_key                      0x0800ad11   Thumb Code    50  crypto_des3.o(.text)
    crypto_des3_encrypt                      0x0800ad43   Thumb Code  1170  crypto_des3.o(.text)
    crypto_des3_decrypt                      0x0800b1d5   Thumb Code  1168  crypto_des3.o(.text)
    Caculate_CRC16                           0x0800b685   Thumb Code   106  uid_coun.o(.text)
    Caculate_120                             0x0800b6ef   Thumb Code    74  uid_coun.o(.text)
    Des3PeriKeyInit                          0x0800b741   Thumb Code    78  des3key.o(.text)
    __use_two_region_memory                  0x0800b795   Thumb Code     2  heapauxi.o(.text)
    __rt_heap_escrow$2region                 0x0800b797   Thumb Code     2  heapauxi.o(.text)
    __rt_heap_expand$2region                 0x0800b799   Thumb Code     2  heapauxi.o(.text)
    __user_setup_stackheap                   0x0800b79b   Thumb Code    74  sys_stackheap_outer.o(.text)
    exit                                     0x0800b7e5   Thumb Code    12  exit.o(.text)
    __user_libspace                          0x0800b7f1   Thumb Code     8  libspace.o(.text)
    __user_perproc_libspace                  0x0800b7f1   Thumb Code     0  libspace.o(.text)
    __user_perthread_libspace                0x0800b7f1   Thumb Code     0  libspace.o(.text)
    __rt_fp_status_addr                      0x0800b7f9   Thumb Code    12  rt_fp_status_addr_intlibspace.o(.text)
    _sys_exit                                0x0800b805   Thumb Code     8  sys_exit.o(.text)
    __I$use$semihosting                      0x0800b811   Thumb Code     0  use_no_semi.o(.text)
    __use_no_semihosting_swi                 0x0800b811   Thumb Code     2  use_no_semi.o(.text)
    _fp_init                                 0x0800b813   Thumb Code    14  fpinit.o(x$fpl$fpinit)
    __fplib_config_pureend_doubles           0x0800b81f   Thumb Code     0  fpinit.o(x$fpl$fpinit)
    MOTO_FlagCC                              0x0800b82c   Data           4  moto.o(.constdata)
    MOTO_CCR                                 0x0800b830   Data           8  moto.o(.constdata)
    MOTO_TaskPrio                            0x0800b838   Data           2  moto.o(.constdata)
    HDLED_TaskData                           0x0800bfd0   Data           2  hdled.o(.constdata)
    HDLED_TaskPrio                           0x0800bfd2   Data           2  hdled.o(.constdata)
    OSDebugEn                                0x0800bff8   Data           2  os_dbg.o(.constdata)
    OSEndiannessTest                         0x0800bffc   Data           4  os_dbg.o(.constdata)
    OSEventMax                               0x0800c000   Data           2  os_dbg.o(.constdata)
    OSEventNameSize                          0x0800c002   Data           2  os_dbg.o(.constdata)
    OSEventEn                                0x0800c004   Data           2  os_dbg.o(.constdata)
    OSEventSize                              0x0800c006   Data           2  os_dbg.o(.constdata)
    OSEventTblSize                           0x0800c008   Data           2  os_dbg.o(.constdata)
    OSFlagEn                                 0x0800c00a   Data           2  os_dbg.o(.constdata)
    OSFlagGrpSize                            0x0800c00c   Data           2  os_dbg.o(.constdata)
    OSFlagNodeSize                           0x0800c00e   Data           2  os_dbg.o(.constdata)
    OSFlagWidth                              0x0800c010   Data           2  os_dbg.o(.constdata)
    OSFlagMax                                0x0800c012   Data           2  os_dbg.o(.constdata)
    OSFlagNameSize                           0x0800c014   Data           2  os_dbg.o(.constdata)
    OSLowestPrio                             0x0800c016   Data           2  os_dbg.o(.constdata)
    OSMboxEn                                 0x0800c018   Data           2  os_dbg.o(.constdata)
    OSMemEn                                  0x0800c01a   Data           2  os_dbg.o(.constdata)
    OSMemMax                                 0x0800c01c   Data           2  os_dbg.o(.constdata)
    OSMemNameSize                            0x0800c01e   Data           2  os_dbg.o(.constdata)
    OSMemSize                                0x0800c020   Data           2  os_dbg.o(.constdata)
    OSMemTblSize                             0x0800c022   Data           2  os_dbg.o(.constdata)
    OSMutexEn                                0x0800c024   Data           2  os_dbg.o(.constdata)
    OSPtrSize                                0x0800c026   Data           2  os_dbg.o(.constdata)
    OSQEn                                    0x0800c028   Data           2  os_dbg.o(.constdata)
    OSQMax                                   0x0800c02a   Data           2  os_dbg.o(.constdata)
    OSQSize                                  0x0800c02c   Data           2  os_dbg.o(.constdata)
    OSRdyTblSize                             0x0800c02e   Data           2  os_dbg.o(.constdata)
    OSSemEn                                  0x0800c030   Data           2  os_dbg.o(.constdata)
    OSStkWidth                               0x0800c032   Data           2  os_dbg.o(.constdata)
    OSTaskCreateEn                           0x0800c034   Data           2  os_dbg.o(.constdata)
    OSTaskCreateExtEn                        0x0800c036   Data           2  os_dbg.o(.constdata)
    OSTaskDelEn                              0x0800c038   Data           2  os_dbg.o(.constdata)
    OSTaskIdleStkSize                        0x0800c03a   Data           2  os_dbg.o(.constdata)
    OSTaskProfileEn                          0x0800c03c   Data           2  os_dbg.o(.constdata)
    OSTaskMax                                0x0800c03e   Data           2  os_dbg.o(.constdata)
    OSTaskNameSize                           0x0800c040   Data           2  os_dbg.o(.constdata)
    OSTaskStatEn                             0x0800c042   Data           2  os_dbg.o(.constdata)
    OSTaskStatStkSize                        0x0800c044   Data           2  os_dbg.o(.constdata)
    OSTaskStatStkChkEn                       0x0800c046   Data           2  os_dbg.o(.constdata)
    OSTaskSwHookEn                           0x0800c048   Data           2  os_dbg.o(.constdata)
    OSTCBPrioTblMax                          0x0800c04a   Data           2  os_dbg.o(.constdata)
    OSTCBSize                                0x0800c04c   Data           2  os_dbg.o(.constdata)
    OSTicksPerSec                            0x0800c04e   Data           2  os_dbg.o(.constdata)
    OSTimeTickHookEn                         0x0800c050   Data           2  os_dbg.o(.constdata)
    OSVersionNbr                             0x0800c052   Data           2  os_dbg.o(.constdata)
    OSDataSize                               0x0800c054   Data           2  os_dbg.o(.constdata)
    OSUnMapTbl                               0x0800c056   Data         256  os_core.o(.constdata)
    SystemFrequency                          0x0800c158   Data           4  system_stm32f10x.o(.constdata)
    SystemFrequency_SysClk                   0x0800c15c   Data           4  system_stm32f10x.o(.constdata)
    SystemFrequency_AHBClk                   0x0800c160   Data           4  system_stm32f10x.o(.constdata)
    SystemFrequency_APB1Clk                  0x0800c164   Data           4  system_stm32f10x.o(.constdata)
    SystemFrequency_APB2Clk                  0x0800c168   Data           4  system_stm32f10x.o(.constdata)
    Region$$Table$$Base                      0x0800dc5c   Number         0  anon$$obj.o(Region$$Table)
    Region$$Table$$Limit                     0x0800dc7c   Number         0  anon$$obj.o(Region$$Table)
    ds3_key_len                              0x20000000   Data           1  app.o(.data)
    ID_ShunXu                                0x20000001   Data          12  app.o(.data)
    TreahHold_9511                           0x2000000d   Data           1  app.o(.data)
    Secrit_For_LED                           0x2000000e   Data           1  app.o(.data)
    ID_Sta_9511                              0x2000000f   Data           1  app.o(.data)
    ds3_src_tmp                              0x20000010   Data           8  app.o(.data)
    Confirm_status                           0x20000018   Data           1  app.o(.data)
    Sec_Number                               0x2000001a   Data           2  app.o(.data)
    thir_status                              0x2000001c   Data           1  app.o(.data)
    Speed_pare                               0x2000001d   Data           5  app.o(.data)
    HeadUpDown_Status                        0x20000022   Data           2  app.o(.data)
    HeadUpDown                               0x20000024   Data           2  app.o(.data)
    UpHeadSpeed                              0x20000026   Data           1  app.o(.data)
    Tick_cnt                                 0x20000028   Data           4  app.o(.data)
    Get_Result                               0x2000002c   Data           4  app.o(.data)
    Main_Securit                             0x20000030   Data           4  app.o(.data)
    MOTO_CUT_IN_OVER_N                       0x20000050   Data           4  moto.o(.data)
    IN_TEN_MULTIPLE                          0x20000098   Data           1  in.o(.data)
    IN_BRK_LEVEL                             0x20000099   Data           1  in.o(.data)
    Tangkong_High                            0x200000bc   Data          10  com.o(.data)
    COM_9511IsTset                           0x200000d1   Data           1  com.o(.data)
    COM_9511TangkongDir                      0x200000db   Data           1  com.o(.data)
    COM_9511TangkongEnable                   0x200000dc   Data           2  com.o(.data)
    COM_9511TangkongPatch                    0x200000de   Data           2  com.o(.data)
    TK_Org                                   0x200000e2   Data           2  com.o(.data)
    COM_Tangkong_Pos_Last                    0x200000e4   Data           2  com.o(.data)
    Test_Status                              0x200000e6   Data           2  com.o(.data)
    COM_Tangkong_WorkCmd                     0x200000f0   Data           1  com.o(.data)
    ds3_src                                  0x200000f1   Data           8  com.o(.data)
    ds3_dst                                  0x200000f9   Data           8  com.o(.data)
    BSP_Is924                                0x20000122   Data           1  bsp.o(.data)
    BSP_DIP_TQ                               0x20000123   Data           1  bsp.o(.data)
    BSP_DIP_BDFunc                           0x20000124   Data           1  bsp.o(.data)
    BSP_DIP_9511Addr                         0x20000125   Data           1  bsp.o(.data)
    BSP_DIP_924Addr                          0x20000126   Data           1  bsp.o(.data)
    SECURITY_9511_STAT                       0x20000127   Data           1  bsp.o(.data)
    MAIN_SECURITY_STAT                       0x20000128   Data           1  bsp.o(.data)
    PRO_9511_ID                              0x20000129   Data           4  bsp.o(.data)
    MAIN_Sec_ID                              0x2000012d   Data           4  bsp.o(.data)
    BSP_DIP_SpdIsSlow                        0x20000131   Data           1  bsp.o(.data)
    BSP_DIP_RedIsSpkl                        0x20000132   Data           1  bsp.o(.data)
    OSCtxSwCtr                               0x20000138   Data           4  os_core.o(.data)
    OSEventFreeList                          0x2000013c   Data           4  os_core.o(.data)
    OSFlagFreeList                           0x20000140   Data           4  os_core.o(.data)
    OSCPUUsage                               0x20000144   Data           1  os_core.o(.data)
    OSIdleCtrMax                             0x20000148   Data           4  os_core.o(.data)
    OSIdleCtrRun                             0x2000014c   Data           4  os_core.o(.data)
    OSStatRdy                                0x20000150   Data           1  os_core.o(.data)
    OSIntNesting                             0x20000151   Data           1  os_core.o(.data)
    OSLockNesting                            0x20000152   Data           1  os_core.o(.data)
    OSPrioCur                                0x20000153   Data           1  os_core.o(.data)
    OSPrioHighRdy                            0x20000154   Data           1  os_core.o(.data)
    OSRdyGrp                                 0x20000155   Data           1  os_core.o(.data)
    OSRdyTbl                                 0x20000156   Data           4  os_core.o(.data)
    OSRunning                                0x2000015a   Data           1  os_core.o(.data)
    OSTaskCtr                                0x2000015b   Data           1  os_core.o(.data)
    OSIdleCtr                                0x2000015c   Data           4  os_core.o(.data)
    OSTCBCur                                 0x20000160   Data           4  os_core.o(.data)
    OSTCBFreeList                            0x20000164   Data           4  os_core.o(.data)
    OSTCBHighRdy                             0x20000168   Data           4  os_core.o(.data)
    OSTCBList                                0x2000016c   Data           4  os_core.o(.data)
    OSTickStepState                          0x20000170   Data           1  os_core.o(.data)
    OSMemFreeList                            0x20000174   Data           4  os_core.o(.data)
    OSQFreeList                              0x20000178   Data           4  os_core.o(.data)
    OSTime                                   0x2000017c   Data           4  os_core.o(.data)
    Fml_Constant                             0x20000194   Data           4  uid_coun.o(.data)
    C                                        0x20000198   Data           4  uid_coun.o(.data)
    Fml_CRC16                                0x2000019c   Data           2  uid_coun.o(.data)
    ds3_crypto_des3_ctx_t                    0x200005a0   Data         384  app.o(.bss)
    Key                                      0x20000720   Data          24  app.o(.bss)
    Get_D                                    0x20000738   Data          12  app.o(.bss)
    Stream_9511_To_Main                      0x20000744   Data          10  app.o(.bss)
    STM32_ID                                 0x200015e4   Data          12  bsp.o(.bss)
    OSEventTbl                               0x200016cc   Data         640  os_core.o(.bss)
    OSFlagTbl                                0x2000194c   Data         140  os_core.o(.bss)
    OSTaskStatStk                            0x200019d8   Data         512  os_core.o(.bss)
    OSTaskIdleStk                            0x20001bd8   Data         512  os_core.o(.bss)
    OSTCBPrioTbl                             0x20001dd8   Data         128  os_core.o(.bss)
    OSTCBTbl                                 0x20001e58   Data        2024  os_core.o(.bss)
    OSMemTbl                                 0x20002640   Data         180  os_core.o(.bss)
    OSQTbl                                   0x200026f4   Data          96  os_core.o(.bss)
    __libspace_start                         0x20002754   Data          96  libspace.o(.bss)
    __temporary_stack_top$libspace           0x200027b4   Data           0  libspace.o(.bss)



==============================================================================

Memory Map of the image

  Image Entry point : 0x080000ed

  Load Region LR_IROM1 (Base: 0x08000000, Size: 0x0000de1c, Max: 0x00010000, ABSOLUTE, COMPRESSED[0x0000dcec])

    Execution Region ER_IROM1 (Base: 0x08000000, Size: 0x0000dc7c, Max: 0x00010000, ABSOLUTE)

    Base Addr    Size         Type   Attr      Idx    E Section Name        Object

    0x08000000   0x000000ec   Data   RO          784    RESET               startup_stm32f10x_md_os.o
    0x080000ec   0x00000008   Code   RO          863  * !!!main             c_w.l(__main.o)(c_w.l)
    0x080000f4   0x00000034   Code   RO         1027    !!!scatter          c_w.l(__scatter.o)(c_w.l)
    0x08000128   0x0000005a   Code   RO         1025    !!dczerorl2         c_w.l(__dczerorl2.o)(c_w.l)
    0x08000182   0x00000002   PAD
    0x08000184   0x0000001c   Code   RO         1029    !!handler_zi        c_w.l(__scatter_zi.o)(c_w.l)
    0x080001a0   0x00000006   Code   RO          895    .ARM.Collect$$libinit$$00000000  c_w.l(libinit.o)(c_w.l)
    0x080001a6   0x00000000   Code   RO          903    .ARM.Collect$$libinit$$00000006  c_w.l(libinit2.o)(c_w.l)
    0x080001a6   0x00000000   Code   RO          905    .ARM.Collect$$libinit$$00000008  c_w.l(libinit2.o)(c_w.l)
    0x080001a6   0x00000000   Code   RO          907    .ARM.Collect$$libinit$$0000000A  c_w.l(libinit2.o)(c_w.l)
    0x080001a6   0x00000000   Code   RO          910    .ARM.Collect$$libinit$$0000000D  c_w.l(libinit2.o)(c_w.l)
    0x080001a6   0x00000000   Code   RO          912    .ARM.Collect$$libinit$$0000000F  c_w.l(libinit2.o)(c_w.l)
    0x080001a6   0x00000000   Code   RO          914    .ARM.Collect$$libinit$$00000011  c_w.l(libinit2.o)(c_w.l)
    0x080001a6   0x00000000   Code   RO          916    .ARM.Collect$$libinit$$00000013  c_w.l(libinit2.o)(c_w.l)
    0x080001a6   0x00000000   Code   RO          918    .ARM.Collect$$libinit$$00000015  c_w.l(libinit2.o)(c_w.l)
    0x080001a6   0x00000000   Code   RO          920    .ARM.Collect$$libinit$$00000017  c_w.l(libinit2.o)(c_w.l)
    0x080001a6   0x00000000   Code   RO          922    .ARM.Collect$$libinit$$00000019  c_w.l(libinit2.o)(c_w.l)
    0x080001a6   0x00000000   Code   RO          924    .ARM.Collect$$libinit$$0000001B  c_w.l(libinit2.o)(c_w.l)
    0x080001a6   0x00000000   Code   RO          926    .ARM.Collect$$libinit$$0000001D  c_w.l(libinit2.o)(c_w.l)
    0x080001a6   0x00000000   Code   RO          928    .ARM.Collect$$libinit$$0000001F  c_w.l(libinit2.o)(c_w.l)
    0x080001a6   0x00000000   Code   RO          930    .ARM.Collect$$libinit$$00000021  c_w.l(libinit2.o)(c_w.l)
    0x080001a6   0x00000000   Code   RO          934    .ARM.Collect$$libinit$$00000028  c_w.l(libinit2.o)(c_w.l)
    0x080001a6   0x00000000   Code   RO          936    .ARM.Collect$$libinit$$0000002A  c_w.l(libinit2.o)(c_w.l)
    0x080001a6   0x00000000   Code   RO          938    .ARM.Collect$$libinit$$0000002C  c_w.l(libinit2.o)(c_w.l)
    0x080001a6   0x00000000   Code   RO          940    .ARM.Collect$$libinit$$0000002E  c_w.l(libinit2.o)(c_w.l)
    0x080001a6   0x00000002   Code   RO          941    .ARM.Collect$$libinit$$0000002F  c_w.l(libinit2.o)(c_w.l)
    0x080001a8   0x00000002   Code   RO          967    .ARM.Collect$$libshutdown$$00000000  c_w.l(libshutdown.o)(c_w.l)
    0x080001aa   0x00000000   Code   RO          980    .ARM.Collect$$libshutdown$$00000003  c_w.l(libshutdown2.o)(c_w.l)
    0x080001aa   0x00000000   Code   RO          983    .ARM.Collect$$libshutdown$$00000006  c_w.l(libshutdown2.o)(c_w.l)
    0x080001aa   0x00000000   Code   RO          986    .ARM.Collect$$libshutdown$$00000009  c_w.l(libshutdown2.o)(c_w.l)
    0x080001aa   0x00000000   Code   RO          988    .ARM.Collect$$libshutdown$$0000000B  c_w.l(libshutdown2.o)(c_w.l)
    0x080001aa   0x00000000   Code   RO          991    .ARM.Collect$$libshutdown$$0000000E  c_w.l(libshutdown2.o)(c_w.l)
    0x080001aa   0x00000002   Code   RO          992    .ARM.Collect$$libshutdown$$0000000F  c_w.l(libshutdown2.o)(c_w.l)
    0x080001ac   0x00000000   Code   RO          865    .ARM.Collect$$rtentry$$00000000  c_w.l(rtentry.o)(c_w.l)
    0x080001ac   0x00000000   Code   RO          868    .ARM.Collect$$rtentry$$00000002  c_w.l(rtentry2.o)(c_w.l)
    0x080001ac   0x00000006   Code   RO          883    .ARM.Collect$$rtentry$$00000004  c_w.l(rtentry4.o)(c_w.l)
    0x080001b2   0x00000000   Code   RO          870    .ARM.Collect$$rtentry$$00000009  c_w.l(rtentry2.o)(c_w.l)
    0x080001b2   0x00000004   Code   RO          871    .ARM.Collect$$rtentry$$0000000A  c_w.l(rtentry2.o)(c_w.l)
    0x080001b6   0x00000000   Code   RO          873    .ARM.Collect$$rtentry$$0000000C  c_w.l(rtentry2.o)(c_w.l)
    0x080001b6   0x00000008   Code   RO          874    .ARM.Collect$$rtentry$$0000000D  c_w.l(rtentry2.o)(c_w.l)
    0x080001be   0x00000002   Code   RO          899    .ARM.Collect$$rtexit$$00000000  c_w.l(rtexit.o)(c_w.l)
    0x080001c0   0x00000000   Code   RO          945    .ARM.Collect$$rtexit$$00000002  c_w.l(rtexit2.o)(c_w.l)
    0x080001c0   0x00000004   Code   RO          946    .ARM.Collect$$rtexit$$00000003  c_w.l(rtexit2.o)(c_w.l)
    0x080001c4   0x00000006   Code   RO          947    .ARM.Collect$$rtexit$$00000004  c_w.l(rtexit2.o)(c_w.l)
    0x080001ca   0x00000002   PAD
    0x080001cc   0x00000260   Code   RO            1    .text               app.o
    0x0800042c   0x00000140   Code   RO          146    .text               stm32f10x_it.o
    0x0800056c   0x000001e8   Code   RO          161    .text               c491.o
    0x08000754   0x0000038c   Code   RO          179    .text               dbg.o
    0x08000ae0   0x00000e24   Code   RO          196    .text               moto.o
    0x08001904   0x000002b8   Code   RO          217    .text               in.o
    0x08001bbc   0x00001a6c   Code   RO          236    .text               com.o
    0x08003628   0x0000015c   Code   RO          260    .text               hdled.o
    0x08003784   0x00000df0   Code   RO          296    .text               bsp.o
    0x08004574   0x00000248   Code   RO          323    .text               io.o
    0x080047bc   0x000000a4   Code   RO          335    .text               os_cpu_a.o
    0x08004860   0x00000164   Code   RO          339    .text               os_cpu_c.o
    0x080049c4   0x00000114   Code   RO          361    .text               os_dbg.o
    0x08004ad8   0x00000d88   Code   RO          376    .text               os_core.o
    0x08005860   0x000008c4   Code   RO          396    .text               os_flag.o
    0x08006124   0x00000288   Code   RO          420    .text               os_mem.o
    0x080063ac   0x00000668   Code   RO          444    .text               os_q.o
    0x08006a14   0x00000410   Code   RO          456    .text               os_sem.o
    0x08006e24   0x0000088a   Code   RO          468    .text               os_task.o
    0x080076ae   0x00000002   PAD
    0x080076b0   0x000001f8   Code   RO          480    .text               os_time.o
    0x080078a8   0x000000f8   Code   RO          498    .text               misc.o
    0x080079a0   0x00000440   Code   RO          510    .text               stm32f10x_adc.o
    0x08007de0   0x00000240   Code   RO          582    .text               stm32f10x_dma.o
    0x08008020   0x0000013c   Code   RO          594    .text               stm32f10x_exti.o
    0x0800815c   0x00000538   Code   RO          606    .text               stm32f10x_flash.o
    0x08008694   0x00000338   Code   RO          630    .text               stm32f10x_gpio.o
    0x080089cc   0x000003a4   Code   RO          678    .text               stm32f10x_rcc.o
    0x08008d70   0x00000b2c   Code   RO          728    .text               stm32f10x_tim.o
    0x0800989c   0x000003a8   Code   RO          740    .text               stm32f10x_usart.o
    0x08009c44   0x00000124   Code   RO          764    .text               system_stm32f10x.o
    0x08009d68   0x00000034   Code   RO          785    .text               startup_stm32f10x_md_os.o
    0x08009d9c   0x000000a4   Code   RO          789    .text               bitstream.o
    0x08009e40   0x00001844   Code   RO          804    .text               crypto_des3.o
    0x0800b684   0x000000bc   Code   RO          824    .text               uid_coun.o
    0x0800b740   0x00000054   Code   RO          839    .text               des3key.o
    0x0800b794   0x00000006   Code   RO          861    .text               c_w.l(heapauxi.o)(c_w.l)
    0x0800b79a   0x0000004a   Code   RO          885    .text               c_w.l(sys_stackheap_outer.o)(c_w.l)
    0x0800b7e4   0x0000000c   Code   RO          887    .text               c_w.l(exit.o)(c_w.l)
    0x0800b7f0   0x00000008   Code   RO          896    .text               c_w.l(libspace.o)(c_w.l)
    0x0800b7f8   0x0000000c   Code   RO          955    .text               c_w.l(rt_fp_status_addr_intlibspace.o)(c_w.l)
    0x0800b804   0x0000000c   Code   RO          959    .text               c_w.l(sys_exit.o)(c_w.l)
    0x0800b810   0x00000002   Code   RO          970    .text               c_w.l(use_no_semi.o)(c_w.l)
    0x0800b812   0x0000000e   Code   RO          942    x$fpl$fpinit        fz_ws.l(fpinit.o)(fz_ws.l)
    0x0800b820   0x00000007   Data   RO            3    .constdata          app.o
    0x0800b827   0x00000003   Data   RO          180    .constdata          dbg.o
    0x0800b82a   0x00000002   PAD
    0x0800b82c   0x000001a4   Data   RO          198    .constdata          moto.o
    0x0800b9d0   0x00000600   Data   RO          238    .constdata          com.o
    0x0800bfd0   0x00000004   Data   RO          262    .constdata          hdled.o
    0x0800bfd4   0x00000021   Data   RO          298    .constdata          bsp.o
    0x0800bff5   0x00000003   PAD
    0x0800bff8   0x0000005e   Data   RO          362    .constdata          os_dbg.o
    0x0800c056   0x00000100   Data   RO          378    .constdata          os_core.o
    0x0800c156   0x00000002   PAD
    0x0800c158   0x00000014   Data   RO          765    .constdata          system_stm32f10x.o
    0x0800c16c   0x00001a00   Data   RO          805    .constdata          crypto_des3.o
    0x0800db6c   0x000000f0   Data   RO          840    .constdata          des3key.o
    0x0800dc5c   0x00000020   Data   RO         1023    Region$$Table       anon$$obj.o


    Execution Region RW_IRAM1 (Base: 0x20000000, Size: 0x00002db8, Max: 0x00005000, ABSOLUTE, COMPRESSED[0x00000070])

    Base Addr    Size         Type   Attr      Idx    E Section Name        Object

    0x20000000   0x00000034   Data   RW            4    .data               app.o
    0x20000034   0x0000001c   Data   RW          163    .data               c491.o
    0x20000050   0x00000045   Data   RW          199    .data               moto.o
    0x20000095   0x00000003   PAD
    0x20000098   0x00000022   Data   RW          219    .data               in.o
    0x200000ba   0x00000002   PAD
    0x200000bc   0x00000045   Data   RW          239    .data               com.o
    0x20000101   0x00000003   PAD
    0x20000104   0x00000014   Data   RW          263    .data               hdled.o
    0x20000118   0x00000020   Data   RW          299    .data               bsp.o
    0x20000138   0x00000048   Data   RW          379    .data               os_core.o
    0x20000180   0x00000014   Data   RW          679    .data               stm32f10x_rcc.o
    0x20000194   0x0000000a   Data   RW          825    .data               uid_coun.o
    0x2000019e   0x00000002   PAD
    0x200001a0   0x000005ae   Zero   RW            2    .bss                app.o
    0x2000074e   0x00000080   Zero   RW          162    .bss                c491.o
    0x200007ce   0x00000002   PAD
    0x200007d0   0x00000800   Zero   RW          197    .bss                moto.o
    0x20000fd0   0x00000200   Zero   RW          218    .bss                in.o
    0x200011d0   0x00000014   Zero   RW          237    .bss                com.o
    0x200011e4   0x00000400   Zero   RW          261    .bss                hdled.o
    0x200015e4   0x000000e6   Zero   RW          297    .bss                bsp.o
    0x200016ca   0x00000002   PAD
    0x200016cc   0x00001088   Zero   RW          377    .bss                os_core.o
    0x20002754   0x00000060   Zero   RW          897    .bss                c_w.l(libspace.o)(c_w.l)
    0x200027b4   0x00000004   PAD
    0x200027b8   0x00000200   Zero   RW          783    HEAP                startup_stm32f10x_md_os.o
    0x200029b8   0x00000400   Zero   RW          782    STACK               startup_stm32f10x_md_os.o


==============================================================================

Image component sizes


      Code (inc. data)   RO Data    RW Data    ZI Data      Debug   Object Name

       608        100          7         52       1454          0   app.o
       164          0          0          0          0          0   bitstream.o
      3568        302         33         32        230          0   bsp.o
       488         42          0         28        128          0   c491.o
      6764        478       1536         69         20          0   com.o
      6212        134       6656          0          0          0   crypto_des3.o
       908         22          3          0          0          0   dbg.o
        84          6        240          0          0          0   des3key.o
       348         36          4         20       1024          0   hdled.o
       696         58          0         34        512          0   in.o
       584         36          0          0          0          0   io.o
       248         30          0          0          0          0   misc.o
      3620        246        420         69       2048          0   moto.o
      3464        282        256         72       4232          0   os_core.o
       164         32          0          0          0          0   os_cpu_a.o
       356         16          0          0          0          0   os_cpu_c.o
       276        182         94          0          0          0   os_dbg.o
      2244         38          0          0          0          0   os_flag.o
       648         14          0          0          0          0   os_mem.o
      1640         28          0          0          0          0   os_q.o
      1040         18          0          0          0          0   os_sem.o
      2186         64          0          0          0          0   os_task.o
       504         24          0          0          0          0   os_time.o
        52         22        236          0       1536          0   startup_stm32f10x_md_os.o
      1088         36          0          0          0          0   stm32f10x_adc.o
       576         20          0          0          0          0   stm32f10x_dma.o
       316         28          0          0          0          0   stm32f10x_exti.o
      1336         52          0          0          0          0   stm32f10x_flash.o
       824         40          0          0          0          0   stm32f10x_gpio.o
       320          8          0          0          0          0   stm32f10x_it.o
       932         52          0         20          0          0   stm32f10x_rcc.o
      2860         30          0          0          0          0   stm32f10x_tim.o
       936         20          0          0          0          0   stm32f10x_usart.o
       292         16         20          0          0          0   system_stm32f10x.o
       188          8          0         10          0          0   uid_coun.o

    ----------------------------------------------------------------------
     46536       2520       9544        416      11188          0   Object Totals
         0          0         32          0          0          0   (incl. Generated)
         2          0          7         10          4          1   (incl. Padding)

    ----------------------------------------------------------------------

      Code (inc. data)   RO Data    RW Data    ZI Data      Debug   Library Member Name

        90          0          0          0          0          0   __dczerorl2.o
         8          0          0          0          0          0   __main.o
        52          8          0          0          0          0   __scatter.o
        28          0          0          0          0          0   __scatter_zi.o
        12          0          0          0          0          0   exit.o
         6          0          0          0          0          0   heapauxi.o
         6          0          0          0          0          0   libinit.o
         2          0          0          0          0          0   libinit2.o
         2          0          0          0          0          0   libshutdown.o
         2          0          0          0          0          0   libshutdown2.o
         8          4          0          0         96          0   libspace.o
        12          4          0          0          0          0   rt_fp_status_addr_intlibspace.o
         0          0          0          0          0          0   rtentry.o
        12          0          0          0          0          0   rtentry2.o
         6          0          0          0          0          0   rtentry4.o
         2          0          0          0          0          0   rtexit.o
        10          0          0          0          0          0   rtexit2.o
        12          4          0          0          0          0   sys_exit.o
        74          0          0          0          0          0   sys_stackheap_outer.o
         2          0          0          0          0          0   use_no_semi.o
        14          0          0          0          0          0   fpinit.o

    ----------------------------------------------------------------------
       364         20          0          0        100          0   Library Totals
         4          0          0          0          4          0   (incl. Padding)

    ----------------------------------------------------------------------

      Code (inc. data)   RO Data    RW Data    ZI Data      Debug   Library Name

       346         20          0          0         96        640   c_w.l
        14          0          0          0          0         76   fz_ws.l

    ----------------------------------------------------------------------
       364         20          0          0        100          0   Library Totals

    ----------------------------------------------------------------------

==============================================================================


      Code (inc. data)   RO Data    RW Data    ZI Data      Debug   

     46900       2540       9544        416      11288     531724   Grand Totals
     46900       2540       9544        112      11288     531724   ELF Image Totals (compressed)
     46900       2540       9544        112          0          0   ROM Totals

==============================================================================

    Total RO  Size (Code + RO Data)                56444 (  55.12kB)
    Total RW  Size (RW Data + ZI Data)             11704 (  11.43kB)
    Total ROM Size (Code + RO Data + RW Data)      56556 (  55.23kB)

==============================================================================

